Archive member included because of file (symbol)

C:\Users\monis\SimplicityStudio\v4_workspace\Monish_Sanika_Project_Server_2\platform\radio\rail_lib\autogen\librail_release\librail_efr32xg1_gcc_release.a(rail_pti.o)
                              ./pti.o (RAIL_ConfigPti)
C:\Users\monis\SimplicityStudio\v4_workspace\Monish_Sanika_Project_Server_2\platform\radio\rail_lib\autogen\librail_release\librail_efr32xg1_gcc_release.a(rail_rf_hal.o)
                              C:\Users\monis\SimplicityStudio\v4_workspace\Monish_Sanika_Project_Server_2\platform\radio\rail_lib\autogen\librail_release\librail_efr32xg1_gcc_release.a(rail_pti.o) (RFHAL_ConfigPti)
C:\Users\monis\SimplicityStudio\v4_workspace\Monish_Sanika_Project_Server_2\platform\radio\rail_lib\autogen\librail_release\librail_efr32xg1_gcc_release.a(rail_singleprotocol.o)
                              C:\Users\monis\SimplicityStudio\v4_workspace\Monish_Sanika_Project_Server_2\platform\radio\rail_lib\autogen\librail_release\librail_efr32xg1_gcc_release.a(rail_rf_hal.o) (RAIL_ActiveHandle)
C:\Users\monis\SimplicityStudio\v4_workspace\Monish_Sanika_Project_Server_2\platform\radio\rail_lib\autogen\librail_release\librail_efr32xg1_gcc_release.a(rail_rf.o)
                              C:\Users\monis\SimplicityStudio\v4_workspace\Monish_Sanika_Project_Server_2\platform\radio\rail_lib\autogen\librail_release\librail_efr32xg1_gcc_release.a(rail_singleprotocol.o) (RAILCore_Init)
C:\Users\monis\SimplicityStudio\v4_workspace\Monish_Sanika_Project_Server_2\platform\radio\rail_lib\autogen\librail_release\librail_efr32xg1_gcc_release.a(rail_rx.o)
                              C:\Users\monis\SimplicityStudio\v4_workspace\Monish_Sanika_Project_Server_2\platform\radio\rail_lib\autogen\librail_release\librail_efr32xg1_gcc_release.a(rail_rf_hal.o) (RAILCore_StartRx)
C:\Users\monis\SimplicityStudio\v4_workspace\Monish_Sanika_Project_Server_2\platform\radio\rail_lib\autogen\librail_release\librail_efr32xg1_gcc_release.a(rail_tx.o)
                              C:\Users\monis\SimplicityStudio\v4_workspace\Monish_Sanika_Project_Server_2\platform\radio\rail_lib\autogen\librail_release\librail_efr32xg1_gcc_release.a(rail_singleprotocol.o) (RAILCore_StartTx)
C:\Users\monis\SimplicityStudio\v4_workspace\Monish_Sanika_Project_Server_2\platform\radio\rail_lib\autogen\librail_release\librail_efr32xg1_gcc_release.a(rail_calibration.o)
                              C:\Users\monis\SimplicityStudio\v4_workspace\Monish_Sanika_Project_Server_2\platform\radio\rail_lib\autogen\librail_release\librail_efr32xg1_gcc_release.a(rail_rf_hal.o) (RAILInt_PendCal)
C:\Users\monis\SimplicityStudio\v4_workspace\Monish_Sanika_Project_Server_2\platform\radio\rail_lib\autogen\librail_release\librail_efr32xg1_gcc_release.a(rail_assert.o)
                              C:\Users\monis\SimplicityStudio\v4_workspace\Monish_Sanika_Project_Server_2\platform\radio\rail_lib\autogen\librail_release\librail_efr32xg1_gcc_release.a(rail_rf.o) (RAILInt_Assert)
C:\Users\monis\SimplicityStudio\v4_workspace\Monish_Sanika_Project_Server_2\platform\radio\rail_lib\autogen\librail_release\librail_efr32xg1_gcc_release.a(rail_rssi.o)
                              C:\Users\monis\SimplicityStudio\v4_workspace\Monish_Sanika_Project_Server_2\platform\radio\rail_lib\autogen\librail_release\librail_efr32xg1_gcc_release.a(rail_singleprotocol.o) (RAILCore_GetRssi)
C:\Users\monis\SimplicityStudio\v4_workspace\Monish_Sanika_Project_Server_2\platform\radio\rail_lib\autogen\librail_release\librail_efr32xg1_gcc_release.a(bufc.o)
                              C:\Users\monis\SimplicityStudio\v4_workspace\Monish_Sanika_Project_Server_2\platform\radio\rail_lib\autogen\librail_release\librail_efr32xg1_gcc_release.a(rail_rf_hal.o) (BUFC_SetTxBuffer)
C:\Users\monis\SimplicityStudio\v4_workspace\Monish_Sanika_Project_Server_2\platform\radio\rail_lib\autogen\librail_release\librail_efr32xg1_gcc_release.a(ir_cal.o)
                              C:\Users\monis\SimplicityStudio\v4_workspace\Monish_Sanika_Project_Server_2\platform\radio\rail_lib\autogen\librail_release\librail_efr32xg1_gcc_release.a(rail_rf_hal.o) (IRCAL_Set)
C:\Users\monis\SimplicityStudio\v4_workspace\Monish_Sanika_Project_Server_2\platform\radio\rail_lib\autogen\librail_release\librail_efr32xg1_gcc_release.a(pa.o)
                              C:\Users\monis\SimplicityStudio\v4_workspace\Monish_Sanika_Project_Server_2\platform\radio\rail_lib\autogen\librail_release\librail_efr32xg1_gcc_release.a(rail_rf_hal.o) (PA_GetTxPowerConfig)
C:\Users\monis\SimplicityStudio\v4_workspace\Monish_Sanika_Project_Server_2\platform\radio\rail_lib\autogen\librail_release\librail_efr32xg1_gcc_release.a(protimer.o)
                              C:\Users\monis\SimplicityStudio\v4_workspace\Monish_Sanika_Project_Server_2\platform\radio\rail_lib\autogen\librail_release\librail_efr32xg1_gcc_release.a(rail_rf_hal.o) (PROTIMER_Start)
[...]
Memory Configuration

Name             Origin             Length             Attributes
FLASH_BOOTLOADER 0x00000000         0x00004000         xr
FLASH            0x00004000         0x0003b000         xr
RAM              0x20000000         0x00007bfc         xrw
*default*        0x00000000         0xffffffff

Linker script and memory map

LOAD c:/siliconlabs/simplicitystudio/v4/developer/toolchains/gnu_arm/4.9_2015q3/bin/../lib/gcc/arm-none-eabi/4.9.3/armv7e-m/softfp/crti.o
LOAD c:/siliconlabs/simplicitystudio/v4/developer/toolchains/gnu_arm/4.9_2015q3/bin/../lib/gcc/arm-none-eabi/4.9.3/armv7e-m/softfp/crtbegin.o
LOAD c:/siliconlabs/simplicitystudio/v4/developer/toolchains/gnu_arm/4.9_2015q3/bin/../lib/gcc/arm-none-eabi/4.9.3/../../../../arm-none-eabi/lib/armv7e-m/softfp/crt0.o
START GROUP
LOAD ./application_properties.o
LOAD ./gatt_db.o
LOAD ./init_app.o
LOAD ./init_board.o
LOAD ./init_mcu.o
LOAD ./main.o
LOAD ./pti.o
LOAD ./hardware/kit/common/bsp/bsp_stk.o
LOAD ./hardware/kit/common/drivers/mx25flash_spi.o
LOAD ./lcd/bmp.o
LOAD ./lcd/display.o
LOAD ./lcd/displayls013b7dh03.o
LOAD ./lcd/displaypalemlib.o
LOAD ./lcd/dmd.o
LOAD ./lcd/glib.o
LOAD ./lcd/glib_bitmap.o
LOAD ./lcd/glib_circle.o
LOAD ./lcd/glib_font_narrow_6x8.o
LOAD ./lcd/glib_font_normal_8x8.o
LOAD ./lcd/glib_font_number_16x20.o
LOAD ./lcd/glib_line.o
LOAD ./lcd/glib_polygon.o
LOAD ./lcd/glib_rectangle.o
LOAD ./lcd/glib_string.o
LOAD ./lcd/graphics.o
LOAD ./lcd/retargettextdisplay.o
LOAD ./lcd/udelay.o
LOAD ./platform/Device/SiliconLabs/EFR32BG1B/Source/GCC/startup_efr32bg1b.o
LOAD ./platform/Device/SiliconLabs/EFR32BG1B/Source/system_efr32bg1b.o
LOAD ./platform/emdrv/sleep/src/sleep.o
LOAD ./platform/emdrv/tempdrv/src/tempdrv.o
LOAD ./platform/emlib/src/em_acmp.o
LOAD ./platform/emlib/src/em_adc.o
LOAD ./platform/emlib/src/em_aes.o
LOAD ./platform/emlib/src/em_assert.o
LOAD ./platform/emlib/src/em_burtc.o
LOAD ./platform/emlib/src/em_can.o
LOAD ./platform/emlib/src/em_cmu.o
LOAD ./platform/emlib/src/em_core.o
LOAD ./platform/emlib/src/em_cryotimer.o
LOAD ./platform/emlib/src/em_crypto.o
LOAD ./platform/emlib/src/em_csen.o
LOAD ./platform/emlib/src/em_dac.o
LOAD ./platform/emlib/src/em_dbg.o
LOAD ./platform/emlib/src/em_dma.o
LOAD ./platform/emlib/src/em_ebi.o
LOAD ./platform/emlib/src/em_emu.o
LOAD ./platform/emlib/src/em_gpcrc.o
LOAD ./platform/emlib/src/em_gpio.o
LOAD ./platform/emlib/src/em_i2c.o
LOAD ./platform/emlib/src/em_idac.o
LOAD ./platform/emlib/src/em_int.o
LOAD ./platform/emlib/src/em_lcd.o
LOAD ./platform/emlib/src/em_ldma.o
LOAD ./platform/emlib/src/em_lesense.o
LOAD ./platform/emlib/src/em_letimer.o
LOAD ./platform/emlib/src/em_leuart.o
LOAD ./platform/emlib/src/em_mpu.o
LOAD ./platform/emlib/src/em_msc.o
LOAD ./platform/emlib/src/em_opamp.o
LOAD ./platform/emlib/src/em_pcnt.o
LOAD ./platform/emlib/src/em_prs.o
LOAD ./platform/emlib/src/em_qspi.o
LOAD ./platform/emlib/src/em_rmu.o
LOAD ./platform/emlib/src/em_rtc.o
LOAD ./platform/emlib/src/em_rtcc.o
LOAD ./platform/emlib/src/em_system.o
LOAD ./platform/emlib/src/em_timer.o
LOAD ./platform/emlib/src/em_usart.o
LOAD ./platform/emlib/src/em_vcmp.o
LOAD ./platform/emlib/src/em_vdac.o
LOAD ./platform/emlib/src/em_wdog.o
LOAD ./src/black_box.o
LOAD ./src/chassis.o
LOAD ./src/cmu.o
LOAD ./src/gpio.o
LOAD ./src/letimer.o
LOAD ./src/lux.o
LOAD ./src/persistent_memory.o
LOAD C:\Users\monis\SimplicityStudio\v4_workspace\Monish_Sanika_Project_Server_2\protocol\bluetooth_2.7\lib\EFR32BG1B\GCC\libmbedtls.a
LOAD C:\Users\monis\SimplicityStudio\v4_workspace\Monish_Sanika_Project_Server_2\platform\radio\rail_lib\autogen\librail_release\librail_efr32xg1_gcc_release.a
LOAD C:\Users\monis\SimplicityStudio\v4_workspace\Monish_Sanika_Project_Server_2\protocol\bluetooth_2.7\lib\EFR32BG1B\GCC\libbluetooth.a
LOAD C:\Users\monis\SimplicityStudio\v4_workspace\Monish_Sanika_Project_Server_2\protocol\bluetooth_2.7\lib\EFR32BG1B\GCC\binapploader.o
LOAD C:\Users\monis\SimplicityStudio\v4_workspace\Monish_Sanika_Project_Server_2\protocol\bluetooth_2.7\lib\EFR32BG1B\GCC\libpsstore.a
LOAD c:/siliconlabs/simplicitystudio/v4/developer/toolchains/gnu_arm/4.9_2015q3/bin/../lib/gcc/arm-none-eabi/4.9.3/../../../../arm-none-eabi/lib/armv7e-m/softfp\libm.a
END GROUP
START GROUP
LOAD c:/siliconlabs/simplicitystudio/v4/developer/toolchains/gnu_arm/4.9_2015q3/bin/../lib/gcc/arm-none-eabi/4.9.3/armv7e-m/softfp\libgcc.a
LOAD c:/siliconlabs/simplicitystudio/v4/developer/toolchains/gnu_arm/4.9_2015q3/bin/../lib/gcc/arm-none-eabi/4.9.3/../../../../arm-none-eabi/lib/armv7e-m/softfp\libc_nano.a
LOAD c:/siliconlabs/simplicitystudio/v4/developer/toolchains/gnu_arm/4.9_2015q3/bin/../lib/gcc/arm-none-eabi/4.9.3/../../../../arm-none-eabi/lib/armv7e-m/softfp\libnosys.a
END GROUP
START GROUP
LOAD c:/siliconlabs/simplicitystudio/v4/developer/toolchains/gnu_arm/4.9_2015q3/bin/../lib/gcc/arm-none-eabi/4.9.3/armv7e-m/softfp\libgcc.a
LOAD c:/siliconlabs/simplicitystudio/v4/developer/toolchains/gnu_arm/4.9_2015q3/bin/../lib/gcc/arm-none-eabi/4.9.3/../../../../arm-none-eabi/lib/armv7e-m/softfp\libg_nano.a
LOAD c:/siliconlabs/simplicitystudio/v4/developer/toolchains/gnu_arm/4.9_2015q3/bin/../lib/gcc/arm-none-eabi/4.9.3/../../../../arm-none-eabi/lib/armv7e-m/softfp\libc_nano.a
END GROUP
START GROUP
LOAD c:/siliconlabs/simplicitystudio/v4/developer/toolchains/gnu_arm/4.9_2015q3/bin/../lib/gcc/arm-none-eabi/4.9.3/armv7e-m/softfp\libgcc.a
LOAD c:/siliconlabs/simplicitystudio/v4/developer/toolchains/gnu_arm/4.9_2015q3/bin/../lib/gcc/arm-none-eabi/4.9.3/../../../../arm-none-eabi/lib/armv7e-m/softfp\libc_nano.a
END GROUP
LOAD c:/siliconlabs/simplicitystudio/v4/developer/toolchains/gnu_arm/4.9_2015q3/bin/../lib/gcc/arm-none-eabi/4.9.3/armv7e-m/softfp/crtend.o
LOAD c:/siliconlabs/simplicitystudio/v4/developer/toolchains/gnu_arm/4.9_2015q3/bin/../lib/gcc/arm-none-eabi/4.9.3/armv7e-m/softfp/crtn.o

.text_bootloader
                0x00000000        0x0
 *(.binbootloader*)
                0x00000000                . = ALIGN (0x4000)

.text_apploader
                0x00004000     0x8fc0
 *(.binapploader*)
 .binapploader  0x00004000     0x8fc0 C:\Users\monis\SimplicityStudio\v4_workspace\Monish_Sanika_Project_Server_2\protocol\bluetooth_2.7\lib\EFR32BG1B\GCC\binapploader.o

.text_signature
                0x0000cfc0       0x40
                0x0000d000                . = ALIGN (0x800)
 *fill*         0x0000cfc0       0x40 
                0x0000d000                __text_start__ = .

.text_application
                0x0000d000    0x20344
 *(.vectors)
 .vectors       0x0000d000       0xc8 ./platform/Device/SiliconLabs/EFR32BG1B/Source/GCC/startup_efr32bg1b.o
                0x0000d000                __Vectors
                0x0000d0c8                __Vectors_End = .
                0x000000c8                __Vectors_Size = (__Vectors_End - __Vectors)
                0x0000d0c8                __end__ = .
 *(.application_properties)
 .application_properties
                0x0000d0c8       0x38 ./application_properties.o
                0x0000d0c8                applicationProperties
 *(.gecko_configuration)
 *(.xo_configuration)
 *(.gatt_header)
 .gatt_header   0x0000d100       0x34 ./gatt_db.o
                0x0000d100                bg_gattdb_data
 *(.gatt_data)
 .gatt_data     0x0000d134      0x1d6 ./gatt_db.o
                0x0000d134                bg_gattdb_data_adv_uuid128_map
                0x0000d138                bg_gattdb_data_adv_uuid16_map
                0x0000d13c                bg_gattdb_data_attributes_dynamic_mapping_map
                0x0000d144                bg_gattdb_data_attributes_map
                0x0000d228                bg_gattdb_data_attribute_field_0
                0x0000d22c                bg_gattdb_data_attribute_field_1
                0x0000d234                bg_gattdb_data_attribute_field_2
                0x0000d23c                bg_gattdb_data_attribute_field_4
                0x0000d240                bg_gattdb_data_attribute_field_5
                0x0000d248                bg_gattdb_data_attribute_field_6
                0x0000d250                bg_gattdb_data_attribute_field_7
                0x0000d258                bg_gattdb_data_attribute_field_8
                0x0000d25c                bg_gattdb_data_attribute_field_9
                0x0000d260                bg_gattdb_data_attribute_field_10
                0x0000d268                bg_gattdb_data_attribute_field_11
                0x0000d278                bg_gattdb_data_attribute_field_12
                0x0000d280                bg_gattdb_data_attribute_field_13
                0x0000d28c                bg_gattdb_data_attribute_field_14
                0x0000d294                bg_gattdb_data_attribute_field_15
                0x0000d29c                bg_gattdb_data_attribute_field_16
                0x0000d2b0                bg_gattdb_data_attribute_field_17
                0x0000d2c8                bg_gattdb_data_attribute_field_18
                0x0000d2d0                bg_gattdb_data_uuidtable_128_map
                0x0000d2f0                bg_gattdb_data_uuidtable_16_map
 *(.text*)
 *fill*         0x0000d30a        0x2 
 .text          0x0000d30c       0x5c c:/siliconlabs/simplicitystudio/v4/developer/toolchains/gnu_arm/4.9_2015q3/bin/../lib/gcc/arm-none-eabi/4.9.3/armv7e-m/softfp/crtbegin.o
 .text          0x0000d368       0x74 c:/siliconlabs/simplicitystudio/v4/developer/toolchains/gnu_arm/4.9_2015q3/bin/../lib/gcc/arm-none-eabi/4.9.3/../../../../arm-none-eabi/lib/armv7e-m/softfp/crt0.o
                0x0000d368                _start
                0x0000d368                _mainCRTStartup
 .text.initBoard
                0x0000d3dc       0x48 ./init_board.o
                0x0000d3dc                initBoard
 .text.initMcu  0x0000d424      0x168 ./init_mcu.o
                0x0000d424                initMcu
 .text.startup.main
                0x0000d58c      0x3f8 ./main.o
                0x0000d58c                main
 .text.MX25_init
                0x0000d984       0xa4 ./hardware/kit/common/drivers/mx25flash_spi.o
                0x0000d984                MX25_init
 .text.MX25_DP  0x0000da28       0x5c ./hardware/kit/common/drivers/mx25flash_spi.o
                0x0000da28                MX25_DP
 .text.DISPLAY_Init
                0x0000da84       0x34 ./lcd/display.o
                0x0000da84                DISPLAY_Init
 .text.DISPLAY_DeviceGet
                0x0000dab8       0x5c ./lcd/display.o
                0x0000dab8                DISPLAY_DeviceGet
 .text.DISPLAY_DeviceRegister
                0x0000db14       0x64 ./lcd/display.o
                0x0000db14                DISPLAY_DeviceRegister
 .text.PixelMatrixAllocate
                0x0000db78       0x3c ./lcd/displayls013b7dh03.o
 .text.PixelMatrixFree
                0x0000dbb4        0x8 ./lcd/displayls013b7dh03.o
 .text.DriverRefresh
                0x0000dbbc       0x10 ./lcd/displayls013b7dh03.o
 .text.PixelMatrixClear
                0x0000dbcc       0x20 ./lcd/displayls013b7dh03.o
 .text.PixelMatrixDraw
                0x0000dbec       0x8c ./lcd/displayls013b7dh03.o
 .text.DisplayPolarityInverse
                0x0000dc78       0x10 ./lcd/displayls013b7dh03.o
 .text.DisplayEnable
                0x0000dc88       0x1c ./lcd/displayls013b7dh03.o
 .text.DISPLAY_Ls013b7dh03Init
                0x0000dca4       0xf4 ./lcd/displayls013b7dh03.o
                0x0000dca4                DISPLAY_Ls013b7dh03Init
 .text.PAL_SpiInit
                0x0000dd98       0x50 ./lcd/displaypalemlib.o
                0x0000dd98                PAL_SpiInit
 .text.PAL_SpiTransmit
                0x0000dde8       0x40 ./lcd/displaypalemlib.o
                0x0000dde8                PAL_SpiTransmit
 .text.PAL_TimerInit
                0x0000de28        0xc ./lcd/displaypalemlib.o
                0x0000de28                PAL_TimerInit
 .text.PAL_TimerMicroSecondsDelay
                0x0000de34        0xc ./lcd/displaypalemlib.o
                0x0000de34                PAL_TimerMicroSecondsDelay
 .text.PAL_TimerRepeat
                0x0000de40       0x18 ./lcd/displaypalemlib.o
                0x0000de40                PAL_TimerRepeat
 .text.PAL_GpioInit
                0x0000de58       0x14 ./lcd/displaypalemlib.o
                0x0000de58                PAL_GpioInit
 .text.PAL_GpioPinModeSet
                0x0000de6c       0x1c ./lcd/displaypalemlib.o
                0x0000de6c                PAL_GpioPinModeSet
 .text.PAL_GpioPinOutSet
                0x0000de88       0x1c ./lcd/displaypalemlib.o
                0x0000de88                PAL_GpioPinOutSet
 .text.PAL_GpioPinOutClear
                0x0000dea4       0x1c ./lcd/displaypalemlib.o
                0x0000dea4                PAL_GpioPinOutClear
 .text.PAL_GpioPinOutToggle
                0x0000dec0       0x1c ./lcd/displaypalemlib.o
                0x0000dec0                PAL_GpioPinOutToggle
 .text.DMD_writeColor.part.0
                0x0000dedc      0x18c ./lcd/dmd.o
 .text.DMD_getDisplayGeometry
                0x0000e068       0x1c ./lcd/dmd.o
                0x0000e068                DMD_getDisplayGeometry
 .text.DMD_setClippingArea
                0x0000e084       0x44 ./lcd/dmd.o
                0x0000e084                DMD_setClippingArea
 .text.DMD_writeColor
                0x0000e0c8       0x20 ./lcd/dmd.o
                0x0000e0c8                DMD_writeColor
 .text.DMD_allocateFramebuffer
                0x0000e0e8       0x38 ./lcd/dmd.o
                0x0000e0e8                DMD_allocateFramebuffer
 .text.DMD_init
                0x0000e120       0x78 ./lcd/dmd.o
                0x0000e120                DMD_init
 .text.DMD_updateDisplay
                0x0000e198       0xc8 ./lcd/dmd.o
                0x0000e198                DMD_updateDisplay
 .text.GLIB_applyClippingRegion.part.1
                0x0000e260       0x1c ./lcd/glib.o
 .text.GLIB_setClippingRegion.part.2
                0x0000e27c       0x48 ./lcd/glib.o
 .text.GLIB_contextInit
                0x0000e2c4       0x58 ./lcd/glib.o
                0x0000e2c4                GLIB_contextInit
 .text.GLIB_clear
                0x0000e31c       0x48 ./lcd/glib.o
                0x0000e31c                GLIB_clear
 .text.GLIB_drawPixel
                0x0000e364       0x40 ./lcd/glib.o
                0x0000e364                GLIB_drawPixel
 .text.GLIB_drawPixelColor
                0x0000e3a4       0x3c ./lcd/glib.o
                0x0000e3a4                GLIB_drawPixelColor
 .text.GLIB_rectContainsPoint
                0x0000e3e0       0x24 ./lcd/glib_rectangle.o
                0x0000e3e0                GLIB_rectContainsPoint
 .text.GLIB_drawChar.part.0
                0x0000e404      0x164 ./lcd/glib_string.o
 .text.GLIB_drawString
                0x0000e568       0x90 ./lcd/glib_string.o
                0x0000e568                GLIB_drawString
 .text.GLIB_setFont
                0x0000e5f8       0x30 ./lcd/glib_string.o
                0x0000e5f8                GLIB_setFont
 .text.GRAPHICS_Init
                0x0000e628       0x3c ./lcd/graphics.o
                0x0000e628                GRAPHICS_Init
 .text.GRAPHICS_Update
                0x0000e664        0x4 ./lcd/graphics.o
                0x0000e664                GRAPHICS_Update
 .text.GRAPHICS_Clear
                0x0000e668       0x24 ./lcd/graphics.o
                0x0000e668                GRAPHICS_Clear
 .text.GRAPHICS_AppendString
                0x0000e68c       0x44 ./lcd/graphics.o
                0x0000e68c                GRAPHICS_AppendString
 .text.rtcIntCallbackRegister
                0x0000e6d0        0x4 ./lcd/graphics.o
                0x0000e6d0                rtcIntCallbackRegister
 .text.UDELAY_Calibrate
                0x0000e6d4      0x1c0 ./lcd/udelay.o
                0x0000e6d4                UDELAY_Calibrate
 .text.UDELAY_Delay
                0x0000e894       0x28 ./lcd/udelay.o
                0x0000e894                UDELAY_Delay
 .text.Default_Handler
                0x0000e8bc        0x4 ./platform/Device/SiliconLabs/EFR32BG1B/Source/GCC/startup_efr32bg1b.o
                0x0000e8bc                DebugMon_Handler
                0x0000e8bc                USART0_TX_IRQHandler
                0x0000e8bc                I2C0_IRQHandler
                0x0000e8bc                HardFault_Handler
                0x0000e8bc                SysTick_Handler
                0x0000e8bc                USART1_RX_IRQHandler
                0x0000e8bc                PendSV_Handler
                0x0000e8bc                NMI_Handler
                0x0000e8bc                WDOG0_IRQHandler
                0x0000e8bc                USART1_TX_IRQHandler
                0x0000e8bc                MSC_IRQHandler
                0x0000e8bc                ADC0_IRQHandler
                0x0000e8bc                UsageFault_Handler
                0x0000e8bc                LEUART0_IRQHandler
                0x0000e8bc                FPUEH_IRQHandler
                0x0000e8bc                GPIO_EVEN_IRQHandler
                0x0000e8bc                LDMA_IRQHandler
                0x0000e8bc                TIMER0_IRQHandler
                0x0000e8bc                TIMER1_IRQHandler
                0x0000e8bc                Default_Handler
                0x0000e8bc                CRYOTIMER_IRQHandler
                0x0000e8bc                PCNT0_IRQHandler
                0x0000e8bc                ACMP0_IRQHandler
                0x0000e8bc                USART0_RX_IRQHandler
                0x0000e8bc                MemManage_Handler
                0x0000e8bc                SVC_Handler
                0x0000e8bc                RTCC_IRQHandler
                0x0000e8bc                CRYPTO_IRQHandler
                0x0000e8bc                CMU_IRQHandler
                0x0000e8bc                GPIO_ODD_IRQHandler
                0x0000e8bc                BusFault_Handler
                0x0000e8bc                IDAC0_IRQHandler
 .text.Reset_Handler
                0x0000e8c0       0x38 ./platform/Device/SiliconLabs/EFR32BG1B/Source/GCC/startup_efr32bg1b.o
                0x0000e8c0                Reset_Handler
 .text.SystemMaxCoreClockGet
                0x0000e8f8        0x8 ./platform/Device/SiliconLabs/EFR32BG1B/Source/system_efr32bg1b.o
                0x0000e8f8                SystemMaxCoreClockGet
 .text.SystemHFClockGet
                0x0000e900       0x50 ./platform/Device/SiliconLabs/EFR32BG1B/Source/system_efr32bg1b.o
                0x0000e900                SystemHFClockGet
 .text.SystemCoreClockGet
                0x0000e950       0x24 ./platform/Device/SiliconLabs/EFR32BG1B/Source/system_efr32bg1b.o
                0x0000e950                SystemCoreClockGet
 .text.SystemHFXOClockGet
                0x0000e974        0xc ./platform/Device/SiliconLabs/EFR32BG1B/Source/system_efr32bg1b.o
                0x0000e974                SystemHFXOClockGet
 .text.SystemHFXOClockSet
                0x0000e980       0x20 ./platform/Device/SiliconLabs/EFR32BG1B/Source/system_efr32bg1b.o
                0x0000e980                SystemHFXOClockSet
 .text.SystemInit
                0x0000e9a0       0x4c ./platform/Device/SiliconLabs/EFR32BG1B/Source/system_efr32bg1b.o
                0x0000e9a0                SystemInit
 .text.SystemLFRCOClockGet
                0x0000e9ec        0x8 ./platform/Device/SiliconLabs/EFR32BG1B/Source/system_efr32bg1b.o
                0x0000e9ec                SystemLFRCOClockGet
 .text.SystemULFRCOClockGet
                0x0000e9f4        0x8 ./platform/Device/SiliconLabs/EFR32BG1B/Source/system_efr32bg1b.o
                0x0000e9f4                SystemULFRCOClockGet
 .text.SystemLFXOClockGet
                0x0000e9fc        0xc ./platform/Device/SiliconLabs/EFR32BG1B/Source/system_efr32bg1b.o
                0x0000e9fc                SystemLFXOClockGet
 .text.SystemLFXOClockSet
                0x0000ea08       0x20 ./platform/Device/SiliconLabs/EFR32BG1B/Source/system_efr32bg1b.o
                0x0000ea08                SystemLFXOClockSet
 .text.sleepCallbackWrapper
                0x0000ea28       0x14 ./platform/emdrv/sleep/src/sleep.o
 .text.enterEMx
                0x0000ea3c       0x70 ./platform/emdrv/sleep/src/sleep.o
 .text.SLEEP_Init
                0x0000eaac       0x44 ./platform/emdrv/sleep/src/sleep.o
                0x0000eaac                SLEEP_Init
 .text.SLEEP_Sleep
                0x0000eaf0       0x70 ./platform/emdrv/sleep/src/sleep.o
                0x0000eaf0                SLEEP_Sleep
 .text.SLEEP_SleepBlockBegin
                0x0000eb60       0x28 ./platform/emdrv/sleep/src/sleep.o
                0x0000eb60                SLEEP_SleepBlockBegin
 .text.SLEEP_SleepBlockEnd
                0x0000eb88       0x2c ./platform/emdrv/sleep/src/sleep.o
                0x0000eb88                SLEEP_SleepBlockEnd
 .text.SLEEP_LowestEnergyModeGet
                0x0000ebb4       0x1c ./platform/emdrv/sleep/src/sleep.o
                0x0000ebb4                SLEEP_LowestEnergyModeGet
 .text.updateInterrupts
                0x0000ebd0       0xe0 ./platform/emdrv/tempdrv/src/tempdrv.o
 .text.errataStateUpdate
                0x0000ecb0       0xbc ./platform/emdrv/tempdrv/src/tempdrv.o
 .text.errataCallback
                0x0000ed6c        0x4 ./platform/emdrv/tempdrv/src/tempdrv.o
 .text.TEMPDRV_IRQHandler
                0x0000ed70       0xd4 ./platform/emdrv/tempdrv/src/tempdrv.o
                0x0000ed70                TEMPDRV_IRQHandler
 .text.EMU_IRQHandler
                0x0000ee44        0x4 ./platform/emdrv/tempdrv/src/tempdrv.o
                0x0000ee44                EMU_IRQHandler
 .text.TEMPDRV_Init
                0x0000ee48      0x14c ./platform/emdrv/tempdrv/src/tempdrv.o
                0x0000ee48                TEMPDRV_Init
 .text.flashWaitStateControl.isra.0
                0x0000ef94       0x48 ./platform/emlib/src/em_cmu.o
 .text.CMU_OscillatorTuningSet.part.3
                0x0000efdc       0x3c ./platform/emlib/src/em_cmu.o
 .text.CMU_ClockEnable
                0x0000f018       0x8c ./platform/emlib/src/em_cmu.o
                0x0000f018                CMU_ClockEnable
 .text.CMU_ClockPrescGet
                0x0000f0a4       0x94 ./platform/emlib/src/em_cmu.o
                0x0000f0a4                CMU_ClockPrescGet
 .text.CMU_ClockDivGet
                0x0000f138        0xc ./platform/emlib/src/em_cmu.o
                0x0000f138                CMU_ClockDivGet
 .text.CMU_ClockSelectGet
                0x0000f144       0xc4 ./platform/emlib/src/em_cmu.o
                0x0000f144                CMU_ClockSelectGet
 .text.lfClkGet
                0x0000f208       0x94 ./platform/emlib/src/em_cmu.o
 .text.CMU_ClockFreqGet
                0x0000f29c      0x160 ./platform/emlib/src/em_cmu.o
                0x0000f29c                CMU_ClockFreqGet
 .text.CMU_ClockPrescSet
                0x0000f3fc      0x1ec ./platform/emlib/src/em_cmu.o
                0x0000f3fc                CMU_ClockPrescSet
 .text.CMU_ClockDivSet
                0x0000f5e8        0x8 ./platform/emlib/src/em_cmu.o
                0x0000f5e8                CMU_ClockDivSet
 .text.CMU_HFXOAutostartEnable
                0x0000f5f0       0x74 ./platform/emlib/src/em_cmu.o
                0x0000f5f0                CMU_HFXOAutostartEnable
 .text.CMU_OscillatorTuningWait
                0x0000f664       0x5c ./platform/emlib/src/em_cmu.o
                0x0000f664                CMU_OscillatorTuningWait
 .text.CMU_OscillatorEnable
                0x0000f6c0      0x110 ./platform/emlib/src/em_cmu.o
                0x0000f6c0                CMU_OscillatorEnable
 .text.CMU_ClockSelectSet
                0x0000f7d0      0x200 ./platform/emlib/src/em_cmu.o
                0x0000f7d0                CMU_ClockSelectSet
 .text.CMU_HFXOInit
                0x0000f9d0       0x88 ./platform/emlib/src/em_cmu.o
                0x0000f9d0                CMU_HFXOInit
 .text.CMU_LFXOInit
                0x0000fa58       0x40 ./platform/emlib/src/em_cmu.o
                0x0000fa58                CMU_LFXOInit
 .text.CORE_EnterCritical
                0x0000fa98        0x8 ./platform/emlib/src/em_core.o
                0x0000fa98                CORE_EnterCritical
 .text.CORE_ExitCritical
                0x0000faa0        0x8 ./platform/emlib/src/em_core.o
                0x0000faa0                CORE_ExitCritical
 .text.CORE_AtomicDisableIrq
                0x0000faa8        0x4 ./platform/emlib/src/em_core.o
                0x0000faa8                CORE_AtomicDisableIrq
 .text.CORE_AtomicEnableIrq
                0x0000faac        0x4 ./platform/emlib/src/em_core.o
                0x0000faac                CORE_AtomicEnableIrq
 .text.CORE_EnterAtomic
                0x0000fab0        0x8 ./platform/emlib/src/em_core.o
                0x0000fab0                CORE_EnterAtomic
 .text.CORE_ExitAtomic
                0x0000fab8        0x8 ./platform/emlib/src/em_core.o
                0x0000fab8                CORE_ExitAtomic
 .text.CORE_SetNvicRamTableHandler
                0x0000fac0       0x10 ./platform/emlib/src/em_core.o
                0x0000fac0                CORE_SetNvicRamTableHandler
 .text.CORE_InitNvicVectorTable
                0x0000fad0       0x48 ./platform/emlib/src/em_core.o
                0x0000fad0                CORE_InitNvicVectorTable
 .text.CRYPTO_ModulusSet
                0x0000fb18       0x38 ./platform/emlib/src/em_crypto.o
                0x0000fb18                CRYPTO_ModulusSet
 .text.CRYPTO_KeyRead
                0x0000fb50       0x2c ./platform/emlib/src/em_crypto.o
                0x0000fb50                CRYPTO_KeyRead
 .text.currentLimitersUpdate
                0x0000fb7c       0x74 ./platform/emlib/src/em_emu.o
 .text.dcdcHsFixLnBlock.part.0
                0x0000fbf0       0x30 ./platform/emlib/src/em_emu.o
 .text.dcdcFetCntSet.part.1
                0x0000fc20       0x20 ./platform/emlib/src/em_emu.o
 .text.emState.part.2
                0x0000fc40       0x24 ./platform/emlib/src/em_emu.o
 .text.emState  0x0000fc64       0x60 ./platform/emlib/src/em_emu.o
 .text.EMU_EnterEM2
                0x0000fcc4       0x5c ./platform/emlib/src/em_emu.o
                0x0000fcc4                EMU_EnterEM2
 .text.EMU_EnterEM3
                0x0000fd20       0x80 ./platform/emlib/src/em_emu.o
                0x0000fd20                EMU_EnterEM3
 .text.EMU_Save
                0x0000fda0        0x4 ./platform/emlib/src/em_emu.o
                0x0000fda0                EMU_Save
 .text.EMU_Restore
                0x0000fda4        0x8 ./platform/emlib/src/em_emu.o
                0x0000fda4                EMU_Restore
 .text.EMU_DCDCModeSet
                0x0000fdac       0x64 ./platform/emlib/src/em_emu.o
                0x0000fdac                EMU_DCDCModeSet
 .text.EMU_EnterEM4
                0x0000fe10       0x98 ./platform/emlib/src/em_emu.o
                0x0000fe10                EMU_EnterEM4
 .text.EMU_DCDCOutputVoltageSet
                0x0000fea8      0x1d0 ./platform/emlib/src/em_emu.o
                0x0000fea8                EMU_DCDCOutputVoltageSet
 .text.EMU_DCDCOptimizeSlice
                0x00010078       0x94 ./platform/emlib/src/em_emu.o
                0x00010078                EMU_DCDCOptimizeSlice
 .text.EMU_DCDCLnRcoBandSet
                0x0001010c       0x24 ./platform/emlib/src/em_emu.o
                0x0001010c                EMU_DCDCLnRcoBandSet
 .text.EMU_DCDCInit
                0x00010130      0x18c ./platform/emlib/src/em_emu.o
                0x00010130                EMU_DCDCInit
 .text.EMU_SetBiasMode
                0x000102bc       0x84 ./platform/emlib/src/em_emu.o
                0x000102bc                EMU_SetBiasMode
 .text.GPIO_DriveStrengthSet
                0x00010340       0x20 ./platform/emlib/src/em_gpio.o
                0x00010340                GPIO_DriveStrengthSet
 .text.GPIO_PinModeSet
                0x00010360       0x84 ./platform/emlib/src/em_gpio.o
                0x00010360                GPIO_PinModeSet
 .text.I2C_BusFreqSet.part.0
                0x000103e4       0x60 ./platform/emlib/src/em_i2c.o
 .text.I2C_Enable
                0x00010444        0xc ./platform/emlib/src/em_i2c.o
                0x00010444                I2C_Enable
 .text.I2C_Init
                0x00010450       0x3c ./platform/emlib/src/em_i2c.o
                0x00010450                I2C_Init
 .text.LETIMER_CompareSet
                0x0001048c       0x14 ./platform/emlib/src/em_letimer.o
                0x0001048c                LETIMER_CompareSet
 .text.LETIMER_Enable
                0x000104a0       0x10 ./platform/emlib/src/em_letimer.o
                0x000104a0                LETIMER_Enable
 .text.LETIMER_Init
                0x000104b0       0x60 ./platform/emlib/src/em_letimer.o
                0x000104b0                LETIMER_Init
 .text.MSC_Init
                0x00010510       0x18 ./platform/emlib/src/em_msc.o
                0x00010510                MSC_Init
 .text.MSC_Deinit
                0x00010528       0x14 ./platform/emlib/src/em_msc.o
                0x00010528                MSC_Deinit
 .text.RMU_ResetCauseClear
                0x0001053c        0xc ./platform/emlib/src/em_rmu.o
                0x0001053c                RMU_ResetCauseClear
 .text.RMU_ResetCauseGet
                0x00010548       0x7c ./platform/emlib/src/em_rmu.o
                0x00010548                RMU_ResetCauseGet
 .text.RTCC_ChannelInit
                0x000105c4       0x3c ./platform/emlib/src/em_rtcc.o
                0x000105c4                RTCC_ChannelInit
 .text.RTCC_Enable
                0x00010600        0xc ./platform/emlib/src/em_rtcc.o
                0x00010600                RTCC_Enable
 .text.RTCC_Init
                0x0001060c       0x6c ./platform/emlib/src/em_rtcc.o
                0x0001060c                RTCC_Init
 .text.SYSTEM_ChipRevisionGet
                0x00010678       0x34 ./platform/emlib/src/em_system.o
                0x00010678                SYSTEM_ChipRevisionGet
 .text.USART_BaudrateSyncSet
                0x000106ac       0x24 ./platform/emlib/src/em_usart.o
                0x000106ac                USART_BaudrateSyncSet
 .text.USART_InitSync
                0x000106d0       0xc8 ./platform/emlib/src/em_usart.o
                0x000106d0                USART_InitSync
 .text.USART_Reset
                0x00010798       0x4c ./platform/emlib/src/em_usart.o
                0x00010798                USART_Reset
 .text.USART_SpiTransfer
                0x000107e4       0x14 ./platform/emlib/src/em_usart.o
                0x000107e4                USART_SpiTransfer
 .text.USART_Tx
                0x000107f8        0xc ./platform/emlib/src/em_usart.o
                0x000107f8                USART_Tx
 .text.USART_TxDouble
                0x00010804        0xc ./platform/emlib/src/em_usart.o
                0x00010804                USART_TxDouble
 .text.cmu_init
                0x00010810       0x20 ./src/cmu.o
                0x00010810                cmu_init
 .text.cmu_letimer_init
                0x00010830       0x4c ./src/cmu.o
                0x00010830                cmu_letimer_init
 .text.cmu_i2c_init
                0x0001087c       0x20 ./src/cmu.o
                0x0001087c                cmu_i2c_init
 .text.gpio_init
                0x0001089c       0x48 ./src/gpio.o
                0x0001089c                gpio_init
 .text.letimer_init
                0x000108e4       0x70 ./src/letimer.o
                0x000108e4                letimer_init
 .text.LETIMER0_IRQHandler
                0x00010954       0x70 ./src/letimer.o
                0x00010954                LETIMER0_IRQHandler
 .text.i2c_init
                0x000109c4       0xa4 ./src/lux.o
                0x000109c4                i2c_init
 .text.lux_init
                0x00010a68       0x4c ./src/lux.o
                0x00010a68                lux_init
 .text.read_channel
                0x00010ab4       0x58 ./src/lux.o
                0x00010ab4                read_channel
 .text.lux_read
                0x00010b0c       0xa8 ./src/lux.o
                0x00010b0c                lux_read
 .text.lux_test
                0x00010bb4       0x54 ./src/lux.o
                0x00010bb4                lux_test
 .text.print_number
                0x00010c08       0x18 ./src/persistent_memory.o
                0x00010c08                print_number
 .text.persistent_memory_load
                0x00010c20       0x64 ./src/persistent_memory.o
                0x00010c20                persistent_memory_load
 .text.persistent_memory_save
                0x00010c84       0x6c ./src/persistent_memory.o
                0x00010c84                persistent_memory_save
 .text.eventDefault
                0x00010cf0        0x2 C:\Users\monis\SimplicityStudio\v4_workspace\Monish_Sanika_Project_Server_2\platform\radio\rail_lib\autogen\librail_release\librail_efr32xg1_gcc_release.a(rail_rf_hal.o)
 *fill*         0x00010cf2        0x2 
 .text.setRssiPeriod
                0x00010cf4       0x18 C:\Users\monis\SimplicityStudio\v4_workspace\Monish_Sanika_Project_Server_2\platform\radio\rail_lib\autogen\librail_release\librail_efr32xg1_gcc_release.a(rail_rf_hal.o)
 .text.RFHAL_NotifyUserOfIrCal
                0x00010d0c       0x80 C:\Users\monis\SimplicityStudio\v4_workspace\Monish_Sanika_Project_Server_2\platform\radio\rail_lib\autogen\librail_release\librail_efr32xg1_gcc_release.a(rail_rf_hal.o)
 *fill*         0x00010d8c        0x4 
 .text.GENERIC_PHY_EventCallback
                0x00010d90      0x19c C:\Users\monis\SimplicityStudio\v4_workspace\Monish_Sanika_Project_Server_2\platform\radio\rail_lib\autogen\librail_release\librail_efr32xg1_gcc_release.a(rail_rf_hal.o)
                0x00010d90                GENERIC_PHY_EventCallback
 .text.RFHAL_IntEnable
                0x00010f2c       0x56 C:\Users\monis\SimplicityStudio\v4_workspace\Monish_Sanika_Project_Server_2\platform\radio\rail_lib\autogen\librail_release\librail_efr32xg1_gcc_release.a(rail_rf_hal.o)
                0x00010f2c                RFHAL_IntEnable
 *fill*         0x00010f82        0x2 
 .text.RFHAL_SetEventCallback
                0x00010f84       0x18 C:\Users\monis\SimplicityStudio\v4_workspace\Monish_Sanika_Project_Server_2\platform\radio\rail_lib\autogen\librail_release\librail_efr32xg1_gcc_release.a(rail_rf_hal.o)
                0x00010f84                RFHAL_SetEventCallback
 .text.RFHAL_SetPtiProtocol
                0x00010f9c       0x20 C:\Users\monis\SimplicityStudio\v4_workspace\Monish_Sanika_Project_Server_2\platform\radio\rail_lib\autogen\librail_release\librail_efr32xg1_gcc_release.a(rail_rf_hal.o)
                0x00010f9c                RFHAL_SetPtiProtocol
 .text.RFHAL_Idle
                0x00010fbc       0x40 C:\Users\monis\SimplicityStudio\v4_workspace\Monish_Sanika_Project_Server_2\platform\radio\rail_lib\autogen\librail_release\librail_efr32xg1_gcc_release.a(rail_rf_hal.o)
                0x00010fbc                RFHAL_Idle
 .text.RFHAL_GetRadioState
                0x00010ffc       0x7c C:\Users\monis\SimplicityStudio\v4_workspace\Monish_Sanika_Project_Server_2\platform\radio\rail_lib\autogen\librail_release\librail_efr32xg1_gcc_release.a(rail_rf_hal.o)
                0x00010ffc                RFHAL_GetRadioState
 .text.RFHAL_OkToTransmit
                0x00011078       0x14 C:\Users\monis\SimplicityStudio\v4_workspace\Monish_Sanika_Project_Server_2\platform\radio\rail_lib\autogen\librail_release\librail_efr32xg1_gcc_release.a(rail_rf_hal.o)
                0x00011078                RFHAL_OkToTransmit
 .text.RFHAL_ScheduleRx
                0x0001108c       0x74 C:\Users\monis\SimplicityStudio\v4_workspace\Monish_Sanika_Project_Server_2\platform\radio\rail_lib\autogen\librail_release\librail_efr32xg1_gcc_release.a(rail_rf_hal.o)
                0x0001108c                RFHAL_ScheduleRx
 .text.RFHAL_EnableRxRawCapture
                0x00011100       0x5c C:\Users\monis\SimplicityStudio\v4_workspace\Monish_Sanika_Project_Server_2\platform\radio\rail_lib\autogen\librail_release\librail_efr32xg1_gcc_release.a(rail_rf_hal.o)
                0x00011100                RFHAL_EnableRxRawCapture
 .text.RFHAL_DisableRxRawCapture
                0x0001115c       0x38 C:\Users\monis\SimplicityStudio\v4_workspace\Monish_Sanika_Project_Server_2\platform\radio\rail_lib\autogen\librail_release\librail_efr32xg1_gcc_release.a(rail_rf_hal.o)
                0x0001115c                RFHAL_DisableRxRawCapture
 .text.RFHAL_AcceptCrcErrors
                0x00011194       0x18 C:\Users\monis\SimplicityStudio\v4_workspace\Monish_Sanika_Project_Server_2\platform\radio\rail_lib\autogen\librail_release\librail_efr32xg1_gcc_release.a(rail_rf_hal.o)
                0x00011194                RFHAL_AcceptCrcErrors
 .text.RFHAL_ConfigRxOptions
                0x000111ac       0x74 C:\Users\monis\SimplicityStudio\v4_workspace\Monish_Sanika_Project_Server_2\platform\radio\rail_lib\autogen\librail_release\librail_efr32xg1_gcc_release.a(rail_rf_hal.o)
                0x000111ac                RFHAL_ConfigRxOptions
 .text.RFHAL_CancelTimer
                0x00011220       0x28 C:\Users\monis\SimplicityStudio\v4_workspace\Monish_Sanika_Project_Server_2\platform\radio\rail_lib\autogen\librail_release\librail_efr32xg1_gcc_release.a(rail_rf_hal.o)
                0x00011220                RFHAL_CancelTimer
 .text.RFHAL_SetTimer
                0x00011248       0x80 C:\Users\monis\SimplicityStudio\v4_workspace\Monish_Sanika_Project_Server_2\platform\radio\rail_lib\autogen\librail_release\librail_efr32xg1_gcc_release.a(rail_rf_hal.o)
                0x00011248                RFHAL_SetTimer
 .text.RFHAL_SetTxTransitions
                0x000112c8       0x1c C:\Users\monis\SimplicityStudio\v4_workspace\Monish_Sanika_Project_Server_2\platform\radio\rail_lib\autogen\librail_release\librail_efr32xg1_gcc_release.a(rail_rf_hal.o)
                0x000112c8                RFHAL_SetTxTransitions
 .text.RFHAL_SetRxTransitions
                0x000112e4       0x1c C:\Users\monis\SimplicityStudio\v4_workspace\Monish_Sanika_Project_Server_2\platform\radio\rail_lib\autogen\librail_release\librail_efr32xg1_gcc_release.a(rail_rf_hal.o)
                0x000112e4                RFHAL_SetRxTransitions
 .text.RFHAL_SetCRCInitVal
                0x00011300        0x4 C:\Users\monis\SimplicityStudio\v4_workspace\Monish_Sanika_Project_Server_2\platform\radio\rail_lib\autogen\librail_release\librail_efr32xg1_gcc_release.a(rail_rf_hal.o)
                0x00011300                RFHAL_SetCRCInitVal
 .text.RFHAL_ConfigTxPower
                0x00011304        0xc C:\Users\monis\SimplicityStudio\v4_workspace\Monish_Sanika_Project_Server_2\platform\radio\rail_lib\autogen\librail_release\librail_efr32xg1_gcc_release.a(rail_rf_hal.o)
                0x00011304                RFHAL_ConfigTxPower
 .text.RFHAL_SetTxPowerUnchecked
                0x00011310       0x18 C:\Users\monis\SimplicityStudio\v4_workspace\Monish_Sanika_Project_Server_2\platform\radio\rail_lib\autogen\librail_release\librail_efr32xg1_gcc_release.a(rail_rf_hal.o)
                0x00011310                RFHAL_SetTxPowerUnchecked
 .text.RFHAL_SetTxPower
                0x00011328       0x3c C:\Users\monis\SimplicityStudio\v4_workspace\Monish_Sanika_Project_Server_2\platform\radio\rail_lib\autogen\librail_release\librail_efr32xg1_gcc_release.a(rail_rf_hal.o)
                0x00011328                RFHAL_SetTxPower
 .text.RFHAL_GetTxPowerConfig
                0x00011364        0xc C:\Users\monis\SimplicityStudio\v4_workspace\Monish_Sanika_Project_Server_2\platform\radio\rail_lib\autogen\librail_release\librail_efr32xg1_gcc_release.a(rail_rf_hal.o)
                0x00011364                RFHAL_GetTxPowerConfig
 .text.RFHAL_GetTxPower
                0x00011370        0x4 C:\Users\monis\SimplicityStudio\v4_workspace\Monish_Sanika_Project_Server_2\platform\radio\rail_lib\autogen\librail_release\librail_efr32xg1_gcc_release.a(rail_rf_hal.o)
                0x00011370                RFHAL_GetTxPower
 .text.RFHAL_SetChannel
                0x00011374       0x98 C:\Users\monis\SimplicityStudio\v4_workspace\Monish_Sanika_Project_Server_2\platform\radio\rail_lib\autogen\librail_release\librail_efr32xg1_gcc_release.a(rail_rf_hal.o)
                0x00011374                RFHAL_SetChannel
 .text.RFHAL_IsAutoAckEnabled
                0x0001140c        0x6 C:\Users\monis\SimplicityStudio\v4_workspace\Monish_Sanika_Project_Server_2\platform\radio\rail_lib\autogen\librail_release\librail_efr32xg1_gcc_release.a(rail_rf_hal.o)
                0x0001140c                RFHAL_IsAutoAckEnabled
 *fill*         0x00011412        0x2 
 .text.RFHAL_AutoAckWaitForAck
                0x00011414       0x18 C:\Users\monis\SimplicityStudio\v4_workspace\Monish_Sanika_Project_Server_2\platform\radio\rail_lib\autogen\librail_release\librail_efr32xg1_gcc_release.a(rail_rf_hal.o)
                0x00011414                RFHAL_AutoAckWaitForAck
 .text.preTxOps
                0x0001142c       0xc4 C:\Users\monis\SimplicityStudio\v4_workspace\Monish_Sanika_Project_Server_2\platform\radio\rail_lib\autogen\librail_release\librail_efr32xg1_gcc_release.a(rail_rf_hal.o)
 .text.RFHAL_StartTx
                0x000114f0       0x12 C:\Users\monis\SimplicityStudio\v4_workspace\Monish_Sanika_Project_Server_2\platform\radio\rail_lib\autogen\librail_release\librail_efr32xg1_gcc_release.a(rail_rf_hal.o)
                0x000114f0                RFHAL_StartTx
 .text.RFHAL_StartScheduledTx
                0x00011502       0x3a C:\Users\monis\SimplicityStudio\v4_workspace\Monish_Sanika_Project_Server_2\platform\radio\rail_lib\autogen\librail_release\librail_efr32xg1_gcc_release.a(rail_rf_hal.o)
                0x00011502                RFHAL_StartScheduledTx
 .text.RFHAL_GetRxPacketInfo
                0x0001153c       0x48 C:\Users\monis\SimplicityStudio\v4_workspace\Monish_Sanika_Project_Server_2\platform\radio\rail_lib\autogen\librail_release\librail_efr32xg1_gcc_release.a(rail_rf_hal.o)
                0x0001153c                RFHAL_GetRxPacketInfo
 .text.RFHAL_GetRxPacketDetails
                0x00011584       0xcc C:\Users\monis\SimplicityStudio\v4_workspace\Monish_Sanika_Project_Server_2\platform\radio\rail_lib\autogen\librail_release\librail_efr32xg1_gcc_release.a(rail_rf_hal.o)
                0x00011584                RFHAL_GetRxPacketDetails
 .text.RFHAL_SetTxBuffer
                0x00011650       0x3a C:\Users\monis\SimplicityStudio\v4_workspace\Monish_Sanika_Project_Server_2\platform\radio\rail_lib\autogen\librail_release\librail_efr32xg1_gcc_release.a(rail_rf_hal.o)
                0x00011650                RFHAL_SetTxBuffer
 *fill*         0x0001168a        0x2 
 .text.RFHAL_ResetTxFifo
                0x0001168c       0x2c C:\Users\monis\SimplicityStudio\v4_workspace\Monish_Sanika_Project_Server_2\platform\radio\rail_lib\autogen\librail_release\librail_efr32xg1_gcc_release.a(rail_rf_hal.o)
                0x0001168c                RFHAL_ResetTxFifo
 .text.RFHAL_WriteTxFifo
                0x000116b8       0x28 C:\Users\monis\SimplicityStudio\v4_workspace\Monish_Sanika_Project_Server_2\platform\radio\rail_lib\autogen\librail_release\librail_efr32xg1_gcc_release.a(rail_rf_hal.o)
                0x000116b8                RFHAL_WriteTxFifo
 .text.RFHAL_ResetRxFifo
                0x000116e0       0x40 C:\Users\monis\SimplicityStudio\v4_workspace\Monish_Sanika_Project_Server_2\platform\radio\rail_lib\autogen\librail_release\librail_efr32xg1_gcc_release.a(rail_rf_hal.o)
                0x000116e0                RFHAL_ResetRxFifo
 .text.RFHAL_ConfigData
                0x00011720       0x7c C:\Users\monis\SimplicityStudio\v4_workspace\Monish_Sanika_Project_Server_2\platform\radio\rail_lib\autogen\librail_release\librail_efr32xg1_gcc_release.a(rail_rf_hal.o)
                0x00011720                RFHAL_ConfigData
 .text.RFHAL_Init
                0x0001179c       0xa0 C:\Users\monis\SimplicityStudio\v4_workspace\Monish_Sanika_Project_Server_2\platform\radio\rail_lib\autogen\librail_release\librail_efr32xg1_gcc_release.a(rail_rf_hal.o)
                0x0001179c                RFHAL_Init
 .text.RFHAL_SetFixedLength
                0x0001183c       0x8c C:\Users\monis\SimplicityStudio\v4_workspace\Monish_Sanika_Project_Server_2\platform\radio\rail_lib\autogen\librail_release\librail_efr32xg1_gcc_release.a(rail_rf_hal.o)
                0x0001183c                RFHAL_SetFixedLength
 .text.RFHAL_SetAbortScheduledTxDuringRx
                0x000118c8       0x18 C:\Users\monis\SimplicityStudio\v4_workspace\Monish_Sanika_Project_Server_2\platform\radio\rail_lib\autogen\librail_release\librail_efr32xg1_gcc_release.a(rail_rf_hal.o)
                0x000118c8                RFHAL_SetAbortScheduledTxDuringRx
 .text.RFHAL_ConfigRadio
                0x000118e0       0xe0 C:\Users\monis\SimplicityStudio\v4_workspace\Monish_Sanika_Project_Server_2\platform\radio\rail_lib\autogen\librail_release\librail_efr32xg1_gcc_release.a(rail_rf_hal.o)
                0x000118e0                RFHAL_ConfigRadio
 .text.RFHAL_GetTime
                0x000119c0        0xe C:\Users\monis\SimplicityStudio\v4_workspace\Monish_Sanika_Project_Server_2\platform\radio\rail_lib\autogen\librail_release\librail_efr32xg1_gcc_release.a(rail_rf_hal.o)
                0x000119c0                RFHAL_GetTime
 .text.RFHAL_GetRadioEntropy
                0x000119ce        0x4 C:\Users\monis\SimplicityStudio\v4_workspace\Monish_Sanika_Project_Server_2\platform\radio\rail_lib\autogen\librail_release\librail_efr32xg1_gcc_release.a(rail_rf_hal.o)
                0x000119ce                RFHAL_GetRadioEntropy
 .text.RFHAL_SetStateTiming
                0x000119d2       0x4e C:\Users\monis\SimplicityStudio\v4_workspace\Monish_Sanika_Project_Server_2\platform\radio\rail_lib\autogen\librail_release\librail_efr32xg1_gcc_release.a(rail_rf_hal.o)
                0x000119d2                RFHAL_SetStateTiming
 .text.RAIL_Init
                0x00011a20       0x20 C:\Users\monis\SimplicityStudio\v4_workspace\Monish_Sanika_Project_Server_2\platform\radio\rail_lib\autogen\librail_release\librail_efr32xg1_gcc_release.a(rail_singleprotocol.o)
                0x00011a20                RAIL_Init
 .text.RAIL_GetSchedulerStatus
                0x00011a40        0x4 C:\Users\monis\SimplicityStudio\v4_workspace\Monish_Sanika_Project_Server_2\platform\radio\rail_lib\autogen\librail_release\librail_efr32xg1_gcc_release.a(rail_singleprotocol.o)
                0x00011a40                RAIL_GetSchedulerStatus
 .text.RAIL_Idle
                0x00011a44        0x8 C:\Users\monis\SimplicityStudio\v4_workspace\Monish_Sanika_Project_Server_2\platform\radio\rail_lib\autogen\librail_release\librail_efr32xg1_gcc_release.a(rail_singleprotocol.o)
                0x00011a44                RAIL_Idle
 .text.RAIL_YieldRadio
                0x00011a4c        0x2 C:\Users\monis\SimplicityStudio\v4_workspace\Monish_Sanika_Project_Server_2\platform\radio\rail_lib\autogen\librail_release\librail_efr32xg1_gcc_release.a(rail_singleprotocol.o)
                0x00011a4c                RAIL_YieldRadio
 .text.RAIL_GetRadioEntropy
                0x00011a4e        0x8 C:\Users\monis\SimplicityStudio\v4_workspace\Monish_Sanika_Project_Server_2\platform\radio\rail_lib\autogen\librail_release\librail_efr32xg1_gcc_release.a(rail_singleprotocol.o)
                0x00011a4e                RAIL_GetRadioEntropy
 .text.RAIL_SetTimer
                0x00011a56       0x14 C:\Users\monis\SimplicityStudio\v4_workspace\Monish_Sanika_Project_Server_2\platform\radio\rail_lib\autogen\librail_release\librail_efr32xg1_gcc_release.a(rail_singleprotocol.o)
                0x00011a56                RAIL_SetTimer
 .text.RAIL_CancelTimer
                0x00011a6a        0x4 C:\Users\monis\SimplicityStudio\v4_workspace\Monish_Sanika_Project_Server_2\platform\radio\rail_lib\autogen\librail_release\librail_efr32xg1_gcc_release.a(rail_singleprotocol.o)
                0x00011a6a                RAIL_CancelTimer
 .text.RAIL_StartTx
                0x00011a6e        0xa C:\Users\monis\SimplicityStudio\v4_workspace\Monish_Sanika_Project_Server_2\platform\radio\rail_lib\autogen\librail_release\librail_efr32xg1_gcc_release.a(rail_singleprotocol.o)
                0x00011a6e                RAIL_StartTx
 .text.RAIL_StartScheduledTx
                0x00011a78        0xa C:\Users\monis\SimplicityStudio\v4_workspace\Monish_Sanika_Project_Server_2\platform\radio\rail_lib\autogen\librail_release\librail_efr32xg1_gcc_release.a(rail_singleprotocol.o)
                0x00011a78                RAIL_StartScheduledTx
 .text.RAIL_ScheduleRx
                0x00011a82        0xa C:\Users\monis\SimplicityStudio\v4_workspace\Monish_Sanika_Project_Server_2\platform\radio\rail_lib\autogen\librail_release\librail_efr32xg1_gcc_release.a(rail_singleprotocol.o)
                0x00011a82                RAIL_ScheduleRx
 .text.radioConfigChangedDefault
                0x00011a8c        0x2 C:\Users\monis\SimplicityStudio\v4_workspace\Monish_Sanika_Project_Server_2\platform\radio\rail_lib\autogen\librail_release\librail_efr32xg1_gcc_release.a(rail_rf.o)
 .text.isTransitionState
                0x00011a8e       0x12 C:\Users\monis\SimplicityStudio\v4_workspace\Monish_Sanika_Project_Server_2\platform\radio\rail_lib\autogen\librail_release\librail_efr32xg1_gcc_release.a(rail_rf.o)
 .text.RAILCore_Init
                0x00011aa0       0x12 C:\Users\monis\SimplicityStudio\v4_workspace\Monish_Sanika_Project_Server_2\platform\radio\rail_lib\autogen\librail_release\librail_efr32xg1_gcc_release.a(rail_rf.o)
                0x00011aa0                RAILCore_Init
 *fill*         0x00011ab2        0x2 
 .text.RAILInt_SetCallbackConfig
                0x00011ab4       0x20 C:\Users\monis\SimplicityStudio\v4_workspace\Monish_Sanika_Project_Server_2\platform\radio\rail_lib\autogen\librail_release\librail_efr32xg1_gcc_release.a(rail_rf.o)
                0x00011ab4                RAILInt_SetCallbackConfig
 .text.RAILCore_Idle
                0x00011ad4       0x14 C:\Users\monis\SimplicityStudio\v4_workspace\Monish_Sanika_Project_Server_2\platform\radio\rail_lib\autogen\librail_release\librail_efr32xg1_gcc_release.a(rail_rf.o)
                0x00011ad4                RAILCore_Idle
 .text.RAILCore_GetRadioState
                0x00011ae8        0x4 C:\Users\monis\SimplicityStudio\v4_workspace\Monish_Sanika_Project_Server_2\platform\radio\rail_lib\autogen\librail_release\librail_efr32xg1_gcc_release.a(rail_rf.o)
                0x00011ae8                RAILCore_GetRadioState
 .text.RAIL_SetStateTiming
                0x00011aec        0xa C:\Users\monis\SimplicityStudio\v4_workspace\Monish_Sanika_Project_Server_2\platform\radio\rail_lib\autogen\librail_release\librail_efr32xg1_gcc_release.a(rail_rf.o)
                0x00011aec                RAIL_SetStateTiming
 *fill*         0x00011af6        0x2 
 .text.RAILInt_IsPowerInRange
                0x00011af8       0x3c C:\Users\monis\SimplicityStudio\v4_workspace\Monish_Sanika_Project_Server_2\platform\radio\rail_lib\autogen\librail_release\librail_efr32xg1_gcc_release.a(rail_rf.o)
                0x00011af8                RAILInt_IsPowerInRange
 .text.RAILInt_SetChannel
                0x00011b34      0x1d8 C:\Users\monis\SimplicityStudio\v4_workspace\Monish_Sanika_Project_Server_2\platform\radio\rail_lib\autogen\librail_release\librail_efr32xg1_gcc_release.a(rail_rf.o)
                0x00011b34                RAILInt_SetChannel
 .text.RAILCore_ConfigChannels
                0x00011d0c       0x58 C:\Users\monis\SimplicityStudio\v4_workspace\Monish_Sanika_Project_Server_2\platform\radio\rail_lib\autogen\librail_release\librail_efr32xg1_gcc_release.a(rail_rf.o)
                0x00011d0c                RAILCore_ConfigChannels
 .text.RAILInt_GetChannel
                0x00011d64        0x4 C:\Users\monis\SimplicityStudio\v4_workspace\Monish_Sanika_Project_Server_2\platform\radio\rail_lib\autogen\librail_release\librail_efr32xg1_gcc_release.a(rail_rf.o)
                0x00011d64                RAILInt_GetChannel
 .text.RAILCore_SetTxTransitions
                0x00011d68       0x3c C:\Users\monis\SimplicityStudio\v4_workspace\Monish_Sanika_Project_Server_2\platform\radio\rail_lib\autogen\librail_release\librail_efr32xg1_gcc_release.a(rail_rf.o)
                0x00011d68                RAILCore_SetTxTransitions
 .text.RAIL_SetTxTransitions
                0x00011da4        0xa C:\Users\monis\SimplicityStudio\v4_workspace\Monish_Sanika_Project_Server_2\platform\radio\rail_lib\autogen\librail_release\librail_efr32xg1_gcc_release.a(rail_rf.o)
                0x00011da4                RAIL_SetTxTransitions
 .text.RAILCore_SetRxTransitions
                0x00011dae       0x38 C:\Users\monis\SimplicityStudio\v4_workspace\Monish_Sanika_Project_Server_2\platform\radio\rail_lib\autogen\librail_release\librail_efr32xg1_gcc_release.a(rail_rf.o)
                0x00011dae                RAILCore_SetRxTransitions
 .text.RAIL_SetRxTransitions
                0x00011de6        0xa C:\Users\monis\SimplicityStudio\v4_workspace\Monish_Sanika_Project_Server_2\platform\radio\rail_lib\autogen\librail_release\librail_efr32xg1_gcc_release.a(rail_rf.o)
                0x00011de6                RAIL_SetRxTransitions
 .text.RAIL_ConfigEvents
                0x00011df0       0x14 C:\Users\monis\SimplicityStudio\v4_workspace\Monish_Sanika_Project_Server_2\platform\radio\rail_lib\autogen\librail_release\librail_efr32xg1_gcc_release.a(rail_rf.o)
                0x00011df0                RAIL_ConfigEvents
 .text.RAIL_ConfigRxOptions
                0x00011e04        0xa C:\Users\monis\SimplicityStudio\v4_workspace\Monish_Sanika_Project_Server_2\platform\radio\rail_lib\autogen\librail_release\librail_efr32xg1_gcc_release.a(rail_rx.o)
                0x00011e04                RAIL_ConfigRxOptions
 .text.RAILCore_ScheduleRx
                0x00011e0e       0x2c C:\Users\monis\SimplicityStudio\v4_workspace\Monish_Sanika_Project_Server_2\platform\radio\rail_lib\autogen\librail_release\librail_efr32xg1_gcc_release.a(rail_rx.o)
                0x00011e0e                RAILCore_ScheduleRx
 .text.RAILInt_PreTxOps
                0x00011e3a       0x1c C:\Users\monis\SimplicityStudio\v4_workspace\Monish_Sanika_Project_Server_2\platform\radio\rail_lib\autogen\librail_release\librail_efr32xg1_gcc_release.a(rail_tx.o)
                0x00011e3a                RAILInt_PreTxOps
 .text.RAILCore_StartTx
                0x00011e56       0x1a C:\Users\monis\SimplicityStudio\v4_workspace\Monish_Sanika_Project_Server_2\platform\radio\rail_lib\autogen\librail_release\librail_efr32xg1_gcc_release.a(rail_tx.o)
                0x00011e56                RAILCore_StartTx
 .text.RAILCore_StartScheduledTx
                0x00011e70       0x1e C:\Users\monis\SimplicityStudio\v4_workspace\Monish_Sanika_Project_Server_2\platform\radio\rail_lib\autogen\librail_release\librail_efr32xg1_gcc_release.a(rail_tx.o)
                0x00011e70                RAILCore_StartScheduledTx
 .text.RAIL_SetTxPower
                0x00011e8e        0xa C:\Users\monis\SimplicityStudio\v4_workspace\Monish_Sanika_Project_Server_2\platform\radio\rail_lib\autogen\librail_release\librail_efr32xg1_gcc_release.a(rail_tx.o)
                0x00011e8e                RAIL_SetTxPower
 .text.RAIL_GetTxPower
                0x00011e98        0xa C:\Users\monis\SimplicityStudio\v4_workspace\Monish_Sanika_Project_Server_2\platform\radio\rail_lib\autogen\librail_release\librail_efr32xg1_gcc_release.a(rail_tx.o)
                0x00011e98                RAIL_GetTxPower
 .text.RAIL_ConfigTxPower
                0x00011ea2       0x1a C:\Users\monis\SimplicityStudio\v4_workspace\Monish_Sanika_Project_Server_2\platform\radio\rail_lib\autogen\librail_release\librail_efr32xg1_gcc_release.a(rail_tx.o)
                0x00011ea2                RAIL_ConfigTxPower
 .text.RAILInt_PendCal
                0x00011ebc       0x24 C:\Users\monis\SimplicityStudio\v4_workspace\Monish_Sanika_Project_Server_2\platform\radio\rail_lib\autogen\librail_release\librail_efr32xg1_gcc_release.a(rail_calibration.o)
                0x00011ebc                RAILInt_PendCal
 .text.RAILCb_AssertFailed
                0x00011ee0       0x14 C:\Users\monis\SimplicityStudio\v4_workspace\Monish_Sanika_Project_Server_2\platform\radio\rail_lib\autogen\librail_release\librail_efr32xg1_gcc_release.a(rail_assert.o)
                0x00011ee0                RAILCb_AssertFailed
 .text.RAILInt_Assert
                0x00011ef4       0x1c C:\Users\monis\SimplicityStudio\v4_workspace\Monish_Sanika_Project_Server_2\platform\radio\rail_lib\autogen\librail_release\librail_efr32xg1_gcc_release.a(rail_assert.o)
                0x00011ef4                RAILInt_Assert
 .text.RAILCore_GetRadioEntropy
                0x00011f10        0x4 C:\Users\monis\SimplicityStudio\v4_workspace\Monish_Sanika_Project_Server_2\platform\radio\rail_lib\autogen\librail_release\librail_efr32xg1_gcc_release.a(rail_rssi.o)
                0x00011f10                RAILCore_GetRadioEntropy
 .text.BUFC_ReadHelper
                0x00011f14       0x7c C:\Users\monis\SimplicityStudio\v4_workspace\Monish_Sanika_Project_Server_2\platform\radio\rail_lib\autogen\librail_release\librail_efr32xg1_gcc_release.a(bufc.o)
 .text.checkAndAddRxLenOverflowEntry
                0x00011f90       0x3c C:\Users\monis\SimplicityStudio\v4_workspace\Monish_Sanika_Project_Server_2\platform\radio\rail_lib\autogen\librail_release\librail_efr32xg1_gcc_release.a(bufc.o)
 .text.BUFC_SetTxBuffer
                0x00011fcc       0x38 C:\Users\monis\SimplicityStudio\v4_workspace\Monish_Sanika_Project_Server_2\platform\radio\rail_lib\autogen\librail_release\librail_efr32xg1_gcc_release.a(bufc.o)
                0x00011fcc                BUFC_SetTxBuffer
 .text.BUFC_WriteBuffer
                0x00012004       0xa8 C:\Users\monis\SimplicityStudio\v4_workspace\Monish_Sanika_Project_Server_2\platform\radio\rail_lib\autogen\librail_release\librail_efr32xg1_gcc_release.a(bufc.o)
                0x00012004                BUFC_WriteBuffer
 .text.BUFC_Peek
                0x000120ac       0x12 C:\Users\monis\SimplicityStudio\v4_workspace\Monish_Sanika_Project_Server_2\platform\radio\rail_lib\autogen\librail_release\librail_efr32xg1_gcc_release.a(bufc.o)
                0x000120ac                BUFC_Peek
 .text.BUFC_PeekByte
                0x000120be       0x34 C:\Users\monis\SimplicityStudio\v4_workspace\Monish_Sanika_Project_Server_2\platform\radio\rail_lib\autogen\librail_release\librail_efr32xg1_gcc_release.a(bufc.o)
                0x000120be                BUFC_PeekByte
 *fill*         0x000120f2        0x2 
 .text.BUFC_GetSpaceAvailable
                0x000120f4       0x28 C:\Users\monis\SimplicityStudio\v4_workspace\Monish_Sanika_Project_Server_2\platform\radio\rail_lib\autogen\librail_release\librail_efr32xg1_gcc_release.a(bufc.o)
                0x000120f4                BUFC_GetSpaceAvailable
 .text.BUFC_GetBytesAvailable
                0x0001211c       0x14 C:\Users\monis\SimplicityStudio\v4_workspace\Monish_Sanika_Project_Server_2\platform\radio\rail_lib\autogen\librail_release\librail_efr32xg1_gcc_release.a(bufc.o)
                0x0001211c                BUFC_GetBytesAvailable
 .text.BUFC_TxAckBufferSet
                0x00012130       0x38 C:\Users\monis\SimplicityStudio\v4_workspace\Monish_Sanika_Project_Server_2\platform\radio\rail_lib\autogen\librail_release\librail_efr32xg1_gcc_release.a(bufc.o)
                0x00012130                BUFC_TxAckBufferSet
 .text.BUFC_TxAckBufferReset
                0x00012168        0x8 C:\Users\monis\SimplicityStudio\v4_workspace\Monish_Sanika_Project_Server_2\platform\radio\rail_lib\autogen\librail_release\librail_efr32xg1_gcc_release.a(bufc.o)
                0x00012168                BUFC_TxAckBufferReset
 .text.BUFC_RxBufferReset
                0x00012170       0x5c C:\Users\monis\SimplicityStudio\v4_workspace\Monish_Sanika_Project_Server_2\platform\radio\rail_lib\autogen\librail_release\librail_efr32xg1_gcc_release.a(bufc.o)
                0x00012170                BUFC_RxBufferReset
 .text.BUFC_Init
                0x000121cc       0x98 C:\Users\monis\SimplicityStudio\v4_workspace\Monish_Sanika_Project_Server_2\platform\radio\rail_lib\autogen\librail_release\librail_efr32xg1_gcc_release.a(bufc.o)
                0x000121cc                BUFC_Init
 .text.BUFC_RxBufferBytesAvailable
                0x00012264       0x10 C:\Users\monis\SimplicityStudio\v4_workspace\Monish_Sanika_Project_Server_2\platform\radio\rail_lib\autogen\librail_release\librail_efr32xg1_gcc_release.a(bufc.o)
                0x00012264                BUFC_RxBufferBytesAvailable
 .text.BUFC_ReleaseRxPacket
                0x00012274      0x10c C:\Users\monis\SimplicityStudio\v4_workspace\Monish_Sanika_Project_Server_2\platform\radio\rail_lib\autogen\librail_release\librail_efr32xg1_gcc_release.a(bufc.o)
                0x00012274                BUFC_ReleaseRxPacket
 .text.BUFC_StartRxLenThrEvent
                0x00012380       0x8c C:\Users\monis\SimplicityStudio\v4_workspace\Monish_Sanika_Project_Server_2\platform\radio\rail_lib\autogen\librail_release\librail_efr32xg1_gcc_release.a(bufc.o)
                0x00012380                BUFC_StartRxLenThrEvent
 .text.BUFC_EndRxLenThrEvent
                0x0001240c       0x1c C:\Users\monis\SimplicityStudio\v4_workspace\Monish_Sanika_Project_Server_2\platform\radio\rail_lib\autogen\librail_release\librail_efr32xg1_gcc_release.a(bufc.o)
                0x0001240c                BUFC_EndRxLenThrEvent
 .text.BUFC_HandleRxLenOvfEvent
                0x00012428       0x28 C:\Users\monis\SimplicityStudio\v4_workspace\Monish_Sanika_Project_Server_2\platform\radio\rail_lib\autogen\librail_release\librail_efr32xg1_gcc_release.a(bufc.o)
                0x00012428                BUFC_HandleRxLenOvfEvent
 .text.BUFC_GetRxPacketInfo
                0x00012450      0x138 C:\Users\monis\SimplicityStudio\v4_workspace\Monish_Sanika_Project_Server_2\platform\radio\rail_lib\autogen\librail_release\librail_efr32xg1_gcc_release.a(bufc.o)
                0x00012450                BUFC_GetRxPacketInfo
 .text.IRCAL_Set
                0x00012588       0x1c C:\Users\monis\SimplicityStudio\v4_workspace\Monish_Sanika_Project_Server_2\platform\radio\rail_lib\autogen\librail_release\librail_efr32xg1_gcc_release.a(ir_cal.o)
                0x00012588                IRCAL_Set
 .text.IRCAL_Init
                0x000125a4       0xa8 C:\Users\monis\SimplicityStudio\v4_workspace\Monish_Sanika_Project_Server_2\platform\radio\rail_lib\autogen\librail_release\librail_efr32xg1_gcc_release.a(ir_cal.o)
                0x000125a4                IRCAL_Init
 .text.PA_ProtectPa
                0x0001264c       0xbc C:\Users\monis\SimplicityStudio\v4_workspace\Monish_Sanika_Project_Server_2\platform\radio\rail_lib\autogen\librail_release\librail_efr32xg1_gcc_release.a(pa.o)
 .text.getRampTimeFromLevelAndRate
                0x00012708       0x20 C:\Users\monis\SimplicityStudio\v4_workspace\Monish_Sanika_Project_Server_2\platform\radio\rail_lib\autogen\librail_release\librail_efr32xg1_gcc_release.a(pa.o)
 .text.PA_GetTxPowerConfig
                0x00012728       0x14 C:\Users\monis\SimplicityStudio\v4_workspace\Monish_Sanika_Project_Server_2\platform\radio\rail_lib\autogen\librail_release\librail_efr32xg1_gcc_release.a(pa.o)
                0x00012728                PA_GetTxPowerConfig
 .text.PA_GetPowerLevel
                0x0001273c        0xc C:\Users\monis\SimplicityStudio\v4_workspace\Monish_Sanika_Project_Server_2\platform\radio\rail_lib\autogen\librail_release\librail_efr32xg1_gcc_release.a(pa.o)
                0x0001273c                PA_GetPowerLevel
 .text.PA_SetPowerLevel
                0x00012748      0x194 C:\Users\monis\SimplicityStudio\v4_workspace\Monish_Sanika_Project_Server_2\platform\radio\rail_lib\autogen\librail_release\librail_efr32xg1_gcc_release.a(pa.o)
                0x00012748                PA_SetPowerLevel
 .text.PA_RunPeakDetectorHigh
                0x000128dc       0x4c C:\Users\monis\SimplicityStudio\v4_workspace\Monish_Sanika_Project_Server_2\platform\radio\rail_lib\autogen\librail_release\librail_efr32xg1_gcc_release.a(pa.o)
                0x000128dc                PA_RunPeakDetectorHigh
 .text.PA_RunPeakDetectorLow
                0x00012928        0x2 C:\Users\monis\SimplicityStudio\v4_workspace\Monish_Sanika_Project_Server_2\platform\radio\rail_lib\autogen\librail_release\librail_efr32xg1_gcc_release.a(pa.o)
                0x00012928                PA_RunPeakDetectorLow
 *fill*         0x0001292a        0x2 
 .text.PA_RunBatHigh
                0x0001292c       0x2c C:\Users\monis\SimplicityStudio\v4_workspace\Monish_Sanika_Project_Server_2\platform\radio\rail_lib\autogen\librail_release\librail_efr32xg1_gcc_release.a(pa.o)
                0x0001292c                PA_RunBatHigh
 .text.PA_GetRampTime
                0x00012958        0xc C:\Users\monis\SimplicityStudio\v4_workspace\Monish_Sanika_Project_Server_2\platform\radio\rail_lib\autogen\librail_release\librail_efr32xg1_gcc_release.a(pa.o)
                0x00012958                PA_GetRampTime
 .text.PA_ConfigRamp
                0x00012964       0x20 C:\Users\monis\SimplicityStudio\v4_workspace\Monish_Sanika_Project_Server_2\platform\radio\rail_lib\autogen\librail_release\librail_efr32xg1_gcc_release.a(pa.o)
                0x00012964                PA_ConfigRamp
 .text.PA_CalcRampTime
                0x00012984       0x44 C:\Users\monis\SimplicityStudio\v4_workspace\Monish_Sanika_Project_Server_2\platform\radio\rail_lib\autogen\librail_release\librail_efr32xg1_gcc_release.a(pa.o)
                0x00012984                PA_CalcRampTime
 .text.PA_SetRampTime
                0x000129c8       0xac C:\Users\monis\SimplicityStudio\v4_workspace\Monish_Sanika_Project_Server_2\platform\radio\rail_lib\autogen\librail_release\librail_efr32xg1_gcc_release.a(pa.o)
                0x000129c8                PA_SetRampTime
 .text.PA_SelectBand
                0x00012a74       0x50 C:\Users\monis\SimplicityStudio\v4_workspace\Monish_Sanika_Project_Server_2\platform\radio\rail_lib\autogen\librail_release\librail_efr32xg1_gcc_release.a(pa.o)
                0x00012a74                PA_SelectBand
 .text.PA_Config
                0x00012ac4      0x15c C:\Users\monis\SimplicityStudio\v4_workspace\Monish_Sanika_Project_Server_2\platform\radio\rail_lib\autogen\librail_release\librail_efr32xg1_gcc_release.a(pa.o)
                0x00012ac4                PA_Config
 .text.PA_UpdateConfig
                0x00012c20       0x38 C:\Users\monis\SimplicityStudio\v4_workspace\Monish_Sanika_Project_Server_2\platform\radio\rail_lib\autogen\librail_release\librail_efr32xg1_gcc_release.a(pa.o)
                0x00012c20                PA_UpdateConfig
 .text.PROTIMER_Init
                0x00012c58      0x108 C:\Users\monis\SimplicityStudio\v4_workspace\Monish_Sanika_Project_Server_2\platform\radio\rail_lib\autogen\librail_release\librail_efr32xg1_gcc_release.a(protimer.o)
                0x00012c58                PROTIMER_Init
 .text.PROTIMER_Start
                0x00012d60       0x1c C:\Users\monis\SimplicityStudio\v4_workspace\Monish_Sanika_Project_Server_2\platform\radio\rail_lib\autogen\librail_release\librail_efr32xg1_gcc_release.a(protimer.o)
                0x00012d60                PROTIMER_Start
 .text.PROTIMER_IsRunning
                0x00012d7c       0x10 C:\Users\monis\SimplicityStudio\v4_workspace\Monish_Sanika_Project_Server_2\platform\radio\rail_lib\autogen\librail_release\librail_efr32xg1_gcc_release.a(protimer.o)
                0x00012d7c                PROTIMER_IsRunning
 .text.PROTIMER_ElapsedTime
                0x00012d8c       0x18 C:\Users\monis\SimplicityStudio\v4_workspace\Monish_Sanika_Project_Server_2\platform\radio\rail_lib\autogen\librail_release\librail_efr32xg1_gcc_release.a(protimer.o)
                0x00012d8c                PROTIMER_ElapsedTime
 .text.PROTIMER_CCTimerStop
                0x00012da4       0x20 C:\Users\monis\SimplicityStudio\v4_workspace\Monish_Sanika_Project_Server_2\platform\radio\rail_lib\autogen\librail_release\librail_efr32xg1_gcc_release.a(protimer.o)
                0x00012da4                PROTIMER_CCTimerStop
 .text.PROTIMER_CCTimerStart
                0x00012dc4      0x164 C:\Users\monis\SimplicityStudio\v4_workspace\Monish_Sanika_Project_Server_2\platform\radio\rail_lib\autogen\librail_release\librail_efr32xg1_gcc_release.a(protimer.o)
                0x00012dc4                PROTIMER_CCTimerStart
 .text.PROTIMER_WrapMultiple
                0x00012f28       0x12 C:\Users\monis\SimplicityStudio\v4_workspace\Monish_Sanika_Project_Server_2\platform\radio\rail_lib\autogen\librail_release\librail_efr32xg1_gcc_release.a(protimer.o)
                0x00012f28                PROTIMER_WrapMultiple
 *fill*         0x00012f3a        0x2 
 .text.PROTIMER_CCTimerIsEnabled
                0x00012f3c       0x10 C:\Users\monis\SimplicityStudio\v4_workspace\Monish_Sanika_Project_Server_2\platform\radio\rail_lib\autogen\librail_release\librail_efr32xg1_gcc_release.a(protimer.o)
                0x00012f3c                PROTIMER_CCTimerIsEnabled
 .text.PROTIMER_CCTimerCapture
                0x00012f4c       0x14 C:\Users\monis\SimplicityStudio\v4_workspace\Monish_Sanika_Project_Server_2\platform\radio\rail_lib\autogen\librail_release\librail_efr32xg1_gcc_release.a(protimer.o)
                0x00012f4c                PROTIMER_CCTimerCapture
 .text.PROTIMER_ScheduleTxEnable
                0x00012f60       0x2c C:\Users\monis\SimplicityStudio\v4_workspace\Monish_Sanika_Project_Server_2\platform\radio\rail_lib\autogen\librail_release\librail_efr32xg1_gcc_release.a(protimer.o)
                0x00012f60                PROTIMER_ScheduleTxEnable
 .text.PROTIMER_ClearTxEnable
                0x00012f8c        0xc C:\Users\monis\SimplicityStudio\v4_workspace\Monish_Sanika_Project_Server_2\platform\radio\rail_lib\autogen\librail_release\librail_efr32xg1_gcc_release.a(protimer.o)
                0x00012f8c                PROTIMER_ClearTxEnable
 .text.PROTIMER_ScheduleRxEnable
                0x00012f98       0x2c C:\Users\monis\SimplicityStudio\v4_workspace\Monish_Sanika_Project_Server_2\platform\radio\rail_lib\autogen\librail_release\librail_efr32xg1_gcc_release.a(protimer.o)
                0x00012f98                PROTIMER_ScheduleRxEnable
 .text.PROTIMER_ScheduleRxDisable
                0x00012fc4       0x38 C:\Users\monis\SimplicityStudio\v4_workspace\Monish_Sanika_Project_Server_2\platform\radio\rail_lib\autogen\librail_release\librail_efr32xg1_gcc_release.a(protimer.o)
                0x00012fc4                PROTIMER_ScheduleRxDisable
 .text.PROTIMER_ClearRxEnable
                0x00012ffc       0x10 C:\Users\monis\SimplicityStudio\v4_workspace\Monish_Sanika_Project_Server_2\platform\radio\rail_lib\autogen\librail_release\librail_efr32xg1_gcc_release.a(protimer.o)
                0x00012ffc                PROTIMER_ClearRxEnable
 .text.PROTIMER_GetTime
                0x0001300c        0xc C:\Users\monis\SimplicityStudio\v4_workspace\Monish_Sanika_Project_Server_2\platform\radio\rail_lib\autogen\librail_release\librail_efr32xg1_gcc_release.a(protimer.o)
                0x0001300c                PROTIMER_GetTime
 .text.PROTIMER_GetCCTime
                0x00013018        0xc C:\Users\monis\SimplicityStudio\v4_workspace\Monish_Sanika_Project_Server_2\platform\radio\rail_lib\autogen\librail_release\librail_efr32xg1_gcc_release.a(protimer.o)
                0x00013018                PROTIMER_GetCCTime
 .text.PROTIMER_LBTStop
                0x00013024       0x18 C:\Users\monis\SimplicityStudio\v4_workspace\Monish_Sanika_Project_Server_2\platform\radio\rail_lib\autogen\librail_release\librail_efr32xg1_gcc_release.a(protimer.o)
                0x00013024                PROTIMER_LBTStop
 .text.PROTIMER_PrecntOverflowToUs
                0x0001303c       0x38 C:\Users\monis\SimplicityStudio\v4_workspace\Monish_Sanika_Project_Server_2\platform\radio\rail_lib\autogen\librail_release\librail_efr32xg1_gcc_release.a(protimer.o)
                0x0001303c                PROTIMER_PrecntOverflowToUs
 .text.PROTIMER_UsToPrecntOverflow
                0x00013074       0x2c C:\Users\monis\SimplicityStudio\v4_workspace\Monish_Sanika_Project_Server_2\platform\radio\rail_lib\autogen\librail_release\librail_efr32xg1_gcc_release.a(protimer.o)
                0x00013074                PROTIMER_UsToPrecntOverflow
 .text.PROTIMER_DelayUs
                0x000130a0       0x44 C:\Users\monis\SimplicityStudio\v4_workspace\Monish_Sanika_Project_Server_2\platform\radio\rail_lib\autogen\librail_release\librail_efr32xg1_gcc_release.a(protimer.o)
                0x000130a0                PROTIMER_DelayUs
 .text.PROTIMER_CheckCcaReallyFailed
                0x000130e4       0xbc C:\Users\monis\SimplicityStudio\v4_workspace\Monish_Sanika_Project_Server_2\platform\radio\rail_lib\autogen\librail_release\librail_efr32xg1_gcc_release.a(protimer.o)
                0x000130e4                PROTIMER_CheckCcaReallyFailed
 .text.PTI_EnableAppendedInfo
                0x000131a0       0x18 C:\Users\monis\SimplicityStudio\v4_workspace\Monish_Sanika_Project_Server_2\platform\radio\rail_lib\autogen\librail_release\librail_efr32xg1_gcc_release.a(pti.o)
                0x000131a0                PTI_EnableAppendedInfo
 .text.PTI_Enable
                0x000131b8       0x58 C:\Users\monis\SimplicityStudio\v4_workspace\Monish_Sanika_Project_Server_2\platform\radio\rail_lib\autogen\librail_release\librail_efr32xg1_gcc_release.a(pti.o)
                0x000131b8                PTI_Enable
 .text.PTI_AuxdataOutput
                0x00013210       0x1c C:\Users\monis\SimplicityStudio\v4_workspace\Monish_Sanika_Project_Server_2\platform\radio\rail_lib\autogen\librail_release\librail_efr32xg1_gcc_release.a(pti.o)
                0x00013210                PTI_AuxdataOutput
 .text.PTI_EnableSyncword
                0x0001322c       0x18 C:\Users\monis\SimplicityStudio\v4_workspace\Monish_Sanika_Project_Server_2\platform\radio\rail_lib\autogen\librail_release\librail_efr32xg1_gcc_release.a(pti.o)
                0x0001322c                PTI_EnableSyncword
 .text.RADIO_SetAndForgetWrite
                0x00013244       0x8c C:\Users\monis\SimplicityStudio\v4_workspace\Monish_Sanika_Project_Server_2\platform\radio\rail_lib\autogen\librail_release\librail_efr32xg1_gcc_release.a(radio.o)
                0x00013244                RADIO_SetAndForgetWrite
 .text.RADIO_SeqInit
                0x000132d0       0x68 C:\Users\monis\SimplicityStudio\v4_workspace\Monish_Sanika_Project_Server_2\platform\radio\rail_lib\autogen\librail_release\librail_efr32xg1_gcc_release.a(radio.o)
                0x000132d0                RADIO_SeqInit
 .text.RADIO_CLKEnable
                0x00013338       0x68 C:\Users\monis\SimplicityStudio\v4_workspace\Monish_Sanika_Project_Server_2\platform\radio\rail_lib\autogen\librail_release\librail_efr32xg1_gcc_release.a(radio.o)
                0x00013338                RADIO_CLKEnable
 .text.RADIO_Init
                0x000133a0       0x40 C:\Users\monis\SimplicityStudio\v4_workspace\Monish_Sanika_Project_Server_2\platform\radio\rail_lib\autogen\librail_release\librail_efr32xg1_gcc_release.a(radio.o)
                0x000133a0                RADIO_Init
 .text.RADIO_Config
                0x000133e0       0xa8 C:\Users\monis\SimplicityStudio\v4_workspace\Monish_Sanika_Project_Server_2\platform\radio\rail_lib\autogen\librail_release\librail_efr32xg1_gcc_release.a(radio.o)
                0x000133e0                RADIO_Config
 .text.RADIO_IsRxOnForRssi
                0x00013488       0x18 C:\Users\monis\SimplicityStudio\v4_workspace\Monish_Sanika_Project_Server_2\platform\radio\rail_lib\autogen\librail_release\librail_efr32xg1_gcc_release.a(radio.o)
                0x00013488                RADIO_IsRxOnForRssi
 .text.RADIO_RxTrailDataLength
                0x000134a0       0x3c C:\Users\monis\SimplicityStudio\v4_workspace\Monish_Sanika_Project_Server_2\platform\radio\rail_lib\autogen\librail_release\librail_efr32xg1_gcc_release.a(radio.o)
                0x000134a0                RADIO_RxTrailDataLength
 .text.RADIO_FrameControlDescrBufferIdSet
                0x000134dc       0x20 C:\Users\monis\SimplicityStudio\v4_workspace\Monish_Sanika_Project_Server_2\platform\radio\rail_lib\autogen\librail_release\librail_efr32xg1_gcc_release.a(radio.o)
                0x000134dc                RADIO_FrameControlDescrBufferIdSet
 .text.RADIO_ComputeTxBaudrate
                0x000134fc       0x28 C:\Users\monis\SimplicityStudio\v4_workspace\Monish_Sanika_Project_Server_2\platform\radio\rail_lib\autogen\librail_release\librail_efr32xg1_gcc_release.a(radio.o)
                0x000134fc                RADIO_ComputeTxBaudrate
 .text.RADIO_ComputeTxSymbolRate
                0x00013524       0x2c C:\Users\monis\SimplicityStudio\v4_workspace\Monish_Sanika_Project_Server_2\platform\radio\rail_lib\autogen\librail_release\librail_efr32xg1_gcc_release.a(radio.o)
                0x00013524                RADIO_ComputeTxSymbolRate
 .text.RADIO_ComputeTxBitRate
                0x00013550       0x50 C:\Users\monis\SimplicityStudio\v4_workspace\Monish_Sanika_Project_Server_2\platform\radio\rail_lib\autogen\librail_release\librail_efr32xg1_gcc_release.a(radio.o)
                0x00013550                RADIO_ComputeTxBitRate
 .text.RADIO_GetRssi
                0x000135a0       0x54 C:\Users\monis\SimplicityStudio\v4_workspace\Monish_Sanika_Project_Server_2\platform\radio\rail_lib\autogen\librail_release\librail_efr32xg1_gcc_release.a(radio.o)
                0x000135a0                RADIO_GetRssi
 .text.RADIO_SetCRCInitVal
                0x000135f4       0x10 C:\Users\monis\SimplicityStudio\v4_workspace\Monish_Sanika_Project_Server_2\platform\radio\rail_lib\autogen\librail_release\librail_efr32xg1_gcc_release.a(radio.o)
                0x000135f4                RADIO_SetCRCInitVal
 .text.RADIO_RACClearRxOverflow
                0x00013604       0x20 C:\Users\monis\SimplicityStudio\v4_workspace\Monish_Sanika_Project_Server_2\platform\radio\rail_lib\autogen\librail_release\librail_efr32xg1_gcc_release.a(radio.o)
                0x00013604                RADIO_RACClearRxOverflow
 .text.RFSENSE_Disable
                0x00013624       0x44 C:\Users\monis\SimplicityStudio\v4_workspace\Monish_Sanika_Project_Server_2\platform\radio\rail_lib\autogen\librail_release\librail_efr32xg1_gcc_release.a(rfsense.o)
 .text.RFSENSE_Sensed
                0x00013668       0x50 C:\Users\monis\SimplicityStudio\v4_workspace\Monish_Sanika_Project_Server_2\platform\radio\rail_lib\autogen\librail_release\librail_efr32xg1_gcc_release.a(rfsense.o)
                0x00013668                RFSENSE_Sensed
 .text.RFSENSE_IRQHandler
                0x000136b8        0x4 C:\Users\monis\SimplicityStudio\v4_workspace\Monish_Sanika_Project_Server_2\platform\radio\rail_lib\autogen\librail_release\librail_efr32xg1_gcc_release.a(rfsense.o)
                0x000136b8                RFSENSE_IRQHandler
 .text.RTCCSYNC_RTCCClockFreqGet
                0x000136bc       0x30 C:\Users\monis\SimplicityStudio\v4_workspace\Monish_Sanika_Project_Server_2\platform\radio\rail_lib\autogen\librail_release\librail_efr32xg1_gcc_release.a(rtccsync.o)
 .text.RTCCSYNC_Init
                0x000136ec       0x10 C:\Users\monis\SimplicityStudio\v4_workspace\Monish_Sanika_Project_Server_2\platform\radio\rail_lib\autogen\librail_release\librail_efr32xg1_gcc_release.a(rtccsync.o)
                0x000136ec                RTCCSYNC_Init
 .text.RTCCSYNC_PreSleep
                0x000136fc      0x260 C:\Users\monis\SimplicityStudio\v4_workspace\Monish_Sanika_Project_Server_2\platform\radio\rail_lib\autogen\librail_release\librail_efr32xg1_gcc_release.a(rtccsync.o)
                0x000136fc                RTCCSYNC_PreSleep
 .text.RTCCSYNC_PostWakeUp
                0x0001395c      0x1c4 C:\Users\monis\SimplicityStudio\v4_workspace\Monish_Sanika_Project_Server_2\platform\radio\rail_lib\autogen\librail_release\librail_efr32xg1_gcc_release.a(rtccsync.o)
                0x0001395c                RTCCSYNC_PostWakeUp
 .text.SYNTH_RfFreqGet
                0x00013b20        0xc C:\Users\monis\SimplicityStudio\v4_workspace\Monish_Sanika_Project_Server_2\platform\radio\rail_lib\autogen\librail_release\librail_efr32xg1_gcc_release.a(synth.o)
                0x00013b20                SYNTH_RfFreqGet
 .text.SYNTH_ChSpacingGet
                0x00013b2c        0xc C:\Users\monis\SimplicityStudio\v4_workspace\Monish_Sanika_Project_Server_2\platform\radio\rail_lib\autogen\librail_release\librail_efr32xg1_gcc_release.a(synth.o)
                0x00013b2c                SYNTH_ChSpacingGet
 .text.SYNTH_LoDivGet
                0x00013b38       0x20 C:\Users\monis\SimplicityStudio\v4_workspace\Monish_Sanika_Project_Server_2\platform\radio\rail_lib\autogen\librail_release\librail_efr32xg1_gcc_release.a(synth.o)
                0x00013b38                SYNTH_LoDivGet
 .text.SYNTH_Is2p4GHz
                0x00013b58       0x14 C:\Users\monis\SimplicityStudio\v4_workspace\Monish_Sanika_Project_Server_2\platform\radio\rail_lib\autogen\librail_release\librail_efr32xg1_gcc_release.a(synth.o)
                0x00013b58                SYNTH_Is2p4GHz
 .text.SYNTH_VcoRangeIsValid
                0x00013b6c       0x30 C:\Users\monis\SimplicityStudio\v4_workspace\Monish_Sanika_Project_Server_2\platform\radio\rail_lib\autogen\librail_release\librail_efr32xg1_gcc_release.a(synth.o)
                0x00013b6c                SYNTH_VcoRangeIsValid
 .text.SYNTH_RetimeLimitsConfig
                0x00013b9c       0x64 C:\Users\monis\SimplicityStudio\v4_workspace\Monish_Sanika_Project_Server_2\platform\radio\rail_lib\autogen\librail_release\librail_efr32xg1_gcc_release.a(synth.o)
                0x00013b9c                SYNTH_RetimeLimitsConfig
 .text.SYNTH_RetimeClkConfig
                0x00013c00       0xb4 C:\Users\monis\SimplicityStudio\v4_workspace\Monish_Sanika_Project_Server_2\platform\radio\rail_lib\autogen\librail_release\librail_efr32xg1_gcc_release.a(synth.o)
                0x00013c00                SYNTH_RetimeClkConfig
 .text.SYNTH_Config
                0x00013cb4      0x108 C:\Users\monis\SimplicityStudio\v4_workspace\Monish_Sanika_Project_Server_2\platform\radio\rail_lib\autogen\librail_release\librail_efr32xg1_gcc_release.a(synth.o)
                0x00013cb4                SYNTH_Config
 .text.SYNTH_ChannelSet
                0x00013dbc       0x40 C:\Users\monis\SimplicityStudio\v4_workspace\Monish_Sanika_Project_Server_2\platform\radio\rail_lib\autogen\librail_release\librail_efr32xg1_gcc_release.a(synth.o)
                0x00013dbc                SYNTH_ChannelSet
 .text.SYNTH_DCDCRetimeClkSet
                0x00013dfc       0x6c C:\Users\monis\SimplicityStudio\v4_workspace\Monish_Sanika_Project_Server_2\platform\radio\rail_lib\autogen\librail_release\librail_efr32xg1_gcc_release.a(synth.o)
                0x00013dfc                SYNTH_DCDCRetimeClkSet
 .text.SYNTH_DCDCRetimeEnable
                0x00013e68       0x18 C:\Users\monis\SimplicityStudio\v4_workspace\Monish_Sanika_Project_Server_2\platform\radio\rail_lib\autogen\librail_release\librail_efr32xg1_gcc_release.a(synth.o)
                0x00013e68                SYNTH_DCDCRetimeEnable
 .text.SYNTH_DCDCRetimeDisable
                0x00013e80       0x18 C:\Users\monis\SimplicityStudio\v4_workspace\Monish_Sanika_Project_Server_2\platform\radio\rail_lib\autogen\librail_release\librail_efr32xg1_gcc_release.a(synth.o)
                0x00013e80                SYNTH_DCDCRetimeDisable
 .text.SYNTH_KvnFreqCompensationEnable
                0x00013e98        0xc C:\Users\monis\SimplicityStudio\v4_workspace\Monish_Sanika_Project_Server_2\platform\radio\rail_lib\autogen\librail_release\librail_efr32xg1_gcc_release.a(synth.o)
                0x00013e98                SYNTH_KvnFreqCompensationEnable
 .text.RADIOCMU_ClockEnable
                0x00013ea4       0x40 C:\Users\monis\SimplicityStudio\v4_workspace\Monish_Sanika_Project_Server_2\platform\radio\rail_lib\autogen\librail_release\librail_efr32xg1_gcc_release.a(radio_cmu.o)
                0x00013ea4                RADIOCMU_ClockEnable
 .text.RADIOCMU_ClockFreqGet
                0x00013ee4       0x88 C:\Users\monis\SimplicityStudio\v4_workspace\Monish_Sanika_Project_Server_2\platform\radio\rail_lib\autogen\librail_release\librail_efr32xg1_gcc_release.a(radio_cmu.o)
                0x00013ee4                RADIOCMU_ClockFreqGet
 .text.RADIOCMU_ClockPrescGet
                0x00013f6c       0x1c C:\Users\monis\SimplicityStudio\v4_workspace\Monish_Sanika_Project_Server_2\platform\radio\rail_lib\autogen\librail_release\librail_efr32xg1_gcc_release.a(radio_cmu.o)
                0x00013f6c                RADIOCMU_ClockPrescGet
 .text.TEMPCAL_Init
                0x00013f88       0x40 C:\Users\monis\SimplicityStudio\v4_workspace\Monish_Sanika_Project_Server_2\platform\radio\rail_lib\autogen\librail_release\librail_efr32xg1_gcc_release.a(tempcal.o)
                0x00013f88                TEMPCAL_Init
 .text.TIMING_PreambleSyncBits
                0x00013fc8       0x2c C:\Users\monis\SimplicityStudio\v4_workspace\Monish_Sanika_Project_Server_2\platform\radio\rail_lib\autogen\librail_release\librail_efr32xg1_gcc_release.a(timings.o)
 .text.TIMING_CalcAdjustUs
                0x00013ff4       0x28 C:\Users\monis\SimplicityStudio\v4_workspace\Monish_Sanika_Project_Server_2\platform\radio\rail_lib\autogen\librail_release\librail_efr32xg1_gcc_release.a(timings.o)
 .text.TIMING_SeqTimingInit
                0x0001401c        0x2 C:\Users\monis\SimplicityStudio\v4_workspace\Monish_Sanika_Project_Server_2\platform\radio\rail_lib\autogen\librail_release\librail_efr32xg1_gcc_release.a(timings.o)
                0x0001401c                TIMING_SeqTimingInit
 *fill*         0x0001401e        0x2 
 .text.TIMING_NsToStimerTickCalcSigned
                0x00014020       0x28 C:\Users\monis\SimplicityStudio\v4_workspace\Monish_Sanika_Project_Server_2\platform\radio\rail_lib\autogen\librail_release\librail_efr32xg1_gcc_release.a(timings.o)
                0x00014020                TIMING_NsToStimerTickCalcSigned
 .text.TIMING_NsToStimerTickCalc
                0x00014048        0xc C:\Users\monis\SimplicityStudio\v4_workspace\Monish_Sanika_Project_Server_2\platform\radio\rail_lib\autogen\librail_release\librail_efr32xg1_gcc_release.a(timings.o)
                0x00014048                TIMING_NsToStimerTickCalc
 .text.TIMING_InitStimer
                0x00014054       0x58 C:\Users\monis\SimplicityStudio\v4_workspace\Monish_Sanika_Project_Server_2\platform\radio\rail_lib\autogen\librail_release\librail_efr32xg1_gcc_release.a(timings.o)
                0x00014054                TIMING_InitStimer
 .text.TIMING_TxWarmTimeRecalculate
                0x000140ac       0x34 C:\Users\monis\SimplicityStudio\v4_workspace\Monish_Sanika_Project_Server_2\platform\radio\rail_lib\autogen\librail_release\librail_efr32xg1_gcc_release.a(timings.o)
                0x000140ac                TIMING_TxWarmTimeRecalculate
 .text.TIMING_TxWarmTimeSet
                0x000140e0       0x18 C:\Users\monis\SimplicityStudio\v4_workspace\Monish_Sanika_Project_Server_2\platform\radio\rail_lib\autogen\librail_release\librail_efr32xg1_gcc_release.a(timings.o)
                0x000140e0                TIMING_TxWarmTimeSet
 .text.TIMING_RxToTxTimeRecalculate
                0x000140f8       0x34 C:\Users\monis\SimplicityStudio\v4_workspace\Monish_Sanika_Project_Server_2\platform\radio\rail_lib\autogen\librail_release\librail_efr32xg1_gcc_release.a(timings.o)
                0x000140f8                TIMING_RxToTxTimeRecalculate
 .text.TIMING_RxFrameToTxTimeRecalculate
                0x0001412c       0x38 C:\Users\monis\SimplicityStudio\v4_workspace\Monish_Sanika_Project_Server_2\platform\radio\rail_lib\autogen\librail_release\librail_efr32xg1_gcc_release.a(timings.o)
                0x0001412c                TIMING_RxFrameToTxTimeRecalculate
 .text.TIMING_RxFrameToTxTimeSet
                0x00014164       0x18 C:\Users\monis\SimplicityStudio\v4_workspace\Monish_Sanika_Project_Server_2\platform\radio\rail_lib\autogen\librail_release\librail_efr32xg1_gcc_release.a(timings.o)
                0x00014164                TIMING_RxFrameToTxTimeSet
 .text.TIMING_TxToTxTimeRecalculate
                0x0001417c       0x24 C:\Users\monis\SimplicityStudio\v4_workspace\Monish_Sanika_Project_Server_2\platform\radio\rail_lib\autogen\librail_release\librail_efr32xg1_gcc_release.a(timings.o)
                0x0001417c                TIMING_TxToTxTimeRecalculate
 .text.TIMING_TxToRxTimeRecalculate
                0x000141a0       0x24 C:\Users\monis\SimplicityStudio\v4_workspace\Monish_Sanika_Project_Server_2\platform\radio\rail_lib\autogen\librail_release\librail_efr32xg1_gcc_release.a(timings.o)
                0x000141a0                TIMING_TxToRxTimeRecalculate
 .text.TIMING_TxToRxTimeSet
                0x000141c4       0x18 C:\Users\monis\SimplicityStudio\v4_workspace\Monish_Sanika_Project_Server_2\platform\radio\rail_lib\autogen\librail_release\librail_efr32xg1_gcc_release.a(timings.o)
                0x000141c4                TIMING_TxToRxTimeSet
 .text.TIMING_RxWarmTimeRecalculate
                0x000141dc       0x20 C:\Users\monis\SimplicityStudio\v4_workspace\Monish_Sanika_Project_Server_2\platform\radio\rail_lib\autogen\librail_release\librail_efr32xg1_gcc_release.a(timings.o)
                0x000141dc                TIMING_RxWarmTimeRecalculate
 .text.TIMING_RxWarmTimeSet
                0x000141fc       0x18 C:\Users\monis\SimplicityStudio\v4_workspace\Monish_Sanika_Project_Server_2\platform\radio\rail_lib\autogen\librail_release\librail_efr32xg1_gcc_release.a(timings.o)
                0x000141fc                TIMING_RxWarmTimeSet
 .text.TIMING_RxSearchTimeRecalculate
                0x00014214       0x28 C:\Users\monis\SimplicityStudio\v4_workspace\Monish_Sanika_Project_Server_2\platform\radio\rail_lib\autogen\librail_release\librail_efr32xg1_gcc_release.a(timings.o)
                0x00014214                TIMING_RxSearchTimeRecalculate
 .text.TIMING_RxSearchTimeSet
                0x0001423c       0x10 C:\Users\monis\SimplicityStudio\v4_workspace\Monish_Sanika_Project_Server_2\platform\radio\rail_lib\autogen\librail_release\librail_efr32xg1_gcc_release.a(timings.o)
                0x0001423c                TIMING_RxSearchTimeSet
 .text.TIMING_TxToRxSearchTimeRecalculate
                0x0001424c       0x28 C:\Users\monis\SimplicityStudio\v4_workspace\Monish_Sanika_Project_Server_2\platform\radio\rail_lib\autogen\librail_release\librail_efr32xg1_gcc_release.a(timings.o)
                0x0001424c                TIMING_TxToRxSearchTimeRecalculate
 .text.TIMING_TxToRxSearchTimeSet
                0x00014274       0x10 C:\Users\monis\SimplicityStudio\v4_workspace\Monish_Sanika_Project_Server_2\platform\radio\rail_lib\autogen\librail_release\librail_efr32xg1_gcc_release.a(timings.o)
                0x00014274                TIMING_TxToRxSearchTimeSet
 .text.TIMING_RecalculateAll
                0x00014284       0x3a C:\Users\monis\SimplicityStudio\v4_workspace\Monish_Sanika_Project_Server_2\platform\radio\rail_lib\autogen\librail_release\librail_efr32xg1_gcc_release.a(timings.o)
                0x00014284                TIMING_RecalculateAll
 .text.TIMING_RecalculatePaRampChanged
                0x000142be       0x22 C:\Users\monis\SimplicityStudio\v4_workspace\Monish_Sanika_Project_Server_2\platform\radio\rail_lib\autogen\librail_release\librail_efr32xg1_gcc_release.a(timings.o)
                0x000142be                TIMING_RecalculatePaRampChanged
 .text.TIMING_SetChainDelays
                0x000142e0        0x8 C:\Users\monis\SimplicityStudio\v4_workspace\Monish_Sanika_Project_Server_2\platform\radio\rail_lib\autogen\librail_release\librail_efr32xg1_gcc_release.a(timings.o)
                0x000142e0                TIMING_SetChainDelays
 .text.TIMING_SetRxDoneDelay
                0x000142e8        0x6 C:\Users\monis\SimplicityStudio\v4_workspace\Monish_Sanika_Project_Server_2\platform\radio\rail_lib\autogen\librail_release\librail_efr32xg1_gcc_release.a(timings.o)
                0x000142e8                TIMING_SetRxDoneDelay
 .text.TIMING_CalcRxTimeStampUs
                0x000142ee       0x7a C:\Users\monis\SimplicityStudio\v4_workspace\Monish_Sanika_Project_Server_2\platform\radio\rail_lib\autogen\librail_release\librail_efr32xg1_gcc_release.a(timings.o)
                0x000142ee                TIMING_CalcRxTimeStampUs
 .text.RFRAND_GetRadioEntropy
                0x00014368       0xf0 C:\Users\monis\SimplicityStudio\v4_workspace\Monish_Sanika_Project_Server_2\platform\radio\rail_lib\autogen\librail_release\librail_efr32xg1_gcc_release.a(rf_rand.o)
                0x00014368                RFRAND_GetRadioEntropy
 .text.RFRAND_SeedProtimerRandom
                0x00014458       0x3c C:\Users\monis\SimplicityStudio\v4_workspace\Monish_Sanika_Project_Server_2\platform\radio\rail_lib\autogen\librail_release\librail_efr32xg1_gcc_release.a(rf_rand.o)
                0x00014458                RFRAND_SeedProtimerRandom
 .text.RAIL_GetTxPowerCurve
                0x00014494       0x14 C:\Users\monis\SimplicityStudio\v4_workspace\Monish_Sanika_Project_Server_2\platform\radio\rail_lib\autogen\librail_release\librail_efr32xg1_gcc_release.a(pa_conversions_efr32.o)
                0x00014494                RAIL_GetTxPowerCurve
 .text.RAIL_InitTxPowerCurves
                0x000144a8       0x2c C:\Users\monis\SimplicityStudio\v4_workspace\Monish_Sanika_Project_Server_2\platform\radio\rail_lib\autogen\librail_release\librail_efr32xg1_gcc_release.a(pa_conversions_efr32.o)
                0x000144a8                RAIL_InitTxPowerCurves
 .text.RAIL_ConvertDbmToRaw
                0x000144d4       0xe4 C:\Users\monis\SimplicityStudio\v4_workspace\Monish_Sanika_Project_Server_2\platform\radio\rail_lib\autogen\librail_release\librail_efr32xg1_gcc_release.a(pa_conversions_efr32.o)
                0x000144d4                RAIL_ConvertDbmToRaw
 .text.RAIL_ConvertRawToDbm
                0x000145b8       0xb4 C:\Users\monis\SimplicityStudio\v4_workspace\Monish_Sanika_Project_Server_2\platform\radio\rail_lib\autogen\librail_release\librail_efr32xg1_gcc_release.a(pa_conversions_efr32.o)
                0x000145b8                RAIL_ConvertRawToDbm
 .text.GENERIC_PHY_ConfigureRollbackReporting