Archive member included because of file (symbol)

C:\Users\dongr\SimplicityStudio\v4_workspace\sanika_htp_ota_soc-empty_5\platform\radio\rail_lib\autogen\librail_release\librail_efr32xg1_gcc_release.a(rail_pti.o)
                              ./pti.o (RAIL_ConfigPti)
C:\Users\dongr\SimplicityStudio\v4_workspace\sanika_htp_ota_soc-empty_5\platform\radio\rail_lib\autogen\librail_release\librail_efr32xg1_gcc_release.a(rail_rf_hal.o)
                              C:\Users\dongr\SimplicityStudio\v4_workspace\sanika_htp_ota_soc-empty_5\platform\radio\rail_lib\autogen\librail_release\librail_efr32xg1_gcc_release.a(rail_pti.o) (RFHAL_ConfigPti)
C:\Users\dongr\SimplicityStudio\v4_workspace\sanika_htp_ota_soc-empty_5\platform\radio\rail_lib\autogen\librail_release\librail_efr32xg1_gcc_release.a(rail_singleprotocol.o)
                              C:\Users\dongr\SimplicityStudio\v4_workspace\sanika_htp_ota_soc-empty_5\platform\radio\rail_lib\autogen\librail_release\librail_efr32xg1_gcc_release.a(rail_rf_hal.o) (RAIL_ActiveHandle)
C:\Users\dongr\SimplicityStudio\v4_workspace\sanika_htp_ota_soc-empty_5\platform\radio\rail_lib\autogen\librail_release\librail_efr32xg1_gcc_release.a(rail_rf.o)
                              C:\Users\dongr\SimplicityStudio\v4_workspace\sanika_htp_ota_soc-empty_5\platform\radio\rail_lib\autogen\librail_release\librail_efr32xg1_gcc_release.a(rail_singleprotocol.o) (RAILCore_Init)
C:\Users\dongr\SimplicityStudio\v4_workspace\sanika_htp_ota_soc-empty_5\platform\radio\rail_lib\autogen\librail_release\librail_efr32xg1_gcc_release.a(rail_rx.o)
                              C:\Users\dongr\SimplicityStudio\v4_workspace\sanika_htp_ota_soc-empty_5\platform\radio\rail_lib\autogen\librail_release\librail_efr32xg1_gcc_release.a(rail_rf_hal.o) (RAILCore_StartRx)
C:\Users\dongr\SimplicityStudio\v4_workspace\sanika_htp_ota_soc-empty_5\platform\radio\rail_lib\autogen\librail_release\librail_efr32xg1_gcc_release.a(rail_tx.o)
                              C:\Users\dongr\SimplicityStudio\v4_workspace\sanika_htp_ota_soc-empty_5\platform\radio\rail_lib\autogen\librail_release\librail_efr32xg1_gcc_release.a(rail_singleprotocol.o) (RAILCore_StartTx)
C:\Users\dongr\SimplicityStudio\v4_workspace\sanika_htp_ota_soc-empty_5\platform\radio\rail_lib\autogen\librail_release\librail_efr32xg1_gcc_release.a(rail_calibration.o)
                              C:\Users\dongr\SimplicityStudio\v4_workspace\sanika_htp_ota_soc-empty_5\platform\radio\rail_lib\autogen\librail_release\librail_efr32xg1_gcc_release.a(rail_rf_hal.o) (RAILInt_PendCal)
C:\Users\dongr\SimplicityStudio\v4_workspace\sanika_htp_ota_soc-empty_5\platform\radio\rail_lib\autogen\librail_release\librail_efr32xg1_gcc_release.a(rail_assert.o)
                              C:\Users\dongr\SimplicityStudio\v4_workspace\sanika_htp_ota_soc-empty_5\platform\radio\rail_lib\autogen\librail_release\librail_efr32xg1_gcc_release.a(rail_rf.o) (RAILInt_Assert)
C:\Users\dongr\SimplicityStudio\v4_workspace\sanika_htp_ota_soc-empty_5\platform\radio\rail_lib\autogen\librail_release\librail_efr32xg1_gcc_release.a(rail_rssi.o)
                              C:\Users\dongr\SimplicityStudio\v4_workspace\sanika_htp_ota_soc-empty_5\platform\radio\rail_lib\autogen\librail_release\librail_efr32xg1_gcc_release.a(rail_singleprotocol.o) (RAILCore_GetRssi)
C:\Users\dongr\SimplicityStudio\v4_workspace\sanika_htp_ota_soc-empty_5\platform\radio\rail_lib\autogen\librail_release\librail_efr32xg1_gcc_release.a(bufc.o)
                              C:\Users\dongr\SimplicityStudio\v4_workspace\sanika_htp_ota_soc-empty_5\platform\radio\rail_lib\autogen\librail_release\librail_efr32xg1_gcc_release.a(rail_rf_hal.o) (BUFC_SetTxBuffer)
C:\Users\dongr\SimplicityStudio\v4_workspace\sanika_htp_ota_soc-empty_5\platform\radio\rail_lib\autogen\librail_release\librail_efr32xg1_gcc_release.a(ir_cal.o)
                              C:\Users\dongr\SimplicityStudio\v4_workspace\sanika_htp_ota_soc-empty_5\platform\radio\rail_lib\autogen\librail_release\librail_efr32xg1_gcc_release.a(rail_rf_hal.o) (IRCAL_Set)
C:\Users\dongr\SimplicityStudio\v4_workspace\sanika_htp_ota_soc-empty_5\platform\radio\rail_lib\autogen\librail_release\librail_efr32xg1_gcc_release.a(pa.o)
                              C:\Users\dongr\SimplicityStudio\v4_workspace\sanika_htp_ota_soc-empty_5\platform\radio\rail_lib\autogen\librail_release\librail_efr32xg1_gcc_release.a(rail_rf_hal.o) (PA_GetTxPowerConfig)
C:\Users\dongr\SimplicityStudio\v4_workspace\sanika_htp_ota_soc-empty_5\platform\radio\rail_lib\autogen\librail_release\librail_efr32xg1_gcc_release.a(protimer.o)
                              C:\Users\dongr\SimplicityStudio\v4_workspace\sanika_htp_ota_soc-empty_5\platform\radio\rail_lib\autogen\librail_release\librail_efr32xg1_gcc_release.a(rail_rf_hal.o) (PROTIMER_Start)
C:\Users\dongr\SimplicityStudio\v4_workspace\sanika_htp_ota_soc-empty_5\platform\radio\rail_lib\autogen\librail_release\librail_efr32xg1_gcc_release.a(pti.o)
[...]
Memory Configuration

Name             Origin             Length             Attributes
FLASH_BOOTLOADER 0x00000000         0x00004000         xr
FLASH            0x00004000         0x0003b000         xr
RAM              0x20000000         0x00007bfc         xrw
*default*        0x00000000         0xffffffff

Linker script and memory map

LOAD c:/siliconlabs/simplicitystudio/v4/developer/toolchains/gnu_arm/4.9_2015q3/bin/../lib/gcc/arm-none-eabi/4.9.3/armv7e-m/softfp/crti.o
LOAD c:/siliconlabs/simplicitystudio/v4/developer/toolchains/gnu_arm/4.9_2015q3/bin/../lib/gcc/arm-none-eabi/4.9.3/armv7e-m/softfp/crtbegin.o
LOAD c:/siliconlabs/simplicitystudio/v4/developer/toolchains/gnu_arm/4.9_2015q3/bin/../lib/gcc/arm-none-eabi/4.9.3/../../../../arm-none-eabi/lib/armv7e-m/softfp/crt0.o
START GROUP
LOAD ./application_properties.o
LOAD ./cmu.o
LOAD ./gatt_db.o
LOAD ./gpio.o
LOAD ./i2c.o
LOAD ./init_app.o
LOAD ./init_board.o
LOAD ./init_mcu.o
LOAD ./letimer.o
LOAD ./main.o
LOAD ./pti.o
LOAD ./sleep_timer.o
LOAD ./hardware/kit/common/bsp/bsp_stk.o
LOAD ./hardware/kit/common/drivers/mx25flash_spi.o
LOAD ./platform/Device/SiliconLabs/EFR32BG1B/Source/GCC/startup_efr32bg1b.o
LOAD ./platform/Device/SiliconLabs/EFR32BG1B/Source/system_efr32bg1b.o
LOAD ./platform/emdrv/sleep/src/sleep.o
LOAD ./platform/emdrv/tempdrv/src/tempdrv.o
LOAD ./platform/emlib/src/em_acmp.o
LOAD ./platform/emlib/src/em_adc.o
LOAD ./platform/emlib/src/em_aes.o
LOAD ./platform/emlib/src/em_assert.o
LOAD ./platform/emlib/src/em_burtc.o
LOAD ./platform/emlib/src/em_can.o
LOAD ./platform/emlib/src/em_cmu.o
LOAD ./platform/emlib/src/em_core.o
LOAD ./platform/emlib/src/em_cryotimer.o
LOAD ./platform/emlib/src/em_crypto.o
LOAD ./platform/emlib/src/em_csen.o
LOAD ./platform/emlib/src/em_dac.o
LOAD ./platform/emlib/src/em_dbg.o
LOAD ./platform/emlib/src/em_dma.o
LOAD ./platform/emlib/src/em_ebi.o
LOAD ./platform/emlib/src/em_emu.o
LOAD ./platform/emlib/src/em_gpcrc.o
LOAD ./platform/emlib/src/em_gpio.o
LOAD ./platform/emlib/src/em_i2c.o
LOAD ./platform/emlib/src/em_idac.o
LOAD ./platform/emlib/src/em_int.o
LOAD ./platform/emlib/src/em_lcd.o
LOAD ./platform/emlib/src/em_ldma.o
LOAD ./platform/emlib/src/em_lesense.o
LOAD ./platform/emlib/src/em_letimer.o
LOAD ./platform/emlib/src/em_leuart.o
LOAD ./platform/emlib/src/em_mpu.o
LOAD ./platform/emlib/src/em_msc.o
LOAD ./platform/emlib/src/em_opamp.o
LOAD ./platform/emlib/src/em_pcnt.o
LOAD ./platform/emlib/src/em_prs.o
LOAD ./platform/emlib/src/em_qspi.o
LOAD ./platform/emlib/src/em_rmu.o
LOAD ./platform/emlib/src/em_rtc.o
LOAD ./platform/emlib/src/em_rtcc.o
LOAD ./platform/emlib/src/em_system.o
LOAD ./platform/emlib/src/em_timer.o
LOAD ./platform/emlib/src/em_usart.o
LOAD ./platform/emlib/src/em_vcmp.o
LOAD ./platform/emlib/src/em_vdac.o
LOAD ./platform/emlib/src/em_wdog.o
LOAD C:\Users\dongr\SimplicityStudio\v4_workspace\sanika_htp_ota_soc-empty_5\platform\radio\rail_lib\autogen\librail_release\librail_efr32xg1_gcc_release.a
LOAD C:\Users\dongr\SimplicityStudio\v4_workspace\sanika_htp_ota_soc-empty_5\protocol\bluetooth_2.7\lib\EFR32BG1B\GCC\libmbedtls.a
LOAD C:\Users\dongr\SimplicityStudio\v4_workspace\sanika_htp_ota_soc-empty_5\protocol\bluetooth_2.7\lib\EFR32BG1B\GCC\libpsstore.a
LOAD C:\Users\dongr\SimplicityStudio\v4_workspace\sanika_htp_ota_soc-empty_5\protocol\bluetooth_2.7\lib\EFR32BG1B\GCC\libbluetooth.a
LOAD C:\Users\dongr\SimplicityStudio\v4_workspace\sanika_htp_ota_soc-empty_5\protocol\bluetooth_2.7\lib\EFR32BG1B\GCC\binapploader.o
LOAD c:/siliconlabs/simplicitystudio/v4/developer/toolchains/gnu_arm/4.9_2015q3/bin/../lib/gcc/arm-none-eabi/4.9.3/../../../../arm-none-eabi/lib/armv7e-m/softfp\libm.a
END GROUP
START GROUP
LOAD c:/siliconlabs/simplicitystudio/v4/developer/toolchains/gnu_arm/4.9_2015q3/bin/../lib/gcc/arm-none-eabi/4.9.3/armv7e-m/softfp\libgcc.a
LOAD c:/siliconlabs/simplicitystudio/v4/developer/toolchains/gnu_arm/4.9_2015q3/bin/../lib/gcc/arm-none-eabi/4.9.3/../../../../arm-none-eabi/lib/armv7e-m/softfp\libc_nano.a
LOAD c:/siliconlabs/simplicitystudio/v4/developer/toolchains/gnu_arm/4.9_2015q3/bin/../lib/gcc/arm-none-eabi/4.9.3/../../../../arm-none-eabi/lib/armv7e-m/softfp\libnosys.a
END GROUP
START GROUP
LOAD c:/siliconlabs/simplicitystudio/v4/developer/toolchains/gnu_arm/4.9_2015q3/bin/../lib/gcc/arm-none-eabi/4.9.3/armv7e-m/softfp\libgcc.a
LOAD c:/siliconlabs/simplicitystudio/v4/developer/toolchains/gnu_arm/4.9_2015q3/bin/../lib/gcc/arm-none-eabi/4.9.3/../../../../arm-none-eabi/lib/armv7e-m/softfp\libg_nano.a
LOAD c:/siliconlabs/simplicitystudio/v4/developer/toolchains/gnu_arm/4.9_2015q3/bin/../lib/gcc/arm-none-eabi/4.9.3/../../../../arm-none-eabi/lib/armv7e-m/softfp\libc_nano.a
END GROUP
START GROUP
LOAD c:/siliconlabs/simplicitystudio/v4/developer/toolchains/gnu_arm/4.9_2015q3/bin/../lib/gcc/arm-none-eabi/4.9.3/armv7e-m/softfp\libgcc.a
LOAD c:/siliconlabs/simplicitystudio/v4/developer/toolchains/gnu_arm/4.9_2015q3/bin/../lib/gcc/arm-none-eabi/4.9.3/../../../../arm-none-eabi/lib/armv7e-m/softfp\libc_nano.a
END GROUP
LOAD c:/siliconlabs/simplicitystudio/v4/developer/toolchains/gnu_arm/4.9_2015q3/bin/../lib/gcc/arm-none-eabi/4.9.3/armv7e-m/softfp/crtend.o
LOAD c:/siliconlabs/simplicitystudio/v4/developer/toolchains/gnu_arm/4.9_2015q3/bin/../lib/gcc/arm-none-eabi/4.9.3/armv7e-m/softfp/crtn.o

.text_bootloader
                0x00000000        0x0
 *(.binbootloader*)
                0x00000000                . = ALIGN (0x4000)

.text_apploader
                0x00004000     0x8fc0
 *(.binapploader*)
 .binapploader  0x00004000     0x8fc0 C:\Users\dongr\SimplicityStudio\v4_workspace\sanika_htp_ota_soc-empty_5\protocol\bluetooth_2.7\lib\EFR32BG1B\GCC\binapploader.o

.text_signature
                0x0000cfc0       0x40
                0x0000d000                . = ALIGN (0x800)
 *fill*         0x0000cfc0       0x40 
                0x0000d000                __text_start__ = .

.text_application
                0x0000d000    0x1f0bc
 *(.vectors)
 .vectors       0x0000d000       0xc8 ./platform/Device/SiliconLabs/EFR32BG1B/Source/GCC/startup_efr32bg1b.o
                0x0000d000                __Vectors
                0x0000d0c8                __Vectors_End = .
                0x000000c8                __Vectors_Size = (__Vectors_End - __Vectors)
                0x0000d0c8                __end__ = .
 *(.application_properties)
 .application_properties
                0x0000d0c8       0x38 ./application_properties.o
                0x0000d0c8                applicationProperties
 *(.gecko_configuration)
 *(.xo_configuration)
 *(.gatt_header)
 .gatt_header   0x0000d100       0x34 ./gatt_db.o
                0x0000d100                bg_gattdb_data
 *(.gatt_data)
 .gatt_data     0x0000d134      0x312 ./gatt_db.o
                0x0000d134                bg_gattdb_data_adv_uuid128_map
                0x0000d138                bg_gattdb_data_adv_uuid16_map
                0x0000d13c                bg_gattdb_data_attributes_dynamic_mapping_map
                0x0000d150                bg_gattdb_data_attributes_map
                0x0000d2f4                bg_gattdb_data_attribute_field_0
                0x0000d2f8                bg_gattdb_data_attribute_field_1
                0x0000d300                bg_gattdb_data_attribute_field_2
                0x0000d308                bg_gattdb_data_attribute_field_4
                0x0000d30c                bg_gattdb_data_attribute_field_5
                0x0000d314                bg_gattdb_data_attribute_field_6
                0x0000d31c                bg_gattdb_data_attribute_field_7
                0x0000d324                bg_gattdb_data_attribute_field_8
                0x0000d328                bg_gattdb_data_attribute_field_9
                0x0000d32c                bg_gattdb_data_attribute_field_10
                0x0000d334                bg_gattdb_data_attribute_field_11
                0x0000d344                bg_gattdb_data_attribute_field_12
                0x0000d34c                bg_gattdb_data_attribute_field_13
                0x0000d358                bg_gattdb_data_attribute_field_14
                0x0000d360                bg_gattdb_data_attribute_field_15
                0x0000d368                bg_gattdb_data_attribute_field_16
                0x0000d37c                bg_gattdb_data_attribute_field_17
                0x0000d394                bg_gattdb_data_attribute_field_18
                0x0000d39c                bg_gattdb_data_attribute_field_19
                0x0000d3a0                bg_gattdb_data_attribute_field_20
                0x0000d3a8                bg_gattdb_data_attribute_field_21
                0x0000d3b0                bg_gattdb_data_attribute_field_23
                0x0000d3b8                bg_gattdb_data_attribute_field_24
                0x0000d3c0                bg_gattdb_data_attribute_field_25
                0x0000d3c8                bg_gattdb_data_attribute_field_26
                0x0000d3d0                bg_gattdb_data_attribute_field_28
                0x0000d3d8                bg_gattdb_data_attribute_field_29
                0x0000d3e0                bg_gattdb_data_attribute_field_31
                0x0000d3e8                bg_gattdb_data_attribute_field_32
                0x0000d3ec                bg_gattdb_data_attribute_field_33
                0x0000d3f4                bg_gattdb_data_attribute_field_34
                0x0000d3fc                bg_gattdb_data_uuidtable_128_map
                0x0000d41c                bg_gattdb_data_uuidtable_16_map
 *(.text*)
 *fill*         0x0000d446        0x2 
 .text          0x0000d448       0x5c c:/siliconlabs/simplicitystudio/v4/developer/toolchains/gnu_arm/4.9_2015q3/bin/../lib/gcc/arm-none-eabi/4.9.3/armv7e-m/softfp/crtbegin.o
 .text          0x0000d4a4       0x74 c:/siliconlabs/simplicitystudio/v4/developer/toolchains/gnu_arm/4.9_2015q3/bin/../lib/gcc/arm-none-eabi/4.9.3/../../../../arm-none-eabi/lib/armv7e-m/softfp/crt0.o
                0x0000d4a4                _start
                0x0000d4a4                _mainCRTStartup
 .text.cmu_init
                0x0000d518       0x20 ./cmu.o
                0x0000d518                cmu_init
 .text.cmu_i2c  0x0000d538       0x20 ./cmu.o
                0x0000d538                cmu_i2c
 .text.gpio_init
                0x0000d558       0x30 ./gpio.o
                0x0000d558                gpio_init
 .text.i2c_setup
                0x0000d588       0x3c ./i2c.o
                0x0000d588                i2c_setup
 .text.Temp_sensor_on
                0x0000d5c4        0xc ./i2c.o
                0x0000d5c4                Temp_sensor_on
 .text.i2c_write_read
                0x0000d5d0       0x7c ./i2c.o
                0x0000d5d0                i2c_write_read
 *fill*         0x0000d64c        0x4 
 .text.Temp_record
                0x0000d650       0xd0 ./i2c.o
                0x0000d650                Temp_record
 .text.Temp_sensor_off
                0x0000d720       0x2c ./i2c.o
                0x0000d720                Temp_sensor_off
 .text.initBoard
                0x0000d74c       0x48 ./init_board.o
                0x0000d74c                initBoard
 .text.initMcu  0x0000d794      0x168 ./init_mcu.o
                0x0000d794                initMcu
 .text.LETIMER_setup
                0x0000d8fc       0x68 ./letimer.o
                0x0000d8fc                LETIMER_setup
 .text.LETIMER0_IRQHandler
                0x0000d964       0x70 ./letimer.o
                0x0000d964                LETIMER0_IRQHandler
 .text.temperature_read
                0x0000d9d4       0xb4 ./main.o
                0x0000d9d4                temperature_read
 .text.startup.main
                0x0000da88      0x3fc ./main.o
                0x0000da88                main
 .text.MX25_init
                0x0000de84       0xa4 ./hardware/kit/common/drivers/mx25flash_spi.o
                0x0000de84                MX25_init
 .text.MX25_DP  0x0000df28       0x5c ./hardware/kit/common/drivers/mx25flash_spi.o
                0x0000df28                MX25_DP
 .text.Default_Handler
                0x0000df84        0x4 ./platform/Device/SiliconLabs/EFR32BG1B/Source/GCC/startup_efr32bg1b.o
                0x0000df84                DebugMon_Handler
                0x0000df84                USART0_TX_IRQHandler
                0x0000df84                I2C0_IRQHandler
                0x0000df84                HardFault_Handler
                0x0000df84                SysTick_Handler
                0x0000df84                USART1_RX_IRQHandler
                0x0000df84                PendSV_Handler
                0x0000df84                NMI_Handler
                0x0000df84                WDOG0_IRQHandler
                0x0000df84                USART1_TX_IRQHandler
                0x0000df84                MSC_IRQHandler
                0x0000df84                ADC0_IRQHandler
                0x0000df84                UsageFault_Handler
                0x0000df84                LEUART0_IRQHandler
                0x0000df84                FPUEH_IRQHandler
                0x0000df84                GPIO_EVEN_IRQHandler
                0x0000df84                LDMA_IRQHandler
                0x0000df84                TIMER0_IRQHandler
                0x0000df84                TIMER1_IRQHandler
                0x0000df84                Default_Handler
                0x0000df84                CRYOTIMER_IRQHandler
                0x0000df84                PCNT0_IRQHandler
                0x0000df84                ACMP0_IRQHandler
                0x0000df84                USART0_RX_IRQHandler
                0x0000df84                MemManage_Handler
                0x0000df84                SVC_Handler
                0x0000df84                RTCC_IRQHandler
                0x0000df84                CRYPTO_IRQHandler
                0x0000df84                CMU_IRQHandler
                0x0000df84                GPIO_ODD_IRQHandler
                0x0000df84                BusFault_Handler
                0x0000df84                IDAC0_IRQHandler
 .text.Reset_Handler
                0x0000df88       0x38 ./platform/Device/SiliconLabs/EFR32BG1B/Source/GCC/startup_efr32bg1b.o
                0x0000df88                Reset_Handler
 .text.SystemMaxCoreClockGet
                0x0000dfc0        0x8 ./platform/Device/SiliconLabs/EFR32BG1B/Source/system_efr32bg1b.o
                0x0000dfc0                SystemMaxCoreClockGet
 .text.SystemHFClockGet
                0x0000dfc8       0x50 ./platform/Device/SiliconLabs/EFR32BG1B/Source/system_efr32bg1b.o
                0x0000dfc8                SystemHFClockGet
 .text.SystemCoreClockGet
                0x0000e018       0x24 ./platform/Device/SiliconLabs/EFR32BG1B/Source/system_efr32bg1b.o
                0x0000e018                SystemCoreClockGet
 .text.SystemHFXOClockGet
                0x0000e03c        0xc ./platform/Device/SiliconLabs/EFR32BG1B/Source/system_efr32bg1b.o
                0x0000e03c                SystemHFXOClockGet
 .text.SystemHFXOClockSet
                0x0000e048       0x20 ./platform/Device/SiliconLabs/EFR32BG1B/Source/system_efr32bg1b.o
                0x0000e048                SystemHFXOClockSet
 .text.SystemInit
                0x0000e068       0x4c ./platform/Device/SiliconLabs/EFR32BG1B/Source/system_efr32bg1b.o
                0x0000e068                SystemInit
 .text.SystemLFRCOClockGet
                0x0000e0b4        0x8 ./platform/Device/SiliconLabs/EFR32BG1B/Source/system_efr32bg1b.o
                0x0000e0b4                SystemLFRCOClockGet
 .text.SystemULFRCOClockGet
                0x0000e0bc        0x8 ./platform/Device/SiliconLabs/EFR32BG1B/Source/system_efr32bg1b.o
                0x0000e0bc                SystemULFRCOClockGet
 .text.SystemLFXOClockGet
                0x0000e0c4        0xc ./platform/Device/SiliconLabs/EFR32BG1B/Source/system_efr32bg1b.o
                0x0000e0c4                SystemLFXOClockGet
 .text.SystemLFXOClockSet
                0x0000e0d0       0x20 ./platform/Device/SiliconLabs/EFR32BG1B/Source/system_efr32bg1b.o
                0x0000e0d0                SystemLFXOClockSet
 .text.sleepCallbackWrapper
                0x0000e0f0       0x14 ./platform/emdrv/sleep/src/sleep.o
 .text.enterEMx
                0x0000e104       0x70 ./platform/emdrv/sleep/src/sleep.o
 .text.SLEEP_Init
                0x0000e174       0x44 ./platform/emdrv/sleep/src/sleep.o
                0x0000e174                SLEEP_Init
 .text.SLEEP_Sleep
                0x0000e1b8       0x70 ./platform/emdrv/sleep/src/sleep.o
                0x0000e1b8                SLEEP_Sleep
 .text.SLEEP_SleepBlockBegin
                0x0000e228       0x28 ./platform/emdrv/sleep/src/sleep.o
                0x0000e228                SLEEP_SleepBlockBegin
 .text.SLEEP_SleepBlockEnd
                0x0000e250       0x2c ./platform/emdrv/sleep/src/sleep.o
                0x0000e250                SLEEP_SleepBlockEnd
 .text.SLEEP_LowestEnergyModeGet
                0x0000e27c       0x1c ./platform/emdrv/sleep/src/sleep.o
                0x0000e27c                SLEEP_LowestEnergyModeGet
 .text.updateInterrupts
                0x0000e298       0xe0 ./platform/emdrv/tempdrv/src/tempdrv.o
 .text.errataStateUpdate
                0x0000e378       0xbc ./platform/emdrv/tempdrv/src/tempdrv.o
 .text.errataCallback
                0x0000e434        0x4 ./platform/emdrv/tempdrv/src/tempdrv.o
 .text.TEMPDRV_IRQHandler
                0x0000e438       0xd4 ./platform/emdrv/tempdrv/src/tempdrv.o
                0x0000e438                TEMPDRV_IRQHandler
 .text.EMU_IRQHandler
                0x0000e50c        0x4 ./platform/emdrv/tempdrv/src/tempdrv.o
                0x0000e50c                EMU_IRQHandler
 .text.TEMPDRV_Init
                0x0000e510      0x14c ./platform/emdrv/tempdrv/src/tempdrv.o
                0x0000e510                TEMPDRV_Init
 .text.flashWaitStateControl.isra.0
                0x0000e65c       0x48 ./platform/emlib/src/em_cmu.o
 .text.CMU_OscillatorTuningSet.part.3
                0x0000e6a4       0x3c ./platform/emlib/src/em_cmu.o
 .text.CMU_ClockEnable
                0x0000e6e0       0x8c ./platform/emlib/src/em_cmu.o
                0x0000e6e0                CMU_ClockEnable
 .text.CMU_ClockPrescGet
                0x0000e76c       0x94 ./platform/emlib/src/em_cmu.o
                0x0000e76c                CMU_ClockPrescGet
 .text.CMU_ClockSelectGet
                0x0000e800       0xc4 ./platform/emlib/src/em_cmu.o
                0x0000e800                CMU_ClockSelectGet
 .text.lfClkGet
                0x0000e8c4       0x94 ./platform/emlib/src/em_cmu.o
 .text.CMU_ClockFreqGet
                0x0000e958      0x160 ./platform/emlib/src/em_cmu.o
                0x0000e958                CMU_ClockFreqGet
 .text.CMU_HFXOAutostartEnable
                0x0000eab8       0x74 ./platform/emlib/src/em_cmu.o
                0x0000eab8                CMU_HFXOAutostartEnable
 .text.CMU_OscillatorTuningWait
                0x0000eb2c       0x5c ./platform/emlib/src/em_cmu.o
                0x0000eb2c                CMU_OscillatorTuningWait
 .text.CMU_OscillatorEnable
                0x0000eb88      0x110 ./platform/emlib/src/em_cmu.o
                0x0000eb88                CMU_OscillatorEnable
 .text.CMU_ClockSelectSet
                0x0000ec98      0x200 ./platform/emlib/src/em_cmu.o
                0x0000ec98                CMU_ClockSelectSet
 .text.CMU_HFXOInit
                0x0000ee98       0x88 ./platform/emlib/src/em_cmu.o
                0x0000ee98                CMU_HFXOInit
 .text.CMU_LFXOInit
                0x0000ef20       0x40 ./platform/emlib/src/em_cmu.o
                0x0000ef20                CMU_LFXOInit
 .text.CORE_EnterCritical
                0x0000ef60        0x8 ./platform/emlib/src/em_core.o
                0x0000ef60                CORE_EnterCritical
 .text.CORE_ExitCritical
                0x0000ef68        0x8 ./platform/emlib/src/em_core.o
                0x0000ef68                CORE_ExitCritical
 .text.CORE_AtomicDisableIrq
                0x0000ef70        0x4 ./platform/emlib/src/em_core.o
                0x0000ef70                CORE_AtomicDisableIrq
 .text.CORE_AtomicEnableIrq
                0x0000ef74        0x4 ./platform/emlib/src/em_core.o
                0x0000ef74                CORE_AtomicEnableIrq
 .text.CORE_EnterAtomic
                0x0000ef78        0x8 ./platform/emlib/src/em_core.o
                0x0000ef78                CORE_EnterAtomic
 .text.CORE_ExitAtomic
                0x0000ef80        0x8 ./platform/emlib/src/em_core.o
                0x0000ef80                CORE_ExitAtomic
 .text.CORE_SetNvicRamTableHandler
                0x0000ef88       0x10 ./platform/emlib/src/em_core.o
                0x0000ef88                CORE_SetNvicRamTableHandler
 .text.CORE_InitNvicVectorTable
                0x0000ef98       0x48 ./platform/emlib/src/em_core.o
                0x0000ef98                CORE_InitNvicVectorTable
 .text.CRYPTO_ModulusSet
                0x0000efe0       0x38 ./platform/emlib/src/em_crypto.o
                0x0000efe0                CRYPTO_ModulusSet
 .text.CRYPTO_KeyRead
                0x0000f018       0x2c ./platform/emlib/src/em_crypto.o
                0x0000f018                CRYPTO_KeyRead
 .text.currentLimitersUpdate
                0x0000f044       0x74 ./platform/emlib/src/em_emu.o
 .text.dcdcHsFixLnBlock.part.0
                0x0000f0b8       0x30 ./platform/emlib/src/em_emu.o
 .text.dcdcFetCntSet.part.1
                0x0000f0e8       0x20 ./platform/emlib/src/em_emu.o
 .text.emState.part.2
                0x0000f108       0x24 ./platform/emlib/src/em_emu.o
 .text.emState  0x0000f12c       0x60 ./platform/emlib/src/em_emu.o
 .text.EMU_EnterEM2
                0x0000f18c       0x5c ./platform/emlib/src/em_emu.o
                0x0000f18c                EMU_EnterEM2
 .text.EMU_EnterEM3
                0x0000f1e8       0x80 ./platform/emlib/src/em_emu.o
                0x0000f1e8                EMU_EnterEM3
 .text.EMU_Save
                0x0000f268        0x4 ./platform/emlib/src/em_emu.o
                0x0000f268                EMU_Save
 .text.EMU_Restore
                0x0000f26c        0x8 ./platform/emlib/src/em_emu.o
                0x0000f26c                EMU_Restore
 .text.EMU_DCDCModeSet
                0x0000f274       0x64 ./platform/emlib/src/em_emu.o
                0x0000f274                EMU_DCDCModeSet
 .text.EMU_EnterEM4
                0x0000f2d8       0x98 ./platform/emlib/src/em_emu.o
                0x0000f2d8                EMU_EnterEM4
 .text.EMU_DCDCOutputVoltageSet
                0x0000f370      0x1d0 ./platform/emlib/src/em_emu.o
                0x0000f370                EMU_DCDCOutputVoltageSet
 .text.EMU_DCDCOptimizeSlice
                0x0000f540       0x94 ./platform/emlib/src/em_emu.o
                0x0000f540                EMU_DCDCOptimizeSlice
 .text.EMU_DCDCLnRcoBandSet
                0x0000f5d4       0x24 ./platform/emlib/src/em_emu.o
                0x0000f5d4                EMU_DCDCLnRcoBandSet
 .text.EMU_DCDCInit
                0x0000f5f8      0x18c ./platform/emlib/src/em_emu.o
                0x0000f5f8                EMU_DCDCInit
 .text.EMU_SetBiasMode
                0x0000f784       0x84 ./platform/emlib/src/em_emu.o
                0x0000f784                EMU_SetBiasMode
 .text.GPIO_DriveStrengthSet
                0x0000f808       0x20 ./platform/emlib/src/em_gpio.o
                0x0000f808                GPIO_DriveStrengthSet
 .text.GPIO_PinModeSet
                0x0000f828       0x84 ./platform/emlib/src/em_gpio.o
                0x0000f828                GPIO_PinModeSet
 .text.I2C_BusFreqSet.part.0
                0x0000f8ac       0x60 ./platform/emlib/src/em_i2c.o
 .text.I2C_Enable
                0x0000f90c        0xc ./platform/emlib/src/em_i2c.o
                0x0000f90c                I2C_Enable
 .text.I2C_Init
                0x0000f918       0x3c ./platform/emlib/src/em_i2c.o
                0x0000f918                I2C_Init
 .text.LETIMER_CompareSet
                0x0000f954       0x14 ./platform/emlib/src/em_letimer.o
                0x0000f954                LETIMER_CompareSet
 .text.LETIMER_Enable
                0x0000f968       0x10 ./platform/emlib/src/em_letimer.o
                0x0000f968                LETIMER_Enable
 .text.LETIMER_Init
                0x0000f978       0x60 ./platform/emlib/src/em_letimer.o
                0x0000f978                LETIMER_Init
 .text.MSC_Init
                0x0000f9d8       0x18 ./platform/emlib/src/em_msc.o
                0x0000f9d8                MSC_Init
 .text.MSC_Deinit
                0x0000f9f0       0x14 ./platform/emlib/src/em_msc.o
                0x0000f9f0                MSC_Deinit
 .text.RMU_ResetCauseClear
                0x0000fa04        0xc ./platform/emlib/src/em_rmu.o
                0x0000fa04                RMU_ResetCauseClear
 .text.RMU_ResetCauseGet
                0x0000fa10       0x7c ./platform/emlib/src/em_rmu.o
                0x0000fa10                RMU_ResetCauseGet
 .text.RTCC_ChannelInit
                0x0000fa8c       0x3c ./platform/emlib/src/em_rtcc.o
                0x0000fa8c                RTCC_ChannelInit
 .text.RTCC_Init
                0x0000fac8       0x6c ./platform/emlib/src/em_rtcc.o
                0x0000fac8                RTCC_Init
 .text.SYSTEM_ChipRevisionGet
                0x0000fb34       0x34 ./platform/emlib/src/em_system.o
                0x0000fb34                SYSTEM_ChipRevisionGet
 .text.USART_BaudrateSyncSet
                0x0000fb68       0x24 ./platform/emlib/src/em_usart.o
                0x0000fb68                USART_BaudrateSyncSet
 .text.USART_InitSync
                0x0000fb8c       0xc8 ./platform/emlib/src/em_usart.o
                0x0000fb8c                USART_InitSync
 .text.USART_Reset
                0x0000fc54       0x4c ./platform/emlib/src/em_usart.o
                0x0000fc54                USART_Reset
 .text.USART_SpiTransfer
                0x0000fca0       0x14 ./platform/emlib/src/em_usart.o
                0x0000fca0                USART_SpiTransfer
 .text.eventDefault
                0x0000fcb4        0x2 C:\Users\dongr\SimplicityStudio\v4_workspace\sanika_htp_ota_soc-empty_5\platform\radio\rail_lib\autogen\librail_release\librail_efr32xg1_gcc_release.a(rail_rf_hal.o)
 *fill*         0x0000fcb6        0x2 
 .text.setRssiPeriod
                0x0000fcb8       0x18 C:\Users\dongr\SimplicityStudio\v4_workspace\sanika_htp_ota_soc-empty_5\platform\radio\rail_lib\autogen\librail_release\librail_efr32xg1_gcc_release.a(rail_rf_hal.o)
 .text.RFHAL_NotifyUserOfIrCal
                0x0000fcd0       0x80 C:\Users\dongr\SimplicityStudio\v4_workspace\sanika_htp_ota_soc-empty_5\platform\radio\rail_lib\autogen\librail_release\librail_efr32xg1_gcc_release.a(rail_rf_hal.o)
 .text.GENERIC_PHY_EventCallback
                0x0000fd50      0x19c C:\Users\dongr\SimplicityStudio\v4_workspace\sanika_htp_ota_soc-empty_5\platform\radio\rail_lib\autogen\librail_release\librail_efr32xg1_gcc_release.a(rail_rf_hal.o)
                0x0000fd50                GENERIC_PHY_EventCallback
 .text.RFHAL_IntEnable
                0x0000feec       0x56 C:\Users\dongr\SimplicityStudio\v4_workspace\sanika_htp_ota_soc-empty_5\platform\radio\rail_lib\autogen\librail_release\librail_efr32xg1_gcc_release.a(rail_rf_hal.o)
                0x0000feec                RFHAL_IntEnable
 *fill*         0x0000ff42        0x2 
 .text.RFHAL_SetEventCallback
                0x0000ff44       0x18 C:\Users\dongr\SimplicityStudio\v4_workspace\sanika_htp_ota_soc-empty_5\platform\radio\rail_lib\autogen\librail_release\librail_efr32xg1_gcc_release.a(rail_rf_hal.o)
                0x0000ff44                RFHAL_SetEventCallback
 .text.RFHAL_SetPtiProtocol
                0x0000ff5c       0x20 C:\Users\dongr\SimplicityStudio\v4_workspace\sanika_htp_ota_soc-empty_5\platform\radio\rail_lib\autogen\librail_release\librail_efr32xg1_gcc_release.a(rail_rf_hal.o)
                0x0000ff5c                RFHAL_SetPtiProtocol
 .text.RFHAL_Idle
                0x0000ff7c       0x40 C:\Users\dongr\SimplicityStudio\v4_workspace\sanika_htp_ota_soc-empty_5\platform\radio\rail_lib\autogen\librail_release\librail_efr32xg1_gcc_release.a(rail_rf_hal.o)
                0x0000ff7c                RFHAL_Idle
 .text.RFHAL_GetRadioState
                0x0000ffbc       0x7c C:\Users\dongr\SimplicityStudio\v4_workspace\sanika_htp_ota_soc-empty_5\platform\radio\rail_lib\autogen\librail_release\librail_efr32xg1_gcc_release.a(rail_rf_hal.o)
                0x0000ffbc                RFHAL_GetRadioState
 .text.RFHAL_OkToTransmit
                0x00010038       0x14 C:\Users\dongr\SimplicityStudio\v4_workspace\sanika_htp_ota_soc-empty_5\platform\radio\rail_lib\autogen\librail_release\librail_efr32xg1_gcc_release.a(rail_rf_hal.o)
                0x00010038                RFHAL_OkToTransmit
 .text.RFHAL_ScheduleRx
                0x0001004c       0x74 C:\Users\dongr\SimplicityStudio\v4_workspace\sanika_htp_ota_soc-empty_5\platform\radio\rail_lib\autogen\librail_release\librail_efr32xg1_gcc_release.a(rail_rf_hal.o)
                0x0001004c                RFHAL_ScheduleRx
 .text.RFHAL_EnableRxRawCapture
                0x000100c0       0x5c C:\Users\dongr\SimplicityStudio\v4_workspace\sanika_htp_ota_soc-empty_5\platform\radio\rail_lib\autogen\librail_release\librail_efr32xg1_gcc_release.a(rail_rf_hal.o)
                0x000100c0                RFHAL_EnableRxRawCapture
 .text.RFHAL_DisableRxRawCapture
                0x0001011c       0x38 C:\Users\dongr\SimplicityStudio\v4_workspace\sanika_htp_ota_soc-empty_5\platform\radio\rail_lib\autogen\librail_release\librail_efr32xg1_gcc_release.a(rail_rf_hal.o)
                0x0001011c                RFHAL_DisableRxRawCapture
 .text.RFHAL_AcceptCrcErrors
                0x00010154       0x18 C:\Users\dongr\SimplicityStudio\v4_workspace\sanika_htp_ota_soc-empty_5\platform\radio\rail_lib\autogen\librail_release\librail_efr32xg1_gcc_release.a(rail_rf_hal.o)
                0x00010154                RFHAL_AcceptCrcErrors
 .text.RFHAL_ConfigRxOptions
                0x0001016c       0x74 C:\Users\dongr\SimplicityStudio\v4_workspace\sanika_htp_ota_soc-empty_5\platform\radio\rail_lib\autogen\librail_release\librail_efr32xg1_gcc_release.a(rail_rf_hal.o)
                0x0001016c                RFHAL_ConfigRxOptions
 .text.RFHAL_CancelTimer
                0x000101e0       0x28 C:\Users\dongr\SimplicityStudio\v4_workspace\sanika_htp_ota_soc-empty_5\platform\radio\rail_lib\autogen\librail_release\librail_efr32xg1_gcc_release.a(rail_rf_hal.o)
                0x000101e0                RFHAL_CancelTimer
 .text.RFHAL_SetTimer
                0x00010208       0x80 C:\Users\dongr\SimplicityStudio\v4_workspace\sanika_htp_ota_soc-empty_5\platform\radio\rail_lib\autogen\librail_release\librail_efr32xg1_gcc_release.a(rail_rf_hal.o)
                0x00010208                RFHAL_SetTimer
 .text.RFHAL_SetTxTransitions
                0x00010288       0x1c C:\Users\dongr\SimplicityStudio\v4_workspace\sanika_htp_ota_soc-empty_5\platform\radio\rail_lib\autogen\librail_release\librail_efr32xg1_gcc_release.a(rail_rf_hal.o)
                0x00010288                RFHAL_SetTxTransitions
 .text.RFHAL_SetRxTransitions
                0x000102a4       0x1c C:\Users\dongr\SimplicityStudio\v4_workspace\sanika_htp_ota_soc-empty_5\platform\radio\rail_lib\autogen\librail_release\librail_efr32xg1_gcc_release.a(rail_rf_hal.o)
                0x000102a4                RFHAL_SetRxTransitions
 .text.RFHAL_SetCRCInitVal
                0x000102c0        0x4 C:\Users\dongr\SimplicityStudio\v4_workspace\sanika_htp_ota_soc-empty_5\platform\radio\rail_lib\autogen\librail_release\librail_efr32xg1_gcc_release.a(rail_rf_hal.o)
                0x000102c0                RFHAL_SetCRCInitVal
 .text.RFHAL_ConfigTxPower
                0x000102c4        0xc C:\Users\dongr\SimplicityStudio\v4_workspace\sanika_htp_ota_soc-empty_5\platform\radio\rail_lib\autogen\librail_release\librail_efr32xg1_gcc_release.a(rail_rf_hal.o)
                0x000102c4                RFHAL_ConfigTxPower
 .text.RFHAL_SetTxPowerUnchecked
                0x000102d0       0x18 C:\Users\dongr\SimplicityStudio\v4_workspace\sanika_htp_ota_soc-empty_5\platform\radio\rail_lib\autogen\librail_release\librail_efr32xg1_gcc_release.a(rail_rf_hal.o)
                0x000102d0                RFHAL_SetTxPowerUnchecked
 .text.RFHAL_SetTxPower
                0x000102e8       0x3c C:\Users\dongr\SimplicityStudio\v4_workspace\sanika_htp_ota_soc-empty_5\platform\radio\rail_lib\autogen\librail_release\librail_efr32xg1_gcc_release.a(rail_rf_hal.o)
                0x000102e8                RFHAL_SetTxPower
 .text.RFHAL_GetTxPowerConfig
                0x00010324        0xc C:\Users\dongr\SimplicityStudio\v4_workspace\sanika_htp_ota_soc-empty_5\platform\radio\rail_lib\autogen\librail_release\librail_efr32xg1_gcc_release.a(rail_rf_hal.o)
                0x00010324                RFHAL_GetTxPowerConfig
 .text.RFHAL_GetTxPower
                0x00010330        0x4 C:\Users\dongr\SimplicityStudio\v4_workspace\sanika_htp_ota_soc-empty_5\platform\radio\rail_lib\autogen\librail_release\librail_efr32xg1_gcc_release.a(rail_rf_hal.o)
                0x00010330                RFHAL_GetTxPower
 .text.RFHAL_SetChannel
                0x00010334       0x98 C:\Users\dongr\SimplicityStudio\v4_workspace\sanika_htp_ota_soc-empty_5\platform\radio\rail_lib\autogen\librail_release\librail_efr32xg1_gcc_release.a(rail_rf_hal.o)
                0x00010334                RFHAL_SetChannel
 .text.RFHAL_IsAutoAckEnabled
                0x000103cc        0x6 C:\Users\dongr\SimplicityStudio\v4_workspace\sanika_htp_ota_soc-empty_5\platform\radio\rail_lib\autogen\librail_release\librail_efr32xg1_gcc_release.a(rail_rf_hal.o)
                0x000103cc                RFHAL_IsAutoAckEnabled
 *fill*         0x000103d2        0x2 
 .text.RFHAL_AutoAckWaitForAck
                0x000103d4       0x18 C:\Users\dongr\SimplicityStudio\v4_workspace\sanika_htp_ota_soc-empty_5\platform\radio\rail_lib\autogen\librail_release\librail_efr32xg1_gcc_release.a(rail_rf_hal.o)
                0x000103d4                RFHAL_AutoAckWaitForAck
 .text.preTxOps
                0x000103ec       0xc4 C:\Users\dongr\SimplicityStudio\v4_workspace\sanika_htp_ota_soc-empty_5\platform\radio\rail_lib\autogen\librail_release\librail_efr32xg1_gcc_release.a(rail_rf_hal.o)
 .text.RFHAL_StartTx
                0x000104b0       0x12 C:\Users\dongr\SimplicityStudio\v4_workspace\sanika_htp_ota_soc-empty_5\platform\radio\rail_lib\autogen\librail_release\librail_efr32xg1_gcc_release.a(rail_rf_hal.o)
                0x000104b0                RFHAL_StartTx
 .text.RFHAL_StartScheduledTx
                0x000104c2       0x3a C:\Users\dongr\SimplicityStudio\v4_workspace\sanika_htp_ota_soc-empty_5\platform\radio\rail_lib\autogen\librail_release\librail_efr32xg1_gcc_release.a(rail_rf_hal.o)
                0x000104c2                RFHAL_StartScheduledTx
 .text.RFHAL_GetRxPacketInfo
                0x000104fc       0x48 C:\Users\dongr\SimplicityStudio\v4_workspace\sanika_htp_ota_soc-empty_5\platform\radio\rail_lib\autogen\librail_release\librail_efr32xg1_gcc_release.a(rail_rf_hal.o)
                0x000104fc                RFHAL_GetRxPacketInfo
 .text.RFHAL_GetRxPacketDetails
                0x00010544       0xcc C:\Users\dongr\SimplicityStudio\v4_workspace\sanika_htp_ota_soc-empty_5\platform\radio\rail_lib\autogen\librail_release\librail_efr32xg1_gcc_release.a(rail_rf_hal.o)
                0x00010544                RFHAL_GetRxPacketDetails
 .text.RFHAL_SetTxBuffer
                0x00010610       0x3a C:\Users\dongr\SimplicityStudio\v4_workspace\sanika_htp_ota_soc-empty_5\platform\radio\rail_lib\autogen\librail_release\librail_efr32xg1_gcc_release.a(rail_rf_hal.o)
                0x00010610                RFHAL_SetTxBuffer
 *fill*         0x0001064a        0x2 
 .text.RFHAL_ResetTxFifo
                0x0001064c       0x2c C:\Users\dongr\SimplicityStudio\v4_workspace\sanika_htp_ota_soc-empty_5\platform\radio\rail_lib\autogen\librail_release\librail_efr32xg1_gcc_release.a(rail_rf_hal.o)
                0x0001064c                RFHAL_ResetTxFifo
 .text.RFHAL_WriteTxFifo
                0x00010678       0x28 C:\Users\dongr\SimplicityStudio\v4_workspace\sanika_htp_ota_soc-empty_5\platform\radio\rail_lib\autogen\librail_release\librail_efr32xg1_gcc_release.a(rail_rf_hal.o)
                0x00010678                RFHAL_WriteTxFifo
 .text.RFHAL_ResetRxFifo
                0x000106a0       0x40 C:\Users\dongr\SimplicityStudio\v4_workspace\sanika_htp_ota_soc-empty_5\platform\radio\rail_lib\autogen\librail_release\librail_efr32xg1_gcc_release.a(rail_rf_hal.o)
                0x000106a0                RFHAL_ResetRxFifo
 .text.RFHAL_ConfigData
                0x000106e0       0x7c C:\Users\dongr\SimplicityStudio\v4_workspace\sanika_htp_ota_soc-empty_5\platform\radio\rail_lib\autogen\librail_release\librail_efr32xg1_gcc_release.a(rail_rf_hal.o)
                0x000106e0                RFHAL_ConfigData
 .text.RFHAL_Init
                0x0001075c       0xa0 C:\Users\dongr\SimplicityStudio\v4_workspace\sanika_htp_ota_soc-empty_5\platform\radio\rail_lib\autogen\librail_release\librail_efr32xg1_gcc_release.a(rail_rf_hal.o)
                0x0001075c                RFHAL_Init
 .text.RFHAL_SetFixedLength
                0x000107fc       0x8c C:\Users\dongr\SimplicityStudio\v4_workspace\sanika_htp_ota_soc-empty_5\platform\radio\rail_lib\autogen\librail_release\librail_efr32xg1_gcc_release.a(rail_rf_hal.o)
                0x000107fc                RFHAL_SetFixedLength
 .text.RFHAL_SetAbortScheduledTxDuringRx
                0x00010888       0x18 C:\Users\dongr\SimplicityStudio\v4_workspace\sanika_htp_ota_soc-empty_5\platform\radio\rail_lib\autogen\librail_release\librail_efr32xg1_gcc_release.a(rail_rf_hal.o)
                0x00010888                RFHAL_SetAbortScheduledTxDuringRx
 .text.RFHAL_ConfigRadio
                0x000108a0       0xe0 C:\Users\dongr\SimplicityStudio\v4_workspace\sanika_htp_ota_soc-empty_5\platform\radio\rail_lib\autogen\librail_release\librail_efr32xg1_gcc_release.a(rail_rf_hal.o)
                0x000108a0                RFHAL_ConfigRadio
 .text.RFHAL_GetTime
                0x00010980        0xe C:\Users\dongr\SimplicityStudio\v4_workspace\sanika_htp_ota_soc-empty_5\platform\radio\rail_lib\autogen\librail_release\librail_efr32xg1_gcc_release.a(rail_rf_hal.o)
                0x00010980                RFHAL_GetTime
 .text.RFHAL_GetRadioEntropy
                0x0001098e        0x4 C:\Users\dongr\SimplicityStudio\v4_workspace\sanika_htp_ota_soc-empty_5\platform\radio\rail_lib\autogen\librail_release\librail_efr32xg1_gcc_release.a(rail_rf_hal.o)
                0x0001098e                RFHAL_GetRadioEntropy
 .text.RFHAL_SetStateTiming
                0x00010992       0x4e C:\Users\dongr\SimplicityStudio\v4_workspace\sanika_htp_ota_soc-empty_5\platform\radio\rail_lib\autogen\librail_release\librail_efr32xg1_gcc_release.a(rail_rf_hal.o)
                0x00010992                RFHAL_SetStateTiming
 .text.RAIL_Init
                0x000109e0       0x20 C:\Users\dongr\SimplicityStudio\v4_workspace\sanika_htp_ota_soc-empty_5\platform\radio\rail_lib\autogen\librail_release\librail_efr32xg1_gcc_release.a(rail_singleprotocol.o)
                0x000109e0                RAIL_Init
 .text.RAIL_GetSchedulerStatus
                0x00010a00        0x4 C:\Users\dongr\SimplicityStudio\v4_workspace\sanika_htp_ota_soc-empty_5\platform\radio\rail_lib\autogen\librail_release\librail_efr32xg1_gcc_release.a(rail_singleprotocol.o)
                0x00010a00                RAIL_GetSchedulerStatus
 .text.RAIL_Idle
                0x00010a04        0x8 C:\Users\dongr\SimplicityStudio\v4_workspace\sanika_htp_ota_soc-empty_5\platform\radio\rail_lib\autogen\librail_release\librail_efr32xg1_gcc_release.a(rail_singleprotocol.o)
                0x00010a04                RAIL_Idle
 .text.RAIL_YieldRadio
                0x00010a0c        0x2 C:\Users\dongr\SimplicityStudio\v4_workspace\sanika_htp_ota_soc-empty_5\platform\radio\rail_lib\autogen\librail_release\librail_efr32xg1_gcc_release.a(rail_singleprotocol.o)
                0x00010a0c                RAIL_YieldRadio
 .text.RAIL_GetRadioEntropy
                0x00010a0e        0x8 C:\Users\dongr\SimplicityStudio\v4_workspace\sanika_htp_ota_soc-empty_5\platform\radio\rail_lib\autogen\librail_release\librail_efr32xg1_gcc_release.a(rail_singleprotocol.o)
                0x00010a0e                RAIL_GetRadioEntropy
 .text.RAIL_SetTimer
                0x00010a16       0x14 C:\Users\dongr\SimplicityStudio\v4_workspace\sanika_htp_ota_soc-empty_5\platform\radio\rail_lib\autogen\librail_release\librail_efr32xg1_gcc_release.a(rail_singleprotocol.o)
                0x00010a16                RAIL_SetTimer
 .text.RAIL_CancelTimer
                0x00010a2a        0x4 C:\Users\dongr\SimplicityStudio\v4_workspace\sanika_htp_ota_soc-empty_5\platform\radio\rail_lib\autogen\librail_release\librail_efr32xg1_gcc_release.a(rail_singleprotocol.o)
                0x00010a2a                RAIL_CancelTimer
 .text.RAIL_StartTx
                0x00010a2e        0xa C:\Users\dongr\SimplicityStudio\v4_workspace\sanika_htp_ota_soc-empty_5\platform\radio\rail_lib\autogen\librail_release\librail_efr32xg1_gcc_release.a(rail_singleprotocol.o)
                0x00010a2e                RAIL_StartTx
 .text.RAIL_StartScheduledTx
                0x00010a38        0xa C:\Users\dongr\SimplicityStudio\v4_workspace\sanika_htp_ota_soc-empty_5\platform\radio\rail_lib\autogen\librail_release\librail_efr32xg1_gcc_release.a(rail_singleprotocol.o)
                0x00010a38                RAIL_StartScheduledTx
 .text.RAIL_ScheduleRx
                0x00010a42        0xa C:\Users\dongr\SimplicityStudio\v4_workspace\sanika_htp_ota_soc-empty_5\platform\radio\rail_lib\autogen\librail_release\librail_efr32xg1_gcc_release.a(rail_singleprotocol.o)
                0x00010a42                RAIL_ScheduleRx
 .text.radioConfigChangedDefault
                0x00010a4c        0x2 C:\Users\dongr\SimplicityStudio\v4_workspace\sanika_htp_ota_soc-empty_5\platform\radio\rail_lib\autogen\librail_release\librail_efr32xg1_gcc_release.a(rail_rf.o)
 .text.isTransitionState
                0x00010a4e       0x12 C:\Users\dongr\SimplicityStudio\v4_workspace\sanika_htp_ota_soc-empty_5\platform\radio\rail_lib\autogen\librail_release\librail_efr32xg1_gcc_release.a(rail_rf.o)
 .text.RAILCore_Init
                0x00010a60       0x12 C:\Users\dongr\SimplicityStudio\v4_workspace\sanika_htp_ota_soc-empty_5\platform\radio\rail_lib\autogen\librail_release\librail_efr32xg1_gcc_release.a(rail_rf.o)
                0x00010a60                RAILCore_Init
 *fill*         0x00010a72        0x2 
 .text.RAILInt_SetCallbackConfig
                0x00010a74       0x20 C:\Users\dongr\SimplicityStudio\v4_workspace\sanika_htp_ota_soc-empty_5\platform\radio\rail_lib\autogen\librail_release\librail_efr32xg1_gcc_release.a(rail_rf.o)
                0x00010a74                RAILInt_SetCallbackConfig
 .text.RAILCore_Idle
                0x00010a94       0x14 C:\Users\dongr\SimplicityStudio\v4_workspace\sanika_htp_ota_soc-empty_5\platform\radio\rail_lib\autogen\librail_release\librail_efr32xg1_gcc_release.a(rail_rf.o)
                0x00010a94                RAILCore_Idle
 .text.RAILCore_GetRadioState
                0x00010aa8        0x4 C:\Users\dongr\SimplicityStudio\v4_workspace\sanika_htp_ota_soc-empty_5\platform\radio\rail_lib\autogen\librail_release\librail_efr32xg1_gcc_release.a(rail_rf.o)
                0x00010aa8                RAILCore_GetRadioState
 .text.RAIL_SetStateTiming
                0x00010aac        0xa C:\Users\dongr\SimplicityStudio\v4_workspace\sanika_htp_ota_soc-empty_5\platform\radio\rail_lib\autogen\librail_release\librail_efr32xg1_gcc_release.a(rail_rf.o)
                0x00010aac                RAIL_SetStateTiming
 *fill*         0x00010ab6        0x2 
 .text.RAILInt_IsPowerInRange
                0x00010ab8       0x3c C:\Users\dongr\SimplicityStudio\v4_workspace\sanika_htp_ota_soc-empty_5\platform\radio\rail_lib\autogen\librail_release\librail_efr32xg1_gcc_release.a(rail_rf.o)
                0x00010ab8                RAILInt_IsPowerInRange
 .text.RAILInt_SetChannel
                0x00010af4      0x1d8 C:\Users\dongr\SimplicityStudio\v4_workspace\sanika_htp_ota_soc-empty_5\platform\radio\rail_lib\autogen\librail_release\librail_efr32xg1_gcc_release.a(rail_rf.o)
                0x00010af4                RAILInt_SetChannel
 .text.RAILCore_ConfigChannels
                0x00010ccc       0x58 C:\Users\dongr\SimplicityStudio\v4_workspace\sanika_htp_ota_soc-empty_5\platform\radio\rail_lib\autogen\librail_release\librail_efr32xg1_gcc_release.a(rail_rf.o)
                0x00010ccc                RAILCore_ConfigChannels
 .text.RAILInt_GetChannel
                0x00010d24        0x4 C:\Users\dongr\SimplicityStudio\v4_workspace\sanika_htp_ota_soc-empty_5\platform\radio\rail_lib\autogen\librail_release\librail_efr32xg1_gcc_release.a(rail_rf.o)
                0x00010d24                RAILInt_GetChannel
 .text.RAILCore_SetTxTransitions
                0x00010d28       0x3c C:\Users\dongr\SimplicityStudio\v4_workspace\sanika_htp_ota_soc-empty_5\platform\radio\rail_lib\autogen\librail_release\librail_efr32xg1_gcc_release.a(rail_rf.o)
                0x00010d28                RAILCore_SetTxTransitions
 .text.RAIL_SetTxTransitions
                0x00010d64        0xa C:\Users\dongr\SimplicityStudio\v4_workspace\sanika_htp_ota_soc-empty_5\platform\radio\rail_lib\autogen\librail_release\librail_efr32xg1_gcc_release.a(rail_rf.o)
                0x00010d64                RAIL_SetTxTransitions
 .text.RAILCore_SetRxTransitions
                0x00010d6e       0x38 C:\Users\dongr\SimplicityStudio\v4_workspace\sanika_htp_ota_soc-empty_5\platform\radio\rail_lib\autogen\librail_release\librail_efr32xg1_gcc_release.a(rail_rf.o)
                0x00010d6e                RAILCore_SetRxTransitions
 .text.RAIL_SetRxTransitions
                0x00010da6        0xa C:\Users\dongr\SimplicityStudio\v4_workspace\sanika_htp_ota_soc-empty_5\platform\radio\rail_lib\autogen\librail_release\librail_efr32xg1_gcc_release.a(rail_rf.o)
                0x00010da6                RAIL_SetRxTransitions
 .text.RAIL_ConfigEvents
                0x00010db0       0x14 C:\Users\dongr\SimplicityStudio\v4_workspace\sanika_htp_ota_soc-empty_5\platform\radio\rail_lib\autogen\librail_release\librail_efr32xg1_gcc_release.a(rail_rf.o)
                0x00010db0                RAIL_ConfigEvents
 .text.RAIL_ConfigRxOptions
                0x00010dc4        0xa C:\Users\dongr\SimplicityStudio\v4_workspace\sanika_htp_ota_soc-empty_5\platform\radio\rail_lib\autogen\librail_release\librail_efr32xg1_gcc_release.a(rail_rx.o)
                0x00010dc4                RAIL_ConfigRxOptions
 .text.RAILCore_ScheduleRx
                0x00010dce       0x2c C:\Users\dongr\SimplicityStudio\v4_workspace\sanika_htp_ota_soc-empty_5\platform\radio\rail_lib\autogen\librail_release\librail_efr32xg1_gcc_release.a(rail_rx.o)
                0x00010dce                RAILCore_ScheduleRx
 .text.RAILInt_PreTxOps
                0x00010dfa       0x1c C:\Users\dongr\SimplicityStudio\v4_workspace\sanika_htp_ota_soc-empty_5\platform\radio\rail_lib\autogen\librail_release\librail_efr32xg1_gcc_release.a(rail_tx.o)
                0x00010dfa                RAILInt_PreTxOps
 .text.RAILCore_StartTx
                0x00010e16       0x1a C:\Users\dongr\SimplicityStudio\v4_workspace\sanika_htp_ota_soc-empty_5\platform\radio\rail_lib\autogen\librail_release\librail_efr32xg1_gcc_release.a(rail_tx.o)
                0x00010e16                RAILCore_StartTx
 .text.RAILCore_StartScheduledTx
                0x00010e30       0x1e C:\Users\dongr\SimplicityStudio\v4_workspace\sanika_htp_ota_soc-empty_5\platform\radio\rail_lib\autogen\librail_release\librail_efr32xg1_gcc_release.a(rail_tx.o)
                0x00010e30                RAILCore_StartScheduledTx
 .text.RAIL_SetTxPower
                0x00010e4e        0xa C:\Users\dongr\SimplicityStudio\v4_workspace\sanika_htp_ota_soc-empty_5\platform\radio\rail_lib\autogen\librail_release\librail_efr32xg1_gcc_release.a(rail_tx.o)
                0x00010e4e                RAIL_SetTxPower
 .text.RAIL_GetTxPower
                0x00010e58        0xa C:\Users\dongr\SimplicityStudio\v4_workspace\sanika_htp_ota_soc-empty_5\platform\radio\rail_lib\autogen\librail_release\librail_efr32xg1_gcc_release.a(rail_tx.o)
                0x00010e58                RAIL_GetTxPower
 .text.RAIL_ConfigTxPower
                0x00010e62       0x1a C:\Users\dongr\SimplicityStudio\v4_workspace\sanika_htp_ota_soc-empty_5\platform\radio\rail_lib\autogen\librail_release\librail_efr32xg1_gcc_release.a(rail_tx.o)
                0x00010e62                RAIL_ConfigTxPower
 .text.RAILInt_PendCal
                0x00010e7c       0x24 C:\Users\dongr\SimplicityStudio\v4_workspace\sanika_htp_ota_soc-empty_5\platform\radio\rail_lib\autogen\librail_release\librail_efr32xg1_gcc_release.a(rail_calibration.o)
                0x00010e7c                RAILInt_PendCal
 .text.RAILCb_AssertFailed
                0x00010ea0       0x14 C:\Users\dongr\SimplicityStudio\v4_workspace\sanika_htp_ota_soc-empty_5\platform\radio\rail_lib\autogen\librail_release\librail_efr32xg1_gcc_release.a(rail_assert.o)
                0x00010ea0                RAILCb_AssertFailed
 .text.RAILInt_Assert
                0x00010eb4       0x1c C:\Users\dongr\SimplicityStudio\v4_workspace\sanika_htp_ota_soc-empty_5\platform\radio\rail_lib\autogen\librail_release\librail_efr32xg1_gcc_release.a(rail_assert.o)
                0x00010eb4                RAILInt_Assert
 .text.RAILCore_GetRadioEntropy
                0x00010ed0        0x4 C:\Users\dongr\SimplicityStudio\v4_workspace\sanika_htp_ota_soc-empty_5\platform\radio\rail_lib\autogen\librail_release\librail_efr32xg1_gcc_release.a(rail_rssi.o)
                0x00010ed0                RAILCore_GetRadioEntropy
 .text.BUFC_ReadHelper
                0x00010ed4       0x7c C:\Users\dongr\SimplicityStudio\v4_workspace\sanika_htp_ota_soc-empty_5\platform\radio\rail_lib\autogen\librail_release\librail_efr32xg1_gcc_release.a(bufc.o)
 .text.checkAndAddRxLenOverflowEntry
                0x00010f50       0x3c C:\Users\dongr\SimplicityStudio\v4_workspace\sanika_htp_ota_soc-empty_5\platform\radio\rail_lib\autogen\librail_release\librail_efr32xg1_gcc_release.a(bufc.o)
 .text.BUFC_SetTxBuffer
                0x00010f8c       0x38 C:\Users\dongr\SimplicityStudio\v4_workspace\sanika_htp_ota_soc-empty_5\platform\radio\rail_lib\autogen\librail_release\librail_efr32xg1_gcc_release.a(bufc.o)
                0x00010f8c                BUFC_SetTxBuffer
 .text.BUFC_WriteBuffer
                0x00010fc4       0xa8 C:\Users\dongr\SimplicityStudio\v4_workspace\sanika_htp_ota_soc-empty_5\platform\radio\rail_lib\autogen\librail_release\librail_efr32xg1_gcc_release.a(bufc.o)
                0x00010fc4                BUFC_WriteBuffer
 .text.BUFC_Peek
                0x0001106c       0x12 C:\Users\dongr\SimplicityStudio\v4_workspace\sanika_htp_ota_soc-empty_5\platform\radio\rail_lib\autogen\librail_release\librail_efr32xg1_gcc_release.a(bufc.o)
                0x0001106c                BUFC_Peek
 .text.BUFC_PeekByte
                0x0001107e       0x34 C:\Users\dongr\SimplicityStudio\v4_workspace\sanika_htp_ota_soc-empty_5\platform\radio\rail_lib\autogen\librail_release\librail_efr32xg1_gcc_release.a(bufc.o)
                0x0001107e                BUFC_PeekByte
 *fill*         0x000110b2        0x2 
 .text.BUFC_GetSpaceAvailable
                0x000110b4       0x28 C:\Users\dongr\SimplicityStudio\v4_workspace\sanika_htp_ota_soc-empty_5\platform\radio\rail_lib\autogen\librail_release\librail_efr32xg1_gcc_release.a(bufc.o)
                0x000110b4                BUFC_GetSpaceAvailable
 .text.BUFC_GetBytesAvailable
                0x000110dc       0x14 C:\Users\dongr\SimplicityStudio\v4_workspace\sanika_htp_ota_soc-empty_5\platform\radio\rail_lib\autogen\librail_release\librail_efr32xg1_gcc_release.a(bufc.o)
                0x000110dc                BUFC_GetBytesAvailable
 .text.BUFC_TxAckBufferSet
                0x000110f0       0x38 C:\Users\dongr\SimplicityStudio\v4_workspace\sanika_htp_ota_soc-empty_5\platform\radio\rail_lib\autogen\librail_release\librail_efr32xg1_gcc_release.a(bufc.o)
                0x000110f0                BUFC_TxAckBufferSet
 .text.BUFC_TxAckBufferReset
                0x00011128        0x8 C:\Users\dongr\SimplicityStudio\v4_workspace\sanika_htp_ota_soc-empty_5\platform\radio\rail_lib\autogen\librail_release\librail_efr32xg1_gcc_release.a(bufc.o)
                0x00011128                BUFC_TxAckBufferReset
 .text.BUFC_RxBufferReset
                0x00011130       0x5c C:\Users\dongr\SimplicityStudio\v4_workspace\sanika_htp_ota_soc-empty_5\platform\radio\rail_lib\autogen\librail_release\librail_efr32xg1_gcc_release.a(bufc.o)
                0x00011130                BUFC_RxBufferReset
 .text.BUFC_Init
                0x0001118c       0x98 C:\Users\dongr\SimplicityStudio\v4_workspace\sanika_htp_ota_soc-empty_5\platform\radio\rail_lib\autogen\librail_release\librail_efr32xg1_gcc_release.a(bufc.o)
                0x0001118c                BUFC_Init
 .text.BUFC_RxBufferBytesAvailable
                0x00011224       0x10 C:\Users\dongr\SimplicityStudio\v4_workspace\sanika_htp_ota_soc-empty_5\platform\radio\rail_lib\autogen\librail_release\librail_efr32xg1_gcc_release.a(bufc.o)
                0x00011224                BUFC_RxBufferBytesAvailable
 .text.BUFC_ReleaseRxPacket
                0x00011234      0x10c C:\Users\dongr\SimplicityStudio\v4_workspace\sanika_htp_ota_soc-empty_5\platform\radio\rail_lib\autogen\librail_release\librail_efr32xg1_gcc_release.a(bufc.o)
                0x00011234                BUFC_ReleaseRxPacket
 .text.BUFC_StartRxLenThrEvent
                0x00011340       0x8c C:\Users\dongr\SimplicityStudio\v4_workspace\sanika_htp_ota_soc-empty_5\platform\radio\rail_lib\autogen\librail_release\librail_efr32xg1_gcc_release.a(bufc.o)
                0x00011340                BUFC_StartRxLenThrEvent
 .text.BUFC_EndRxLenThrEvent
                0x000113cc       0x1c C:\Users\dongr\SimplicityStudio\v4_workspace\sanika_htp_ota_soc-empty_5\platform\radio\rail_lib\autogen\librail_release\librail_efr32xg1_gcc_release.a(bufc.o)
                0x000113cc                BUFC_EndRxLenThrEvent
 .text.BUFC_HandleRxLenOvfEvent
                0x000113e8       0x28 C:\Users\dongr\SimplicityStudio\v4_workspace\sanika_htp_ota_soc-empty_5\platform\radio\rail_lib\autogen\librail_release\librail_efr32xg1_gcc_release.a(bufc.o)
                0x000113e8                BUFC_HandleRxLenOvfEvent
 .text.BUFC_GetRxPacketInfo
                0x00011410      0x138 C:\Users\dongr\SimplicityStudio\v4_workspace\sanika_htp_ota_soc-empty_5\platform\radio\rail_lib\autogen\librail_release\librail_efr32xg1_gcc_release.a(bufc.o)
                0x00011410                BUFC_GetRxPacketInfo
 .text.IRCAL_Set
                0x00011548       0x1c C:\Users\dongr\SimplicityStudio\v4_workspace\sanika_htp_ota_soc-empty_5\platform\radio\rail_lib\autogen\librail_release\librail_efr32xg1_gcc_release.a(ir_cal.o)
                0x00011548                IRCAL_Set
 .text.IRCAL_Init
                0x00011564       0xa8 C:\Users\dongr\SimplicityStudio\v4_workspace\sanika_htp_ota_soc-empty_5\platform\radio\rail_lib\autogen\librail_release\librail_efr32xg1_gcc_release.a(ir_cal.o)
                0x00011564                IRCAL_Init
 .text.PA_ProtectPa
                0x0001160c       0xbc C:\Users\dongr\SimplicityStudio\v4_workspace\sanika_htp_ota_soc-empty_5\platform\radio\rail_lib\autogen\librail_release\librail_efr32xg1_gcc_release.a(pa.o)
 .text.getRampTimeFromLevelAndRate
                0x000116c8       0x20 C:\Users\dongr\SimplicityStudio\v4_workspace\sanika_htp_ota_soc-empty_5\platform\radio\rail_lib\autogen\librail_release\librail_efr32xg1_gcc_release.a(pa.o)
 .text.PA_GetTxPowerConfig
                0x000116e8       0x14 C:\Users\dongr\SimplicityStudio\v4_workspace\sanika_htp_ota_soc-empty_5\platform\radio\rail_lib\autogen\librail_release\librail_efr32xg1_gcc_release.a(pa.o)
                0x000116e8                PA_GetTxPowerConfig
 .text.PA_GetPowerLevel
                0x000116fc        0xc C:\Users\dongr\SimplicityStudio\v4_workspace\sanika_htp_ota_soc-empty_5\platform\radio\rail_lib\autogen\librail_release\librail_efr32xg1_gcc_release.a(pa.o)
                0x000116fc                PA_GetPowerLevel
 .text.PA_SetPowerLevel
                0x00011708      0x194 C:\Users\dongr\SimplicityStudio\v4_workspace\sanika_htp_ota_soc-empty_5\platform\radio\rail_lib\autogen\librail_release\librail_efr32xg1_gcc_release.a(pa.o)
                0x00011708                PA_SetPowerLevel
 .text.PA_RunPeakDetectorHigh
                0x0001189c       0x4c C:\Users\dongr\SimplicityStudio\v4_workspace\sanika_htp_ota_soc-empty_5\platform\radio\rail_lib\autogen\librail_release\librail_efr32xg1_gcc_release.a(pa.o)
                0x0001189c                PA_RunPeakDetectorHigh
 .text.PA_RunPeakDetectorLow
                0x000118e8        0x2 C:\Users\dongr\SimplicityStudio\v4_workspace\sanika_htp_ota_soc-empty_5\platform\radio\rail_lib\autogen\librail_release\librail_efr32xg1_gcc_release.a(pa.o)
                0x000118e8                PA_RunPeakDetectorLow
 *fill*         0x000118ea        0x2 
 .text.PA_RunBatHigh
                0x000118ec       0x2c C:\Users\dongr\SimplicityStudio\v4_workspace\sanika_htp_ota_soc-empty_5\platform\radio\rail_lib\autogen\librail_release\librail_efr32xg1_gcc_release.a(pa.o)
                0x000118ec                PA_RunBatHigh
 .text.PA_GetRampTime
                0x00011918        0xc C:\Users\dongr\SimplicityStudio\v4_workspace\sanika_htp_ota_soc-empty_5\platform\radio\rail_lib\autogen\librail_release\librail_efr32xg1_gcc_release.a(pa.o)
                0x00011918                PA_GetRampTime
 .text.PA_ConfigRamp
                0x00011924       0x20 C:\Users\dongr\SimplicityStudio\v4_workspace\sanika_htp_ota_soc-empty_5\platform\radio\rail_lib\autogen\librail_release\librail_efr32xg1_gcc_release.a(pa.o)
                0x00011924                PA_ConfigRamp
 .text.PA_CalcRampTime
                0x00011944       0x44 C:\Users\dongr\SimplicityStudio\v4_workspace\sanika_htp_ota_soc-empty_5\platform\radio\rail_lib\autogen\librail_release\librail_efr32xg1_gcc_release.a(pa.o)
                0x00011944                PA_CalcRampTime
 .text.PA_SetRampTime
                0x00011988       0xac C:\Users\dongr\SimplicityStudio\v4_workspace\sanika_htp_ota_soc-empty_5\platform\radio\rail_lib\autogen\librail_release\librail_efr32xg1_gcc_release.a(pa.o)
                0x00011988                PA_SetRampTime
 .text.PA_SelectBand
                0x00011a34       0x50 C:\Users\dongr\SimplicityStudio\v4_workspace\sanika_htp_ota_soc-empty_5\platform\radio\rail_lib\autogen\librail_release\librail_efr32xg1_gcc_release.a(pa.o)
                0x00011a34                PA_SelectBand
 .text.PA_Config
                0x00011a84      0x15c C:\Users\dongr\SimplicityStudio\v4_workspace\sanika_htp_ota_soc-empty_5\platform\radio\rail_lib\autogen\librail_release\librail_efr32xg1_gcc_release.a(pa.o)
                0x00011a84                PA_Config
 .text.PA_UpdateConfig
                0x00011be0       0x38 C:\Users\dongr\SimplicityStudio\v4_workspace\sanika_htp_ota_soc-empty_5\platform\radio\rail_lib\autogen\librail_release\librail_efr32xg1_gcc_release.a(pa.o)
                0x00011be0                PA_UpdateConfig
 .text.PROTIMER_Init
                0x00011c18      0x108 C:\Users\dongr\SimplicityStudio\v4_workspace\sanika_htp_ota_soc-empty_5\platform\radio\rail_lib\autogen\librail_release\librail_efr32xg1_gcc_release.a(protimer.o)
                0x00011c18                PROTIMER_Init
 .text.PROTIMER_Start
                0x00011d20       0x1c C:\Users\dongr\SimplicityStudio\v4_workspace\sanika_htp_ota_soc-empty_5\platform\radio\rail_lib\autogen\librail_release\librail_efr32xg1_gcc_release.a(protimer.o)
                0x00011d20                PROTIMER_Start
 .text.PROTIMER_IsRunning
                0x00011d3c       0x10 C:\Users\dongr\SimplicityStudio\v4_workspace\sanika_htp_ota_soc-empty_5\platform\radio\rail_lib\autogen\librail_release\librail_efr32xg1_gcc_release.a(protimer.o)
                0x00011d3c                PROTIMER_IsRunning
 .text.PROTIMER_ElapsedTime
                0x00011d4c       0x18 C:\Users\dongr\SimplicityStudio\v4_workspace\sanika_htp_ota_soc-empty_5\platform\radio\rail_lib\autogen\librail_release\librail_efr32xg1_gcc_release.a(protimer.o)
                0x00011d4c                PROTIMER_ElapsedTime
 .text.PROTIMER_CCTimerStop
                0x00011d64       0x20 C:\Users\dongr\SimplicityStudio\v4_workspace\sanika_htp_ota_soc-empty_5\platform\radio\rail_lib\autogen\librail_release\librail_efr32xg1_gcc_release.a(protimer.o)
                0x00011d64                PROTIMER_CCTimerStop
 .text.PROTIMER_CCTimerStart
                0x00011d84      0x164 C:\Users\dongr\SimplicityStudio\v4_workspace\sanika_htp_ota_soc-empty_5\platform\radio\rail_lib\autogen\librail_release\librail_efr32xg1_gcc_release.a(protimer.o)
                0x00011d84                PROTIMER_CCTimerStart
 .text.PROTIMER_WrapMultiple
                0x00011ee8       0x12 C:\Users\dongr\SimplicityStudio\v4_workspace\sanika_htp_ota_soc-empty_5\platform\radio\rail_lib\autogen\librail_release\librail_efr32xg1_gcc_release.a(protimer.o)
                0x00011ee8                PROTIMER_WrapMultiple
 *fill*         0x00011efa        0x2 
 .text.PROTIMER_CCTimerIsEnabled
                0x00011efc       0x10 C:\Users\dongr\SimplicityStudio\v4_workspace\sanika_htp_ota_soc-empty_5\platform\radio\rail_lib\autogen\librail_release\librail_efr32xg1_gcc_release.a(protimer.o)
                0x00011efc                PROTIMER_CCTimerIsEnabled
 .text.PROTIMER_CCTimerCapture
                0x00011f0c       0x14 C:\Users\dongr\SimplicityStudio\v4_workspace\sanika_htp_ota_soc-empty_5\platform\radio\rail_lib\autogen\librail_release\librail_efr32xg1_gcc_release.a(protimer.o)
                0x00011f0c                PROTIMER_CCTimerCapture
 .text.PROTIMER_ScheduleTxEnable
                0x00011f20       0x2c C:\Users\dongr\SimplicityStudio\v4_workspace\sanika_htp_ota_soc-empty_5\platform\radio\rail_lib\autogen\librail_release\librail_efr32xg1_gcc_release.a(protimer.o)
                0x00011f20                PROTIMER_ScheduleTxEnable
 .text.PROTIMER_ClearTxEnable
                0x00011f4c        0xc C:\Users\dongr\SimplicityStudio\v4_workspace\sanika_htp_ota_soc-empty_5\platform\radio\rail_lib\autogen\librail_release\librail_efr32xg1_gcc_release.a(protimer.o)
                0x00011f4c                PROTIMER_ClearTxEnable
 .text.PROTIMER_ScheduleRxEnable
                0x00011f58       0x2c C:\Users\dongr\SimplicityStudio\v4_workspace\sanika_htp_ota_soc-empty_5\platform\radio\rail_lib\autogen\librail_release\librail_efr32xg1_gcc_release.a(protimer.o)
                0x00011f58                PROTIMER_ScheduleRxEnable
 .text.PROTIMER_ScheduleRxDisable
                0x00011f84       0x38 C:\Users\dongr\SimplicityStudio\v4_workspace\sanika_htp_ota_soc-empty_5\platform\radio\rail_lib\autogen\librail_release\librail_efr32xg1_gcc_release.a(protimer.o)
                0x00011f84                PROTIMER_ScheduleRxDisable
 .text.PROTIMER_ClearRxEnable
                0x00011fbc       0x10 C:\Users\dongr\SimplicityStudio\v4_workspace\sanika_htp_ota_soc-empty_5\platform\radio\rail_lib\autogen\librail_release\librail_efr32xg1_gcc_release.a(protimer.o)
                0x00011fbc                PROTIMER_ClearRxEnable
 .text.PROTIMER_GetTime
                0x00011fcc        0xc C:\Users\dongr\SimplicityStudio\v4_workspace\sanika_htp_ota_soc-empty_5\platform\radio\rail_lib\autogen\librail_release\librail_efr32xg1_gcc_release.a(protimer.o)
                0x00011fcc                PROTIMER_GetTime
 .text.PROTIMER_GetCCTime
                0x00011fd8        0xc C:\Users\dongr\SimplicityStudio\v4_workspace\sanika_htp_ota_soc-empty_5\platform\radio\rail_lib\autogen\librail_release\librail_efr32xg1_gcc_release.a(protimer.o)
                0x00011fd8                PROTIMER_GetCCTime
 .text.PROTIMER_LBTStop
                0x00011fe4       0x18 C:\Users\dongr\SimplicityStudio\v4_workspace\sanika_htp_ota_soc-empty_5\platform\radio\rail_lib\autogen\librail_release\librail_efr32xg1_gcc_release.a(protimer.o)
                0x00011fe4                PROTIMER_LBTStop
 .text.PROTIMER_PrecntOverflowToUs
                0x00011ffc       0x38 C:\Users\dongr\SimplicityStudio\v4_workspace\sanika_htp_ota_soc-empty_5\platform\radio\rail_lib\autogen\librail_release\librail_efr32xg1_gcc_release.a(protimer.o)
                0x00011ffc                PROTIMER_PrecntOverflowToUs
 .text.PROTIMER_UsToPrecntOverflow
                0x00012034       0x2c C:\Users\dongr\SimplicityStudio\v4_workspace\sanika_htp_ota_soc-empty_5\platform\radio\rail_lib\autogen\librail_release\librail_efr32xg1_gcc_release.a(protimer.o)
                0x00012034                PROTIMER_UsToPrecntOverflow
 .text.PROTIMER_DelayUs
                0x00012060       0x44 C:\Users\dongr\SimplicityStudio\v4_workspace\sanika_htp_ota_soc-empty_5\platform\radio\rail_lib\autogen\librail_release\librail_efr32xg1_gcc_release.a(protimer.o)
                0x00012060                PROTIMER_DelayUs
 .text.PROTIMER_CheckCcaReallyFailed
                0x000120a4       0xbc C:\Users\dongr\SimplicityStudio\v4_workspace\sanika_htp_ota_soc-empty_5\platform\radio\rail_lib\autogen\librail_release\librail_efr32xg1_gcc_release.a(protimer.o)
                0x000120a4                PROTIMER_CheckCcaReallyFailed
 .text.PTI_EnableAppendedInfo
                0x00012160       0x18 C:\Users\dongr\SimplicityStudio\v4_workspace\sanika_htp_ota_soc-empty_5\platform\radio\rail_lib\autogen\librail_release\librail_efr32xg1_gcc_release.a(pti.o)
                0x00012160                PTI_EnableAppendedInfo
 .text.PTI_Enable
                0x00012178       0x58 C:\Users\dongr\SimplicityStudio\v4_workspace\sanika_htp_ota_soc-empty_5\platform\radio\rail_lib\autogen\librail_release\librail_efr32xg1_gcc_release.a(pti.o)
                0x00012178                PTI_Enable
 .text.PTI_AuxdataOutput
                0x000121d0       0x1c C:\Users\dongr\SimplicityStudio\v4_workspace\sanika_htp_ota_soc-empty_5\platform\radio\rail_lib\autogen\librail_release\librail_efr32xg1_gcc_release.a(pti.o)
                0x000121d0                PTI_AuxdataOutput
 .text.PTI_EnableSyncword
                0x000121ec       0x18 C:\Users\dongr\SimplicityStudio\v4_workspace\sanika_htp_ota_soc-empty_5\platform\radio\rail_lib\autogen\librail_release\librail_efr32xg1_gcc_release.a(pti.o)
                0x000121ec                PTI_EnableSyncword
 .text.RADIO_SetAndForgetWrite
                0x00012204       0x8c C:\Users\dongr\SimplicityStudio\v4_workspace\sanika_htp_ota_soc-empty_5\platform\radio\rail_lib\autogen\librail_release\librail_efr32xg1_gcc_release.a(radio.o)
                0x00012204                RADIO_SetAndForgetWrite
 .text.RADIO_SeqInit
                0x00012290       0x68 C:\Users\dongr\SimplicityStudio\v4_workspace\sanika_htp_ota_soc-empty_5\platform\radio\rail_lib\autogen\librail_release\librail_efr32xg1_gcc_release.a(radio.o)
                0x00012290                RADIO_SeqInit
 .text.RADIO_CLKEnable
                0x000122f8       0x68 C:\Users\dongr\SimplicityStudio\v4_workspace\sanika_htp_ota_soc-empty_5\platform\radio\rail_lib\autogen\librail_release\librail_efr32xg1_gcc_release.a(radio.o)
                0x000122f8                RADIO_CLKEnable
 .text.RADIO_Init
                0x00012360       0x40 C:\Users\dongr\SimplicityStudio\v4_workspace\sanika_htp_ota_soc-empty_5\platform\radio\rail_lib\autogen\librail_release\librail_efr32xg1_gcc_release.a(radio.o)
                0x00012360                RADIO_Init
 .text.RADIO_Config
                0x000123a0       0xa8 C:\Users\dongr\SimplicityStudio\v4_workspace\sanika_htp_ota_soc-empty_5\platform\radio\rail_lib\autogen\librail_release\librail_efr32xg1_gcc_release.a(radio.o)
                0x000123a0                RADIO_Config
 .text.RADIO_IsRxOnForRssi
                0x00012448       0x18 C:\Users\dongr\SimplicityStudio\v4_workspace\sanika_htp_ota_soc-empty_5\platform\radio\rail_lib\autogen\librail_release\librail_efr32xg1_gcc_release.a(radio.o)
                0x00012448                RADIO_IsRxOnForRssi
 .text.RADIO_RxTrailDataLength
                0x00012460       0x3c C:\Users\dongr\SimplicityStudio\v4_workspace\sanika_htp_ota_soc-empty_5\platform\radio\rail_lib\autogen\librail_release\librail_efr32xg1_gcc_release.a(radio.o)
                0x00012460                RADIO_RxTrailDataLength
 .text.RADIO_FrameControlDescrBufferIdSet
                0x0001249c       0x20 C:\Users\dongr\SimplicityStudio\v4_workspace\sanika_htp_ota_soc-empty_5\platform\radio\rail_lib\autogen\librail_release\librail_efr32xg1_gcc_release.a(radio.o)
                0x0001249c                RADIO_FrameControlDescrBufferIdSet
 .text.RADIO_ComputeTxBaudrate
                0x000124bc       0x28 C:\Users\dongr\SimplicityStudio\v4_workspace\sanika_htp_ota_soc-empty_5\platform\radio\rail_lib\autogen\librail_release\librail_efr32xg1_gcc_release.a(radio.o)
                0x000124bc                RADIO_ComputeTxBaudrate
 .text.RADIO_ComputeTxSymbolRate
                0x000124e4       0x2c C:\Users\dongr\SimplicityStudio\v4_workspace\sanika_htp_ota_soc-empty_5\platform\radio\rail_lib\autogen\librail_release\librail_efr32xg1_gcc_release.a(radio.o)
                0x000124e4                RADIO_ComputeTxSymbolRate
 .text.RADIO_ComputeTxBitRate
                0x00012510       0x50 C:\Users\dongr\SimplicityStudio\v4_workspace\sanika_htp_ota_soc-empty_5\platform\radio\rail_lib\autogen\librail_release\librail_efr32xg1_gcc_release.a(radio.o)
                0x00012510                RADIO_ComputeTxBitRate
 .text.RADIO_GetRssi
                0x00012560       0x54 C:\Users\dongr\SimplicityStudio\v4_workspace\sanika_htp_ota_soc-empty_5\platform\radio\rail_lib\autogen\librail_release\librail_efr32xg1_gcc_release.a(radio.o)
                0x00012560                RADIO_GetRssi
 .text.RADIO_SetCRCInitVal
                0x000125b4       0x10 C:\Users\dongr\SimplicityStudio\v4_workspace\sanika_htp_ota_soc-empty_5\platform\radio\rail_lib\autogen\librail_release\librail_efr32xg1_gcc_release.a(radio.o)
                0x000125b4                RADIO_SetCRCInitVal
 .text.RADIO_RACClearRxOverflow
                0x000125c4       0x20 C:\Users\dongr\SimplicityStudio\v4_workspace\sanika_htp_ota_soc-empty_5\platform\radio\rail_lib\autogen\librail_release\librail_efr32xg1_gcc_release.a(radio.o)
                0x000125c4                RADIO_RACClearRxOverflow
 .text.RFSENSE_Disable
                0x000125e4       0x44 C:\Users\dongr\SimplicityStudio\v4_workspace\sanika_htp_ota_soc-empty_5\platform\radio\rail_lib\autogen\librail_release\librail_efr32xg1_gcc_release.a(rfsense.o)
 .text.RFSENSE_Sensed
                0x00012628       0x50 C:\Users\dongr\SimplicityStudio\v4_workspace\sanika_htp_ota_soc-empty_5\platform\radio\rail_lib\autogen\librail_release\librail_efr32xg1_gcc_release.a(rfsense.o)
                0x00012628                RFSENSE_Sensed
 .text.RFSENSE_IRQHandler
                0x00012678        0x4 C:\Users\dongr\SimplicityStudio\v4_workspace\sanika_htp_ota_soc-empty_5\platform\radio\rail_lib\autogen\librail_release\librail_efr32xg1_gcc_release.a(rfsense.o)
                0x00012678                RFSENSE_IRQHandler
 .text.RTCCSYNC_RTCCClockFreqGet
                0x0001267c       0x30 C:\Users\dongr\SimplicityStudio\v4_workspace\sanika_htp_ota_soc-empty_5\platform\radio\rail_lib\autogen\librail_release\librail_efr32xg1_gcc_release.a(rtccsync.o)
 .text.RTCCSYNC_Init
                0x000126ac       0x10 C:\Users\dongr\SimplicityStudio\v4_workspace\sanika_htp_ota_soc-empty_5\platform\radio\rail_lib\autogen\librail_release\librail_efr32xg1_gcc_release.a(rtccsync.o)
                0x000126ac                RTCCSYNC_Init
 .text.RTCCSYNC_PreSleep
                0x000126bc      0x260 C:\Users\dongr\SimplicityStudio\v4_workspace\sanika_htp_ota_soc-empty_5\platform\radio\rail_lib\autogen\librail_release\librail_efr32xg1_gcc_release.a(rtccsync.o)
                0x000126bc                RTCCSYNC_PreSleep
 .text.RTCCSYNC_PostWakeUp
                0x0001291c      0x1c4 C:\Users\dongr\SimplicityStudio\v4_workspace\sanika_htp_ota_soc-empty_5\platform\radio\rail_lib\autogen\librail_release\librail_efr32xg1_gcc_release.a(rtccsync.o)
                0x0001291c                RTCCSYNC_PostWakeUp
 .text.SYNTH_RfFreqGet
                0x00012ae0        0xc C:\Users\dongr\SimplicityStudio\v4_workspace\sanika_htp_ota_soc-empty_5\platform\radio\rail_lib\autogen\librail_release\librail_efr32xg1_gcc_release.a(synth.o)
                0x00012ae0                SYNTH_RfFreqGet
 .text.SYNTH_ChSpacingGet
                0x00012aec        0xc C:\Users\dongr\SimplicityStudio\v4_workspace\sanika_htp_ota_soc-empty_5\platform\radio\rail_lib\autogen\librail_release\librail_efr32xg1_gcc_release.a(synth.o)
                0x00012aec                SYNTH_ChSpacingGet
 .text.SYNTH_LoDivGet
                0x00012af8       0x20 C:\Users\dongr\SimplicityStudio\v4_workspace\sanika_htp_ota_soc-empty_5\platform\radio\rail_lib\autogen\librail_release\librail_efr32xg1_gcc_release.a(synth.o)
                0x00012af8                SYNTH_LoDivGet
 .text.SYNTH_Is2p4GHz
                0x00012b18       0x14 C:\Users\dongr\SimplicityStudio\v4_workspace\sanika_htp_ota_soc-empty_5\platform\radio\rail_lib\autogen\librail_release\librail_efr32xg1_gcc_release.a(synth.o)
                0x00012b18                SYNTH_Is2p4GHz
 .text.SYNTH_VcoRangeIsValid
                0x00012b2c       0x30 C:\Users\dongr\SimplicityStudio\v4_workspace\sanika_htp_ota_soc-empty_5\platform\radio\rail_lib\autogen\librail_release\librail_efr32xg1_gcc_release.a(synth.o)
                0x00012b2c                SYNTH_VcoRangeIsValid
 .text.SYNTH_RetimeLimitsConfig
                0x00012b5c       0x64 C:\Users\dongr\SimplicityStudio\v4_workspace\sanika_htp_ota_soc-empty_5\platform\radio\rail_lib\autogen\librail_release\librail_efr32xg1_gcc_release.a(synth.o)
                0x00012b5c                SYNTH_RetimeLimitsConfig
 .text.SYNTH_RetimeClkConfig
                0x00012bc0       0xb4 C:\Users\dongr\SimplicityStudio\v4_workspace\sanika_htp_ota_soc-empty_5\platform\radio\rail_lib\autogen\librail_release\librail_efr32xg1_gcc_release.a(synth.o)
                0x00012bc0                SYNTH_RetimeClkConfig
 .text.SYNTH_Config
                0x00012c74      0x108 C:\Users\dongr\SimplicityStudio\v4_workspace\sanika_htp_ota_soc-empty_5\platform\radio\rail_lib\autogen\librail_release\librail_efr32xg1_gcc_release.a(synth.o)
                0x00012c74                SYNTH_Config
 .text.SYNTH_ChannelSet
                0x00012d7c       0x40 C:\Users\dongr\SimplicityStudio\v4_workspace\sanika_htp_ota_soc-empty_5\platform\radio\rail_lib\autogen\librail_release\librail_efr32xg1_gcc_release.a(synth.o)
                0x00012d7c                SYNTH_ChannelSet
 .text.SYNTH_DCDCRetimeClkSet
                0x00012dbc       0x6c C:\Users\dongr\SimplicityStudio\v4_workspace\sanika_htp_ota_soc-empty_5\platform\radio\rail_lib\autogen\librail_release\librail_efr32xg1_gcc_release.a(synth.o)
                0x00012dbc                SYNTH_DCDCRetimeClkSet
 .text.SYNTH_DCDCRetimeEnable
                0x00012e28       0x18 C:\Users\dongr\SimplicityStudio\v4_workspace\sanika_htp_ota_soc-empty_5\platform\radio\rail_lib\autogen\librail_release\librail_efr32xg1_gcc_release.a(synth.o)
                0x00012e28                SYNTH_DCDCRetimeEnable
 .text.SYNTH_DCDCRetimeDisable
                0x00012e40       0x18 C:\Users\dongr\SimplicityStudio\v4_workspace\sanika_htp_ota_soc-empty_5\platform\radio\rail_lib\autogen\librail_release\librail_efr32xg1_gcc_release.a(synth.o)
                0x00012e40                SYNTH_DCDCRetimeDisable
 .text.SYNTH_KvnFreqCompensationEnable
                0x00012e58        0xc C:\Users\dongr\SimplicityStudio\v4_workspace\sanika_htp_ota_soc-empty_5\platform\radio\rail_lib\autogen\librail_release\librail_efr32xg1_gcc_release.a(synth.o)
                0x00012e58                SYNTH_KvnFreqCompensationEnable
 .text.RADIOCMU_ClockEnable
                0x00012e64       0x40 C:\Users\dongr\SimplicityStudio\v4_workspace\sanika_htp_ota_soc-empty_5\platform\radio\rail_lib\autogen\librail_release\librail_efr32xg1_gcc_release.a(radio_cmu.o)
                0x00012e64                RADIOCMU_ClockEnable
 .text.RADIOCMU_ClockFreqGet
                0x00012ea4       0x88 C:\Users\dongr\SimplicityStudio\v4_workspace\sanika_htp_ota_soc-empty_5\platform\radio\rail_lib\autogen\librail_release\librail_efr32xg1_gcc_release.a(radio_cmu.o)
                0x00012ea4                RADIOCMU_ClockFreqGet
 .text.RADIOCMU_ClockPrescGet
                0x00012f2c       0x1c C:\Users\dongr\SimplicityStudio\v4_workspace\sanika_htp_ota_soc-empty_5\platform\radio\rail_lib\autogen\librail_release\librail_efr32xg1_gcc_release.a(radio_cmu.o)
                0x00012f2c                RADIOCMU_ClockPrescGet
 .text.TEMPCAL_Init
                0x00012f48       0x40 C:\Users\dongr\SimplicityStudio\v4_workspace\sanika_htp_ota_soc-empty_5\platform\radio\rail_lib\autogen\librail_release\librail_efr32xg1_gcc_release.a(tempcal.o)
                0x00012f48                TEMPCAL_Init
 .text.TIMING_PreambleSyncBits
                0x00012f88       0x2c C:\Users\dongr\SimplicityStudio\v4_workspace\sanika_htp_ota_soc-empty_5\platform\radio\rail_lib\autogen\librail_release\librail_efr32xg1_gcc_release.a(timings.o)
 .text.TIMING_CalcAdjustUs
                0x00012fb4       0x28 C:\Users\dongr\SimplicityStudio\v4_workspace\sanika_htp_ota_soc-empty_5\platform\radio\rail_lib\autogen\librail_release\librail_efr32xg1_gcc_release.a(timings.o)
 .text.TIMING_SeqTimingInit
                0x00012fdc        0x2 C:\Users\dongr\SimplicityStudio\v4_workspace\sanika_htp_ota_soc-empty_5\platform\radio\rail_lib\autogen\librail_release\librail_efr32xg1_gcc_release.a(timings.o)
                0x00012fdc                TIMING_SeqTimingInit
 *fill*         0x00012fde        0x2 
 .text.TIMING_NsToStimerTickCalcSigned
                0x00012fe0       0x28 C:\Users\dongr\SimplicityStudio\v4_workspace\sanika_htp_ota_soc-empty_5\platform\radio\rail_lib\autogen\librail_release\librail_efr32xg1_gcc_release.a(timings.o)
                0x00012fe0                TIMING_NsToStimerTickCalcSigned
 .text.TIMING_NsToStimerTickCalc
                0x00013008        0xc C:\Users\dongr\SimplicityStudio\v4_workspace\sanika_htp_ota_soc-empty_5\platform\radio\rail_lib\autogen\librail_release\librail_efr32xg1_gcc_release.a(timings.o)
                0x00013008                TIMING_NsToStimerTickCalc
 .text.TIMING_InitStimer
                0x00013014       0x58 C:\Users\dongr\SimplicityStudio\v4_workspace\sanika_htp_ota_soc-empty_5\platform\radio\rail_lib\autogen\librail_release\librail_efr32xg1_gcc_release.a(timings.o)
                0x00013014                TIMING_InitStimer
 .text.TIMING_TxWarmTimeRecalculate
                0x0001306c       0x34 C:\Users\dongr\SimplicityStudio\v4_workspace\sanika_htp_ota_soc-empty_5\platform\radio\rail_lib\autogen\librail_release\librail_efr32xg1_gcc_release.a(timings.o)
                0x0001306c                TIMING_TxWarmTimeRecalculate
 .text.TIMING_TxWarmTimeSet
                0x000130a0       0x18 C:\Users\dongr\SimplicityStudio\v4_workspace\sanika_htp_ota_soc-empty_5\platform\radio\rail_lib\autogen\librail_release\librail_efr32xg1_gcc_release.a(timings.o)
                0x000130a0                TIMING_TxWarmTimeSet
 .text.TIMING_RxToTxTimeRecalculate
                0x000130b8       0x34 C:\Users\dongr\SimplicityStudio\v4_workspace\sanika_htp_ota_soc-empty_5\platform\radio\rail_lib\autogen\librail_release\librail_efr32xg1_gcc_release.a(timings.o)
                0x000130b8                TIMING_RxToTxTimeRecalculate
 .text.TIMING_RxFrameToTxTimeRecalculate
                0x000130ec       0x38 C:\Users\dongr\SimplicityStudio\v4_workspace\sanika_htp_ota_soc-empty_5\platform\radio\rail_lib\autogen\librail_release\librail_efr32xg1_gcc_release.a(timings.o)
                0x000130ec                TIMING_RxFrameToTxTimeRecalculate
 .text.TIMING_RxFrameToTxTimeSet
                0x00013124       0x18 C:\Users\dongr\SimplicityStudio\v4_workspace\sanika_htp_ota_soc-empty_5\platform\radio\rail_lib\autogen\librail_release\librail_efr32xg1_gcc_release.a(timings.o)
                0x00013124                TIMING_RxFrameToTxTimeSet
 .text.TIMING_TxToTxTimeRecalculate
                0x0001313c       0x24 C:\Users\dongr\SimplicityStudio\v4_workspace\sanika_htp_ota_soc-empty_5\platform\radio\rail_lib\autogen\librail_release\librail_efr32xg1_gcc_release.a(timings.o)
                0x0001313c                TIMING_TxToTxTimeRecalculate
 .text.TIMING_TxToRxTimeRecalculate
                0x00013160       0x24 C:\Users\dongr\SimplicityStudio\v4_workspace\sanika_htp_ota_soc-empty_5\platform\radio\rail_lib\autogen\librail_release\librail_efr32xg1_gcc_release.a(timings.o)
                0x00013160                TIMING_TxToRxTimeRecalculate
 .text.TIMING_TxToRxTimeSet
                0x00013184       0x18 C:\Users\dongr\SimplicityStudio\v4_workspace\sanika_htp_ota_soc-empty_5\platform\radio\rail_lib\autogen\librail_release\librail_efr32xg1_gcc_release.a(timings.o)
                0x00013184                TIMING_TxToRxTimeSet
 .text.TIMING_RxWarmTimeRecalculate
                0x0001319c       0x20 C:\Users\dongr\SimplicityStudio\v4_workspace\sanika_htp_ota_soc-empty_5\platform\radio\rail_lib\autogen\librail_release\librail_efr32xg1_gcc_release.a(timings.o)
                0x0001319c                TIMING_RxWarmTimeRecalculate
 .text.TIMING_RxWarmTimeSet
                0x000131bc       0x18 C:\Users\dongr\SimplicityStudio\v4_workspace\sanika_htp_ota_soc-empty_5\platform\radio\rail_lib\autogen\librail_release\librail_efr32xg1_gcc_release.a(timings.o)
                0x000131bc                TIMING_RxWarmTimeSet
 .text.TIMING_RxSearchTimeRecalculate
                0x000131d4       0x28 C:\Users\dongr\SimplicityStudio\v4_workspace\sanika_htp_ota_soc-empty_5\platform\radio\rail_lib\autogen\librail_release\librail_efr32xg1_gcc_release.a(timings.o)
                0x000131d4                TIMING_RxSearchTimeRecalculate
 .text.TIMING_RxSearchTimeSet
                0x000131fc       0x10 C:\Users\dongr\SimplicityStudio\v4_workspace\sanika_htp_ota_soc-empty_5\platform\radio\rail_lib\autogen\librail_release\librail_efr32xg1_gcc_release.a(timings.o)
                0x000131fc                TIMING_RxSearchTimeSet
 .text.TIMING_TxToRxSearchTimeRecalculate
                0x0001320c       0x28 C:\Users\dongr\SimplicityStudio\v4_workspace\sanika_htp_ota_soc-empty_5\platform\radio\rail_lib\autogen\librail_release\librail_efr32xg1_gcc_release.a(timings.o)
                0x0001320c                TIMING_TxToRxSearchTimeRecalculate
 .text.TIMING_TxToRxSearchTimeSet
                0x00013234       0x10 C:\Users\dongr\SimplicityStudio\v4_workspace\sanika_htp_ota_soc-empty_5\platform\radio\rail_lib\autogen\librail_release\librail_efr32xg1_gcc_release.a(timings.o)
                0x00013234                TIMING_TxToRxSearchTimeSet
 .text.TIMING_RecalculateAll
                0x00013244       0x3a C:\Users\dongr\SimplicityStudio\v4_workspace\sanika_htp_ota_soc-empty_5\platform\radio\rail_lib\autogen\librail_release\librail_efr32xg1_gcc_release.a(timings.o)
                0x00013244                TIMING_RecalculateAll
 .text.TIMING_RecalculatePaRampChanged
                0x0001327e       0x22 C:\Users\dongr\SimplicityStudio\v4_workspace\sanika_htp_ota_soc-empty_5\platform\radio\rail_lib\autogen\librail_release\librail_efr32xg1_gcc_release.a(timings.o)
                0x0001327e                TIMING_RecalculatePaRampChanged
 .text.TIMING_SetChainDelays
                0x000132a0        0x8 C:\Users\dongr\SimplicityStudio\v4_workspace\sanika_htp_ota_soc-empty_5\platform\radio\rail_lib\autogen\librail_release\librail_efr32xg1_gcc_release.a(timings.o)
                0x000132a0                TIMING_SetChainDelays
 .text.TIMING_SetRxDoneDelay
                0x000132a8        0x6 C:\Users\dongr\SimplicityStudio\v4_workspace\sanika_htp_ota_soc-empty_5\platform\radio\rail_lib\autogen\librail_release\librail_efr32xg1_gcc_release.a(timings.o)
                0x000132a8                TIMING_SetRxDoneDelay
 .text.TIMING_CalcRxTimeStampUs
                0x000132ae       0x7a C:\Users\dongr\SimplicityStudio\v4_workspace\sanika_htp_ota_soc-empty_5\platform\radio\rail_lib\autogen\librail_release\librail_efr32xg1_gcc_release.a(timings.o)
                0x000132ae                TIMING_CalcRxTimeStampUs
 .text.RFRAND_GetRadioEntropy
                0x00013328       0xf0 C:\Users\dongr\SimplicityStudio\v4_workspace\sanika_htp_ota_soc-empty_5\platform\radio\rail_lib\autogen\librail_release\librail_efr32xg1_gcc_release.a(rf_rand.o)
                0x00013328                RFRAND_GetRadioEntropy
 .text.RFRAND_SeedProtimerRandom
                0x00013418       0x3c C:\Users\dongr\SimplicityStudio\v4_workspace\sanika_htp_ota_soc-empty_5\platform\radio\rail_lib\autogen\librail_release\librail_efr32xg1_gcc_release.a(rf_rand.o)
                0x00013418                RFRAND_SeedProtimerRandom
 .text.RAIL_GetTxPowerCurve
                0x00013454       0x14 C:\Users\dongr\SimplicityStudio\v4_workspace\sanika_htp_ota_soc-empty_5\platform\radio\rail_lib\autogen\librail_release\librail_efr32xg1_gcc_release.a(pa_conversions_efr32.o)
                0x00013454                RAIL_GetTxPowerCurve
 .text.RAIL_InitTxPowerCurves
                0x00013468       0x2c C:\Users\dongr\SimplicityStudio\v4_workspace\sanika_htp_ota_soc-empty_5\platform\radio\rail_lib\autogen\librail_release\librail_efr32xg1_gcc_release.a(pa_conversions_efr32.o)
                0x00013468                RAIL_InitTxPowerCurves
 .text.RAIL_ConvertDbmToRaw
                0x00013494       0xe4 C:\Users\dongr\SimplicityStudio\v4_workspace\sanika_htp_ota_soc-empty_5\platform\radio\rail_lib\autogen\librail_release\librail_efr32xg1_gcc_release.a(pa_conversions_efr32.o)
                0x00013494                RAIL_ConvertDbmToRaw
 .text.RAIL_ConvertRawToDbm
                0x00013578       0xb4 C:\Users\dongr\SimplicityStudio\v4_workspace\sanika_htp_ota_soc-empty_5\platform\radio\rail_lib\autogen\librail_release\librail_efr32xg1_gcc_release.a(pa_conversions_efr32.o)
                0x00013578                RAIL_ConvertRawToDbm
 .text.GENERIC_PHY_ConfigureRollbackReporting
                0x0001362c       0x64 C:\Users\dongr\SimplicityStudio\v4_workspace\sanika_htp_ota_soc-empty_5\platform\radio\rail_lib\autogen\librail_release\librail_efr32xg1_gcc_release.a(generic_phy.o)
 .text.GENERIC_PHY_ClearPendedRxWindowEnd
                0x00013690       0x1c C:\Users\dongr\SimplicityStudio\v4_workspace\sanika_htp_ota_soc-empty_5\platform\radio\rail_lib\autogen\librail_release\librail_efr32xg1_gcc_release.a(generic_phy.o)
 .text.RADIO_RACRxAbort
                0x000136ac       0x3c C:\Users\dongr\SimplicityStudio\v4_workspace\sanika_htp_ota_soc-empty_5\platform\radio\rail_lib\autogen\librail_release\librail_efr32xg1_gcc_release.a(generic_phy.o)
 .text.GENERIC_PHY_RxOverflowHook
                0x000136e8       0x34 C:\Users\dongr\SimplicityStudio\v4_workspace\sanika_htp_ota_soc-empty_5\platform\radio\rail_lib\autogen\librail_release\librail_efr32xg1_gcc_release.a(generic_phy.o)
 .text.GENERIC_PHY_DisableRadioIrqs
                0x0001371c       0x50 C:\Users\dongr\SimplicityStudio\v4_workspace\sanika_htp_ota_soc-empty_5\platform\radio\rail_lib\autogen\librail_release\librail_efr32xg1_gcc_release.a(generic_phy.o)
 .text.GENERIC_PHY_CheckPendedRxWindowEnd
                0x0001376c       0x3c C:\Users\dongr\SimplicityStudio\v4_workspace\sanika_htp_ota_soc-empty_5\platform\radio\rail_lib\autogen\librail_release\librail_efr32xg1_gcc_release.a(generic_phy.o)
 .text.GENERIC_PHY_ConfigureEvents
                0x000137a8      0x35c C:\Users\dongr\SimplicityStudio\v4_workspace\sanika_htp_ota_soc-empty_5\platform\radio\rail_lib\autogen\librail_release\librail_efr32xg1_gcc_release.a(generic_phy.o)
                0x000137a8                GENERIC_PHY_ConfigureEvents
 .text.GENERIC_PHY_PacketTxCommon
                0x00013b04       0x3c C:\Users\dongr\SimplicityStudio\v4_workspace\sanika_htp_ota_soc-empty_5\platform\radio\rail_lib\autogen\librail_release\librail_efr32xg1_gcc_release.a(generic_phy.o)
                0x00013b04                GENERIC_PHY_PacketTxCommon
 .text.GENERIC_PHY_PacketTx
                0x00013b40       0x40 C:\Users\dongr\SimplicityStudio\v4_workspace\sanika_htp_ota_soc-empty_5\platform\radio\rail_lib\autogen\librail_release\librail_efr32xg1_gcc_release.a(generic_phy.o)
                0x00013b40                GENERIC_PHY_PacketTx
 .text.GENERIC_PHY_SchedulePacketRx
                0x00013b80      0x10c C:\Users\dongr\SimplicityStudio\v4_workspace\sanika_htp_ota_soc-empty_5\platform\radio\rail_lib\autogen\librail_release\librail_efr32xg1_gcc_release.a(generic_phy.o)
                0x00013b80                GENERIC_PHY_SchedulePacketRx
 .text.GENERIC_PHY_SchedulePacketTx
                0x00013c8c       0x7c C:\Users\dongr\SimplicityStudio\v4_workspace\sanika_htp_ota_soc-empty_5\platform\radio\rail_lib\autogen\librail_release\librail_efr32xg1_gcc_release.a(generic_phy.o)
                0x00013c8c                GENERIC_PHY_SchedulePacketTx
 .text.GENERIC_PHY_ChannelSet
                0x00013d08        0x6 C:\Users\dongr\SimplicityStudio\v4_workspace\sanika_htp_ota_soc-empty_5\platform\radio\rail_lib\autogen\librail_release\librail_efr32xg1_gcc_release.a(generic_phy.o)
                0x00013d08                GENERIC_PHY_ChannelSet
 *fill*         0x00013d0e        0x2 
 .text.GENERIC_PHY_SeqAtomicLock
                0x00013d10       0x34 C:\Users\dongr\SimplicityStudio\v4_workspace\sanika_htp_ota_soc-empty_5\platform\radio\rail_lib\autogen\librail_release\librail_efr32xg1_gcc_release.a(generic_phy.o)
                0x00013d10                GENERIC_PHY_SeqAtomicLock
 .text.GENERIC_PHY_PreviousTxTime
                0x00013d44        0xc C:\Users\dongr\SimplicityStudio\v4_workspace\sanika_htp_ota_soc-empty_5\platform\radio\rail_lib\autogen\librail_release\librail_efr32xg1_gcc_release.a(generic_phy.o)
                0x00013d44                GENERIC_PHY_PreviousTxTime
 .text.GENERIC_PHY_RACConfig
                0x00013d50       0x40 C:\Users\dongr\SimplicityStudio\v4_workspace\sanika_htp_ota_soc-empty_5\platform\radio\rail_lib\autogen\librail_release\librail_efr32xg1_gcc_release.a(generic_phy.o)
                0x00013d50                GENERIC_PHY_RACConfig
 .text.GENERIC_PHY_ResetRxFifo
                0x00013d90       0x30 C:\Users\dongr\SimplicityStudio\v4_workspace\sanika_htp_ota_soc-empty_5\platform\radio\rail_lib\autogen\librail_release\librail_efr32xg1_gcc_release.a(generic_phy.o)
                0x00013d90                GENERIC_PHY_ResetRxFifo
 .text.GENERIC_PHY_RadioIdle
                0x00013dc0      0x138 C:\Users\dongr\SimplicityStudio\v4_workspace\sanika_htp_ota_soc-empty_5\platform\radio\rail_lib\autogen\librail_release\librail_efr32xg1_gcc_release.a(generic_phy.o)
                0x00013dc0                GENERIC_PHY_RadioIdle
 .text.FRC_IRQHandler
                0x00013ef8      0x448 C:\Users\dongr\SimplicityStudio\v4_workspace\sanika_htp_ota_soc-empty_5\platform\radio\rail_lib\autogen\librail_release\librail_efr32xg1_gcc_release.a(generic_phy.o)
                0x00013ef8                FRC_IRQHandler
 .text.FRC_PRI_IRQHandler
                0x00014340        0x4 C:\Users\dongr\SimplicityStudio\v4_workspace\sanika_htp_ota_soc-empty_5\platform\radio\rail_lib\autogen\librail_release\librail_efr32xg1_gcc_release.a(generic_phy.o)
                0x00014340                FRC_PRI_IRQHandler
 .text.BUFC_IRQHandler
                0x00014344        0x4 C:\Users\dongr\SimplicityStudio\v4_workspace\sanika_htp_ota_soc-empty_5\platform\radio\rail_lib\autogen\librail_release\librail_efr32xg1_gcc_release.a(generic_phy.o)
                0x00014344                BUFC_IRQHandler
 .text.PROTIMER_IRQHandler
                0x00014348        0x4 C:\Users\dongr\SimplicityStudio\v4_workspace\sanika_htp_ota_soc-empty_5\platform\radio\rail_lib\autogen\librail_release\librail_efr32xg1_gcc_release.a(generic_phy.o)
                0x00014348                PROTIMER_IRQHandler
 .text.RAC_SEQ_IRQHandler
                0x0001434c        0x4 C:\Users\dongr\SimplicityStudio\v4_workspace\sanika_htp_ota_soc-empty_5\platform\radio\rail_lib\autogen\librail_release\librail_efr32xg1_gcc_release.a(generic_phy.o)
                0x0001434c                RAC_SEQ_IRQHandler
 .text.RAILCb_RadioStateChanged
                0x00014350       0x14 C:\Users\dongr\SimplicityStudio\v4_workspace\sanika_htp_ota_soc-empty_5\platform\radio\rail_lib\autogen\librail_release\librail_efr32xg1_gcc_release.a(generic_phy.o)
                0x00014350                RAILCb_RadioStateChanged
 .text.RAC_RSM_IRQHandler
                0x00014364       0x48 C:\Users\dongr\SimplicityStudio\v4_workspace\sanika_htp_ota_soc-empty_5\platform\radio\rail_lib\autogen\librail_release\librail_efr32xg1_gcc_release.a(generic_phy.o)
                0x00014364                RAC_RSM_IRQHandler
 .text.MODEM_IRQHandler
                0x000143ac        0x4 C:\Users\dongr\SimplicityStudio\v4_workspace\sanika_htp_ota_soc-empty_5\platform\radio\rail_lib\autogen\librail_release\librail_efr32xg1_gcc_release.a(generic_phy.o)
                0x000143ac                MODEM_IRQHandler
 .text.AGC_IRQHandler
                0x000143b0       0x40 C:\Users\dongr\SimplicityStudio\v4_workspace\sanika_htp_ota_soc-empty_5\platform\radio\rail_lib\autogen\librail_release\librail_efr32xg1_gcc_release.a(generic_phy.o)
                0x000143b0                AGC_IRQHandler
 .text.SYNTH_IRQHandler