Archive member included because of file (symbol)

C:\SiliconLabs\SimplicityStudio\v4\1_workspace\LED_BLINKY_SDK2_7\platform\radio\rail_lib\autogen\librail_release\librail_efr32xg1_gcc_release.a(rail_pti.o)
                              ./pti.o (RAIL_ConfigPti)
C:\SiliconLabs\SimplicityStudio\v4\1_workspace\LED_BLINKY_SDK2_7\platform\radio\rail_lib\autogen\librail_release\librail_efr32xg1_gcc_release.a(rail_rf_hal.o)
                              C:\SiliconLabs\SimplicityStudio\v4\1_workspace\LED_BLINKY_SDK2_7\platform\radio\rail_lib\autogen\librail_release\librail_efr32xg1_gcc_release.a(rail_pti.o) (RFHAL_ConfigPti)
C:\SiliconLabs\SimplicityStudio\v4\1_workspace\LED_BLINKY_SDK2_7\platform\radio\rail_lib\autogen\librail_release\librail_efr32xg1_gcc_release.a(rail_singleprotocol.o)
                              C:\SiliconLabs\SimplicityStudio\v4\1_workspace\LED_BLINKY_SDK2_7\platform\radio\rail_lib\autogen\librail_release\librail_efr32xg1_gcc_release.a(rail_rf_hal.o) (RAIL_ActiveHandle)
C:\SiliconLabs\SimplicityStudio\v4\1_workspace\LED_BLINKY_SDK2_7\platform\radio\rail_lib\autogen\librail_release\librail_efr32xg1_gcc_release.a(rail_rf.o)
                              C:\SiliconLabs\SimplicityStudio\v4\1_workspace\LED_BLINKY_SDK2_7\platform\radio\rail_lib\autogen\librail_release\librail_efr32xg1_gcc_release.a(rail_singleprotocol.o) (RAILCore_Init)
C:\SiliconLabs\SimplicityStudio\v4\1_workspace\LED_BLINKY_SDK2_7\platform\radio\rail_lib\autogen\librail_release\librail_efr32xg1_gcc_release.a(rail_rx.o)
                              C:\SiliconLabs\SimplicityStudio\v4\1_workspace\LED_BLINKY_SDK2_7\platform\radio\rail_lib\autogen\librail_release\librail_efr32xg1_gcc_release.a(rail_rf_hal.o) (RAILCore_StartRx)
C:\SiliconLabs\SimplicityStudio\v4\1_workspace\LED_BLINKY_SDK2_7\platform\radio\rail_lib\autogen\librail_release\librail_efr32xg1_gcc_release.a(rail_tx.o)
                              C:\SiliconLabs\SimplicityStudio\v4\1_workspace\LED_BLINKY_SDK2_7\platform\radio\rail_lib\autogen\librail_release\librail_efr32xg1_gcc_release.a(rail_singleprotocol.o) (RAILCore_StartTx)
C:\SiliconLabs\SimplicityStudio\v4\1_workspace\LED_BLINKY_SDK2_7\platform\radio\rail_lib\autogen\librail_release\librail_efr32xg1_gcc_release.a(rail_calibration.o)
                              C:\SiliconLabs\SimplicityStudio\v4\1_workspace\LED_BLINKY_SDK2_7\platform\radio\rail_lib\autogen\librail_release\librail_efr32xg1_gcc_release.a(rail_rf_hal.o) (RAILInt_PendCal)
C:\SiliconLabs\SimplicityStudio\v4\1_workspace\LED_BLINKY_SDK2_7\platform\radio\rail_lib\autogen\librail_release\librail_efr32xg1_gcc_release.a(rail_assert.o)
                              C:\SiliconLabs\SimplicityStudio\v4\1_workspace\LED_BLINKY_SDK2_7\platform\radio\rail_lib\autogen\librail_release\librail_efr32xg1_gcc_release.a(rail_rf.o) (RAILInt_Assert)
C:\SiliconLabs\SimplicityStudio\v4\1_workspace\LED_BLINKY_SDK2_7\platform\radio\rail_lib\autogen\librail_release\librail_efr32xg1_gcc_release.a(rail_rssi.o)
                              C:\SiliconLabs\SimplicityStudio\v4\1_workspace\LED_BLINKY_SDK2_7\platform\radio\rail_lib\autogen\librail_release\librail_efr32xg1_gcc_release.a(rail_singleprotocol.o) (RAILCore_GetRssi)
C:\SiliconLabs\SimplicityStudio\v4\1_workspace\LED_BLINKY_SDK2_7\platform\radio\rail_lib\autogen\librail_release\librail_efr32xg1_gcc_release.a(bufc.o)
                              C:\SiliconLabs\SimplicityStudio\v4\1_workspace\LED_BLINKY_SDK2_7\platform\radio\rail_lib\autogen\librail_release\librail_efr32xg1_gcc_release.a(rail_rf_hal.o) (BUFC_SetTxBuffer)
C:\SiliconLabs\SimplicityStudio\v4\1_workspace\LED_BLINKY_SDK2_7\platform\radio\rail_lib\autogen\librail_release\librail_efr32xg1_gcc_release.a(ir_cal.o)
                              C:\SiliconLabs\SimplicityStudio\v4\1_workspace\LED_BLINKY_SDK2_7\platform\radio\rail_lib\autogen\librail_release\librail_efr32xg1_gcc_release.a(rail_rf_hal.o) (IRCAL_Set)
C:\SiliconLabs\SimplicityStudio\v4\1_workspace\LED_BLINKY_SDK2_7\platform\radio\rail_lib\autogen\librail_release\librail_efr32xg1_gcc_release.a(pa.o)
                              C:\SiliconLabs\SimplicityStudio\v4\1_workspace\LED_BLINKY_SDK2_7\platform\radio\rail_lib\autogen\librail_release\librail_efr32xg1_gcc_release.a(rail_rf_hal.o) (PA_GetTxPowerConfig)
C:\SiliconLabs\SimplicityStudio\v4\1_workspace\LED_BLINKY_SDK2_7\platform\radio\rail_lib\autogen\librail_release\librail_efr32xg1_gcc_release.a(protimer.o)
                              C:\SiliconLabs\SimplicityStudio\v4\1_workspace\LED_BLINKY_SDK2_7\platform\radio\rail_lib\autogen\librail_release\librail_efr32xg1_gcc_release.a(rail_rf_hal.o) (PROTIMER_Start)
C:\SiliconLabs\SimplicityStudio\v4\1_workspace\LED_BLINKY_SDK2_7\platform\radio\rail_lib\autogen\librail_release\librail_efr32xg1_gcc_release.a(pti.o)
                              C:\SiliconLabs\SimplicityStudio\v4\1_workspace\LED_BLINKY_SDK2_7\platform\radio\rail_lib\autogen\librail_release\librail_efr32xg1_gcc_release.a(rail_rf_hal.o) (PTI_Config)
[...]
Memory Configuration

Name             Origin             Length             Attributes
FLASH_BOOTLOADER 0x00000000         0x00004000         xr
FLASH            0x00004000         0x0003b000         xr
RAM              0x20000000         0x00007bfc         xrw
*default*        0x00000000         0xffffffff

Linker script and memory map

LOAD c:/siliconlabs/simplicitystudio/v4/developer/toolchains/gnu_arm/4.9_2015q3/bin/../lib/gcc/arm-none-eabi/4.9.3/armv7e-m/softfp/crti.o
LOAD c:/siliconlabs/simplicitystudio/v4/developer/toolchains/gnu_arm/4.9_2015q3/bin/../lib/gcc/arm-none-eabi/4.9.3/armv7e-m/softfp/crtbegin.o
LOAD c:/siliconlabs/simplicitystudio/v4/developer/toolchains/gnu_arm/4.9_2015q3/bin/../lib/gcc/arm-none-eabi/4.9.3/../../../../arm-none-eabi/lib/armv7e-m/softfp/crt0.o
START GROUP
LOAD ./application_properties.o
LOAD ./gatt_db.o
LOAD ./init_board.o
LOAD ./init_mcu.o
LOAD ./main.o
LOAD ./pti.o
LOAD ./hardware/kit/common/bsp/bsp_stk.o
LOAD ./hardware/kit/common/drivers/mx25flash_spi.o
LOAD ./platform/Device/SiliconLabs/EFR32BG1B/Source/GCC/startup_efr32bg1b.o
LOAD ./platform/Device/SiliconLabs/EFR32BG1B/Source/system_efr32bg1b.o
LOAD ./platform/emdrv/sleep/src/sleep.o
LOAD ./platform/emdrv/tempdrv/src/tempdrv.o
LOAD ./platform/emlib/src/em_acmp.o
LOAD ./platform/emlib/src/em_adc.o
LOAD ./platform/emlib/src/em_aes.o
LOAD ./platform/emlib/src/em_assert.o
LOAD ./platform/emlib/src/em_burtc.o
LOAD ./platform/emlib/src/em_can.o
LOAD ./platform/emlib/src/em_cmu.o
LOAD ./platform/emlib/src/em_core.o
LOAD ./platform/emlib/src/em_cryotimer.o
LOAD ./platform/emlib/src/em_crypto.o
LOAD ./platform/emlib/src/em_csen.o
LOAD ./platform/emlib/src/em_dac.o
LOAD ./platform/emlib/src/em_dbg.o
LOAD ./platform/emlib/src/em_ebi.o
LOAD ./platform/emlib/src/em_emu.o
LOAD ./platform/emlib/src/em_gpcrc.o
LOAD ./platform/emlib/src/em_gpio.o
LOAD ./platform/emlib/src/em_i2c.o
LOAD ./platform/emlib/src/em_idac.o
LOAD ./platform/emlib/src/em_int.o
LOAD ./platform/emlib/src/em_lcd.o
LOAD ./platform/emlib/src/em_ldma.o
LOAD ./platform/emlib/src/em_lesense.o
LOAD ./platform/emlib/src/em_letimer.o
LOAD ./platform/emlib/src/em_leuart.o
LOAD ./platform/emlib/src/em_mpu.o
LOAD ./platform/emlib/src/em_msc.o
LOAD ./platform/emlib/src/em_opamp.o
LOAD ./platform/emlib/src/em_pcnt.o
LOAD ./platform/emlib/src/em_prs.o
LOAD ./platform/emlib/src/em_qspi.o
LOAD ./platform/emlib/src/em_rmu.o
LOAD ./platform/emlib/src/em_rtcc.o
LOAD ./platform/emlib/src/em_system.o
LOAD ./platform/emlib/src/em_timer.o
LOAD ./platform/emlib/src/em_usart.o
LOAD ./platform/emlib/src/em_vcmp.o
LOAD ./platform/emlib/src/em_vdac.o
LOAD ./platform/emlib/src/em_wdog.o
LOAD ./src/cmu.o
LOAD ./src/gpio.o
LOAD ./src/i2c.o
LOAD ./src/letimer.o
LOAD ./src/sleep_timer.o
LOAD C:\SiliconLabs\SimplicityStudio\v4\1_workspace\LED_BLINKY_SDK2_7\protocol\bluetooth_2.7\lib\EFR32BG1B\GCC\libmbedtls.a
LOAD C:\SiliconLabs\SimplicityStudio\v4\1_workspace\LED_BLINKY_SDK2_7\platform\radio\rail_lib\autogen\librail_release\librail_efr32xg1_gcc_release.a
LOAD C:\SiliconLabs\SimplicityStudio\v4\1_workspace\LED_BLINKY_SDK2_7\protocol\bluetooth_2.7\lib\EFR32BG1B\GCC\libpsstore.a
LOAD C:\SiliconLabs\SimplicityStudio\v4\1_workspace\LED_BLINKY_SDK2_7\protocol\bluetooth_2.7\lib\EFR32BG1B\GCC\libbluetooth.a
LOAD C:\SiliconLabs\SimplicityStudio\v4\1_workspace\LED_BLINKY_SDK2_7\protocol\bluetooth_2.7\lib\EFR32BG1B\GCC\binapploader.o
LOAD c:/siliconlabs/simplicitystudio/v4/developer/toolchains/gnu_arm/4.9_2015q3/bin/../lib/gcc/arm-none-eabi/4.9.3/../../../../arm-none-eabi/lib/armv7e-m/softfp\libm.a
END GROUP
START GROUP
LOAD c:/siliconlabs/simplicitystudio/v4/developer/toolchains/gnu_arm/4.9_2015q3/bin/../lib/gcc/arm-none-eabi/4.9.3/armv7e-m/softfp\libgcc.a
LOAD c:/siliconlabs/simplicitystudio/v4/developer/toolchains/gnu_arm/4.9_2015q3/bin/../lib/gcc/arm-none-eabi/4.9.3/../../../../arm-none-eabi/lib/armv7e-m/softfp\libc_nano.a
LOAD c:/siliconlabs/simplicitystudio/v4/developer/toolchains/gnu_arm/4.9_2015q3/bin/../lib/gcc/arm-none-eabi/4.9.3/../../../../arm-none-eabi/lib/armv7e-m/softfp\libnosys.a
END GROUP
START GROUP
LOAD c:/siliconlabs/simplicitystudio/v4/developer/toolchains/gnu_arm/4.9_2015q3/bin/../lib/gcc/arm-none-eabi/4.9.3/armv7e-m/softfp\libgcc.a
LOAD c:/siliconlabs/simplicitystudio/v4/developer/toolchains/gnu_arm/4.9_2015q3/bin/../lib/gcc/arm-none-eabi/4.9.3/../../../../arm-none-eabi/lib/armv7e-m/softfp\libg_nano.a
LOAD c:/siliconlabs/simplicitystudio/v4/developer/toolchains/gnu_arm/4.9_2015q3/bin/../lib/gcc/arm-none-eabi/4.9.3/../../../../arm-none-eabi/lib/armv7e-m/softfp\libc_nano.a
END GROUP
START GROUP
LOAD c:/siliconlabs/simplicitystudio/v4/developer/toolchains/gnu_arm/4.9_2015q3/bin/../lib/gcc/arm-none-eabi/4.9.3/armv7e-m/softfp\libgcc.a
LOAD c:/siliconlabs/simplicitystudio/v4/developer/toolchains/gnu_arm/4.9_2015q3/bin/../lib/gcc/arm-none-eabi/4.9.3/../../../../arm-none-eabi/lib/armv7e-m/softfp\libc_nano.a
END GROUP
LOAD c:/siliconlabs/simplicitystudio/v4/developer/toolchains/gnu_arm/4.9_2015q3/bin/../lib/gcc/arm-none-eabi/4.9.3/armv7e-m/softfp/crtend.o
LOAD c:/siliconlabs/simplicitystudio/v4/developer/toolchains/gnu_arm/4.9_2015q3/bin/../lib/gcc/arm-none-eabi/4.9.3/armv7e-m/softfp/crtn.o

.text_bootloader
                0x00000000        0x0
 *(.binbootloader*)
                0x00000000                . = ALIGN (0x4000)

.text_apploader
                0x00004000     0x8fc0
 *(.binapploader*)
 .binapploader  0x00004000     0x8fc0 C:\SiliconLabs\SimplicityStudio\v4\1_workspace\LED_BLINKY_SDK2_7\protocol\bluetooth_2.7\lib\EFR32BG1B\GCC\binapploader.o

.text_signature
                0x0000cfc0       0x40
                0x0000d000                . = ALIGN (0x800)
 *fill*         0x0000cfc0       0x40 
                0x0000d000                __text_start__ = .

.text_application
                0x0000d000    0x1f4a4
 *(.vectors)
 .vectors       0x0000d000       0xc8 ./platform/Device/SiliconLabs/EFR32BG1B/Source/GCC/startup_efr32bg1b.o
                0x0000d000                __Vectors
                0x0000d0c8                __Vectors_End = .
                0x000000c8                __Vectors_Size = (__Vectors_End - __Vectors)
                0x0000d0c8                __end__ = .
 *(.application_properties)
 .application_properties
                0x0000d0c8       0x38 ./application_properties.o
                0x0000d0c8                applicationProperties
 *(.gecko_configuration)
 *(.xo_configuration)
 *(.gatt_header)
 .gatt_header   0x0000d100       0x34 ./gatt_db.o
                0x0000d100                bg_gattdb_data
 *(.gatt_data)
 .gatt_data     0x0000d134      0x1d5 ./gatt_db.o
                0x0000d134                bg_gattdb_data_uuidtable_16_map
                0x0000d150                bg_gattdb_data_uuidtable_128_map
                0x0000d170                bg_gattdb_data_attribute_field_18
                0x0000d178                bg_gattdb_data_attribute_field_17
                0x0000d190                bg_gattdb_data_attribute_field_16
                0x0000d1a4                bg_gattdb_data_attribute_field_15
                0x0000d1ac                bg_gattdb_data_attribute_field_14
                0x0000d1b4                bg_gattdb_data_attribute_field_13
                0x0000d1c0                bg_gattdb_data_attribute_field_12
                0x0000d1c8                bg_gattdb_data_attribute_field_11
                0x0000d1d8                bg_gattdb_data_attribute_field_10
                0x0000d1e0                bg_gattdb_data_attribute_field_9
                0x0000d1e4                bg_gattdb_data_attribute_field_8
                0x0000d1e8                bg_gattdb_data_attribute_field_7
                0x0000d1f0                bg_gattdb_data_attribute_field_6
                0x0000d1f8                bg_gattdb_data_attribute_field_5
                0x0000d200                bg_gattdb_data_attribute_field_4
                0x0000d204                bg_gattdb_data_attribute_field_2
                0x0000d20c                bg_gattdb_data_attribute_field_1
                0x0000d214                bg_gattdb_data_attribute_field_0
                0x0000d218                bg_gattdb_data_attributes_map
                0x0000d2fc                bg_gattdb_data_attributes_dynamic_mapping_map
                0x0000d304                bg_gattdb_data_adv_uuid16_map
                0x0000d308                bg_gattdb_data_adv_uuid128_map
 *(.text*)
 *fill*         0x0000d309        0x3 
 .text          0x0000d30c       0x5c c:/siliconlabs/simplicitystudio/v4/developer/toolchains/gnu_arm/4.9_2015q3/bin/../lib/gcc/arm-none-eabi/4.9.3/armv7e-m/softfp/crtbegin.o
 .text          0x0000d368       0x74 c:/siliconlabs/simplicitystudio/v4/developer/toolchains/gnu_arm/4.9_2015q3/bin/../lib/gcc/arm-none-eabi/4.9.3/../../../../arm-none-eabi/lib/armv7e-m/softfp/crt0.o
                0x0000d368                _start
                0x0000d368                _mainCRTStartup
 .text.initBoard
                0x0000d3dc       0x48 ./init_board.o
                0x0000d3dc                initBoard
 .text.BUS_RegBitWrite
                0x0000d424       0x2c ./init_mcu.o
 .text.SYSTEM_GetProdRev
                0x0000d450       0x1c ./init_mcu.o
 .text.CHIP_Init
                0x0000d46c       0xb4 ./init_mcu.o
 .text.initMcu  0x0000d520       0x70 ./init_mcu.o
                0x0000d520                initMcu
 .text.initMcu_clocks
                0x0000d590       0xa4 ./init_mcu.o
 .text.BUS_RegBitWrite
                0x0000d634       0x2c ./main.o
 .text.gecko_initCoexHAL
                0x0000d660        0xc ./main.o
 .text.gecko_init
                0x0000d66c       0x48 ./main.o
 .text.SYSTEM_GetProdRev
                0x0000d6b4       0x1c ./main.o
 .text.CHIP_Init
                0x0000d6d0       0xb4 ./main.o
 .text.main     0x0000d784       0x54 ./main.o
                0x0000d784                main
 .text.BUS_RegMaskedSet
                0x0000d7d8       0x24 ./hardware/kit/common/drivers/mx25flash_spi.o
 .text.BUS_RegMaskedClear
                0x0000d7fc       0x24 ./hardware/kit/common/drivers/mx25flash_spi.o
 .text.GPIO_PinOutClear
                0x0000d820       0x58 ./hardware/kit/common/drivers/mx25flash_spi.o
 .text.GPIO_PinOutSet
                0x0000d878       0x58 ./hardware/kit/common/drivers/mx25flash_spi.o
 .text.MX25_init
                0x0000d8d0       0x98 ./hardware/kit/common/drivers/mx25flash_spi.o
                0x0000d8d0                MX25_init
 .text.Wait_Flash_WarmUp
                0x0000d968       0x24 ./hardware/kit/common/drivers/mx25flash_spi.o
                0x0000d968                Wait_Flash_WarmUp
 .text.Initial_Spi
                0x0000d98c        0xc ./hardware/kit/common/drivers/mx25flash_spi.o
                0x0000d98c                Initial_Spi
 .text.CS_Low   0x0000d998       0x10 ./hardware/kit/common/drivers/mx25flash_spi.o
                0x0000d998                CS_Low
 .text.CS_High  0x0000d9a8       0x10 ./hardware/kit/common/drivers/mx25flash_spi.o
                0x0000d9a8                CS_High
 .text.InsertDummyCycle
                0x0000d9b8       0x38 ./hardware/kit/common/drivers/mx25flash_spi.o
                0x0000d9b8                InsertDummyCycle
 .text.SendByte
                0x0000d9f0       0x3c ./hardware/kit/common/drivers/mx25flash_spi.o
                0x0000d9f0                SendByte
 .text.MX25_DP  0x0000da2c       0x34 ./hardware/kit/common/drivers/mx25flash_spi.o
                0x0000da2c                MX25_DP
 .text.Reset_Handler
                0x0000da60       0x3c ./platform/Device/SiliconLabs/EFR32BG1B/Source/GCC/startup_efr32bg1b.o
                0x0000da60                Reset_Handler
 .text.Default_Handler
                0x0000da9c        0x8 ./platform/Device/SiliconLabs/EFR32BG1B/Source/GCC/startup_efr32bg1b.o
                0x0000da9c                DebugMon_Handler
                0x0000da9c                USART0_TX_IRQHandler
                0x0000da9c                I2C0_IRQHandler
                0x0000da9c                HardFault_Handler
                0x0000da9c                SysTick_Handler
                0x0000da9c                USART1_RX_IRQHandler
                0x0000da9c                PendSV_Handler
                0x0000da9c                NMI_Handler
                0x0000da9c                WDOG0_IRQHandler
                0x0000da9c                USART1_TX_IRQHandler
                0x0000da9c                MSC_IRQHandler
                0x0000da9c                ADC0_IRQHandler
                0x0000da9c                UsageFault_Handler
                0x0000da9c                LEUART0_IRQHandler
                0x0000da9c                FPUEH_IRQHandler
                0x0000da9c                GPIO_EVEN_IRQHandler
                0x0000da9c                LDMA_IRQHandler
                0x0000da9c                TIMER0_IRQHandler
                0x0000da9c                TIMER1_IRQHandler
                0x0000da9c                Default_Handler
                0x0000da9c                CRYOTIMER_IRQHandler
                0x0000da9c                PCNT0_IRQHandler
                0x0000da9c                ACMP0_IRQHandler
                0x0000da9c                USART0_RX_IRQHandler
                0x0000da9c                MemManage_Handler
                0x0000da9c                SVC_Handler
                0x0000da9c                RTCC_IRQHandler
                0x0000da9c                CRYPTO_IRQHandler
                0x0000da9c                CMU_IRQHandler
                0x0000da9c                GPIO_ODD_IRQHandler
                0x0000da9c                BusFault_Handler
                0x0000da9c                IDAC0_IRQHandler
 .text.SystemCoreClockGet
                0x0000daa4       0x44 ./platform/Device/SiliconLabs/EFR32BG1B/Source/system_efr32bg1b.o
                0x0000daa4                SystemCoreClockGet
 .text.SystemMaxCoreClockGet
                0x0000dae8       0x14 ./platform/Device/SiliconLabs/EFR32BG1B/Source/system_efr32bg1b.o
                0x0000dae8                SystemMaxCoreClockGet
 .text.SystemHFClockGet
                0x0000dafc       0x70 ./platform/Device/SiliconLabs/EFR32BG1B/Source/system_efr32bg1b.o
                0x0000dafc                SystemHFClockGet
 .text.SystemHFXOClockGet
                0x0000db6c       0x18 ./platform/Device/SiliconLabs/EFR32BG1B/Source/system_efr32bg1b.o
                0x0000db6c                SystemHFXOClockGet
 .text.SystemHFXOClockSet
                0x0000db84       0x30 ./platform/Device/SiliconLabs/EFR32BG1B/Source/system_efr32bg1b.o
                0x0000db84                SystemHFXOClockSet
 .text.SystemInit
                0x0000dbb4       0x5c ./platform/Device/SiliconLabs/EFR32BG1B/Source/system_efr32bg1b.o
                0x0000dbb4                SystemInit
 .text.SystemLFRCOClockGet
                0x0000dc10       0x14 ./platform/Device/SiliconLabs/EFR32BG1B/Source/system_efr32bg1b.o
                0x0000dc10                SystemLFRCOClockGet
 .text.SystemULFRCOClockGet
                0x0000dc24       0x14 ./platform/Device/SiliconLabs/EFR32BG1B/Source/system_efr32bg1b.o
                0x0000dc24                SystemULFRCOClockGet
 .text.SystemLFXOClockGet
                0x0000dc38       0x18 ./platform/Device/SiliconLabs/EFR32BG1B/Source/system_efr32bg1b.o
                0x0000dc38                SystemLFXOClockGet
 .text.SystemLFXOClockSet
                0x0000dc50       0x30 ./platform/Device/SiliconLabs/EFR32BG1B/Source/system_efr32bg1b.o
                0x0000dc50                SystemLFXOClockSet
 .text.BUS_RegBitWrite
                0x0000dc80       0x2c ./platform/emdrv/sleep/src/sleep.o
 .text.EMU_EM2Block
                0x0000dcac       0x14 ./platform/emdrv/sleep/src/sleep.o
 .text.sleepCallbackWrapper
                0x0000dcc0       0x2c ./platform/emdrv/sleep/src/sleep.o
 .text.SLEEP_Init
                0x0000dcec       0x60 ./platform/emdrv/sleep/src/sleep.o
                0x0000dcec                SLEEP_Init
 .text.SLEEP_SleepBlockBegin
                0x0000dd4c       0x48 ./platform/emdrv/sleep/src/sleep.o
                0x0000dd4c                SLEEP_SleepBlockBegin
 .text.NVIC_EnableIRQ
                0x0000dd94       0x30 ./platform/emdrv/tempdrv/src/tempdrv.o
 .text.NVIC_ClearPendingIRQ
                0x0000ddc4       0x34 ./platform/emdrv/tempdrv/src/tempdrv.o
 .text.EMU_IntClear
                0x0000ddf8       0x1c ./platform/emdrv/tempdrv/src/tempdrv.o
 .text.EMU_IntDisable
                0x0000de14       0x24 ./platform/emdrv/tempdrv/src/tempdrv.o
 .text.EMU_IntEnable
                0x0000de38       0x24 ./platform/emdrv/tempdrv/src/tempdrv.o
 .text.EMU_IntGetEnabled
                0x0000de5c       0x24 ./platform/emdrv/tempdrv/src/tempdrv.o
 .text.EMU_IRQHandler
                0x0000de80        0xc ./platform/emdrv/tempdrv/src/tempdrv.o
                0x0000de80                EMU_IRQHandler
 .text.TEMPDRV_IRQHandler
                0x0000de8c       0xa0 ./platform/emdrv/tempdrv/src/tempdrv.o
                0x0000de8c                TEMPDRV_IRQHandler
 .text.errataCallback
                0x0000df2c       0x20 ./platform/emdrv/tempdrv/src/tempdrv.o
 .text.errataStateUpdate
                0x0000df4c       0xbc ./platform/emdrv/tempdrv/src/tempdrv.o
 .text.errataInit
                0x0000e008       0x8c ./platform/emdrv/tempdrv/src/tempdrv.o
 .text.convertToTemp
                0x0000e094       0x58 ./platform/emdrv/tempdrv/src/tempdrv.o
 .text.convertToEmu
                0x0000e0ec       0x48 ./platform/emdrv/tempdrv/src/tempdrv.o
 .text.disableInterrupts
                0x0000e134       0x18 ./platform/emdrv/tempdrv/src/tempdrv.o
 .text.updateInterrupts
                0x0000e14c      0x140 ./platform/emdrv/tempdrv/src/tempdrv.o
 .text.TEMPDRV_Init
                0x0000e28c       0xd4 ./platform/emdrv/tempdrv/src/tempdrv.o
                0x0000e28c                TEMPDRV_Init
 .text.TEMPDRV_GetTemp
                0x0000e360       0x1c ./platform/emdrv/tempdrv/src/tempdrv.o
                0x0000e360                TEMPDRV_GetTemp
 .text.BUS_RegBitWrite
                0x0000e37c       0x2c ./platform/emlib/src/em_cmu.o
 .text.BUS_RegBitRead
                0x0000e3a8       0x2c ./platform/emlib/src/em_cmu.o
 .text.BUS_RegMaskedSet
                0x0000e3d4       0x24 ./platform/emlib/src/em_cmu.o
 .text.BUS_RegMaskedClear
                0x0000e3f8       0x24 ./platform/emlib/src/em_cmu.o
 .text.BUS_RegMaskedWrite
                0x0000e41c       0x24 ./platform/emlib/src/em_cmu.o
 .text.CMU_Log2ToDiv
                0x0000e440       0x1c ./platform/emlib/src/em_cmu.o
 .text.CMU_PrescToLog2
                0x0000e45c       0x28 ./platform/emlib/src/em_cmu.o
 .text.setHfLeConfig
                0x0000e484       0x64 ./platform/emlib/src/em_cmu.o
 .text.auxClkGet
                0x0000e4e8       0x20 ./platform/emlib/src/em_cmu.o
 .text.hfSrcClkGet
                0x0000e508       0x2c ./platform/emlib/src/em_cmu.o
 .text.dbgClkGet
                0x0000e534       0x40 ./platform/emlib/src/em_cmu.o
 .text.adcAsyncClkGet
                0x0000e574       0x80 ./platform/emlib/src/em_cmu.o
 .text.flashWaitStateControl
                0x0000e5f4       0x7c ./platform/emlib/src/em_cmu.o
 .text.flashWaitStateMax
                0x0000e670       0x14 ./platform/emlib/src/em_cmu.o
 .text.CMU_UpdateWaitStates
                0x0000e684       0x18 ./platform/emlib/src/em_cmu.o
                0x0000e684                CMU_UpdateWaitStates
 .text.getRegIshUpperVal
                0x0000e69c       0x38 ./platform/emlib/src/em_cmu.o
 .text.getHfxoTuningMode
                0x0000e6d4       0x1c ./platform/emlib/src/em_cmu.o
 .text.setHfxoTuningMode
                0x0000e6f0       0x28 ./platform/emlib/src/em_cmu.o
 .text.lfClkGet
                0x0000e718       0xf4 ./platform/emlib/src/em_cmu.o
 .text.syncReg  0x0000e80c       0x38 ./platform/emlib/src/em_cmu.o
 .text.CMU_ClockDivSet
                0x0000e844       0x1c ./platform/emlib/src/em_cmu.o
                0x0000e844                CMU_ClockDivSet
 .text.CMU_ClockEnable
                0x0000e860       0xcc ./platform/emlib/src/em_cmu.o
                0x0000e860                CMU_ClockEnable
 .text.CMU_ClockFreqGet
                0x0000e92c      0x198 ./platform/emlib/src/em_cmu.o
                0x0000e92c                CMU_ClockFreqGet
 .text.CMU_ClockPrescGet
                0x0000eac4      0x120 ./platform/emlib/src/em_cmu.o
                0x0000eac4                CMU_ClockPrescGet
 .text.CMU_ClockPrescSet
                0x0000ebe4      0x1e0 ./platform/emlib/src/em_cmu.o
                0x0000ebe4                CMU_ClockPrescSet
 .text.CMU_ClockSelectGet
                0x0000edc4      0x19c ./platform/emlib/src/em_cmu.o
                0x0000edc4                CMU_ClockSelectGet
 .text.CMU_ClockSelectSet
                0x0000ef60      0x260 ./platform/emlib/src/em_cmu.o
                0x0000ef60                CMU_ClockSelectSet
 .text.CMU_HFXOAutostartEnable
                0x0000f1c0       0x7c ./platform/emlib/src/em_cmu.o
                0x0000f1c0                CMU_HFXOAutostartEnable
 .text.CMU_HFXOInit
                0x0000f23c       0xf4 ./platform/emlib/src/em_cmu.o
                0x0000f23c                CMU_HFXOInit
 .text.CMU_LFXOInit
                0x0000f330       0x50 ./platform/emlib/src/em_cmu.o
                0x0000f330                CMU_LFXOInit
 .text.CMU_OscillatorEnable
                0x0000f380      0x174 ./platform/emlib/src/em_cmu.o
                0x0000f380                CMU_OscillatorEnable
 .text.CMU_OscillatorTuningGet
                0x0000f4f4       0x74 ./platform/emlib/src/em_cmu.o
                0x0000f4f4                CMU_OscillatorTuningGet
 .text.CMU_OscillatorTuningSet
                0x0000f568      0x100 ./platform/emlib/src/em_cmu.o
                0x0000f568                CMU_OscillatorTuningSet
 .text.CMU_OscillatorTuningWait
                0x0000f668       0x94 ./platform/emlib/src/em_cmu.o
                0x0000f668                CMU_OscillatorTuningWait
 .text.CMU_OscillatorTuningOptimize
                0x0000f6fc       0x58 ./platform/emlib/src/em_cmu.o
                0x0000f6fc                CMU_OscillatorTuningOptimize
 .text.CORE_EnterCritical
                0x0000f754       0x20 ./platform/emlib/src/em_core.o
                0x0000f754                CORE_EnterCritical
 .text.CORE_ExitCritical
                0x0000f774       0x1c ./platform/emlib/src/em_core.o
                0x0000f774                CORE_ExitCritical
 .text.CORE_AtomicDisableIrq
                0x0000f790       0x10 ./platform/emlib/src/em_core.o
                0x0000f790                CORE_AtomicDisableIrq
 .text.CORE_AtomicEnableIrq
                0x0000f7a0       0x10 ./platform/emlib/src/em_core.o
                0x0000f7a0                CORE_AtomicEnableIrq
 .text.CORE_EnterAtomic
                0x0000f7b0       0x20 ./platform/emlib/src/em_core.o
                0x0000f7b0                CORE_EnterAtomic
 .text.CORE_ExitAtomic
                0x0000f7d0       0x1c ./platform/emlib/src/em_core.o
                0x0000f7d0                CORE_ExitAtomic
 .text.CORE_SetNvicRamTableHandler
                0x0000f7ec       0x44 ./platform/emlib/src/em_core.o
                0x0000f7ec                CORE_SetNvicRamTableHandler
 .text.CORE_InitNvicVectorTable
                0x0000f830       0xc8 ./platform/emlib/src/em_core.o
                0x0000f830                CORE_InitNvicVectorTable
 .text.CRYPTO_BurstFromCrypto
                0x0000f8f8       0x40 ./platform/emlib/src/em_crypto.o
 .text.CRYPTO_ModulusSet
                0x0000f938       0x88 ./platform/emlib/src/em_crypto.o
                0x0000f938                CRYPTO_ModulusSet
 .text.CRYPTO_KeyRead
                0x0000f9c0       0x38 ./platform/emlib/src/em_crypto.o
                0x0000f9c0                CRYPTO_KeyRead
 .text.SystemCoreClockUpdate
                0x0000f9f8        0xc ./platform/emlib/src/em_emu.o
 .text.BUS_RegBitWrite
                0x0000fa04       0x2c ./platform/emlib/src/em_emu.o
 .text.BUS_RegBitRead
                0x0000fa30       0x2c ./platform/emlib/src/em_emu.o
 .text.CMU_Lock
                0x0000fa5c       0x18 ./platform/emlib/src/em_emu.o
 .text.CMU_Unlock
                0x0000fa74       0x1c ./platform/emlib/src/em_emu.o
 .text.SYSTEM_GetDevinfoRev
                0x0000fa90       0x18 ./platform/emlib/src/em_emu.o
 .text.emState  0x0000faa8       0xcc ./platform/emlib/src/em_emu.o
 .text.dcdcFetCntSet
                0x0000fb74       0x50 ./platform/emlib/src/em_emu.o
 .text.dcdcHsFixLnBlock
                0x0000fbc4       0x48 ./platform/emlib/src/em_emu.o
 .text.EMU_EnterEM2
                0x0000fc0c       0x50 ./platform/emlib/src/em_emu.o
                0x0000fc0c                EMU_EnterEM2
 .text.EMU_EnterEM3
                0x0000fc5c       0x78 ./platform/emlib/src/em_emu.o
                0x0000fc5c                EMU_EnterEM3
 .text.dcdcConstCalibrationLoad
                0x0000fcd4       0xc4 ./platform/emlib/src/em_emu.o
 .text.dcdcValidatedConfigSet
                0x0000fd98       0xb0 ./platform/emlib/src/em_emu.o
 .text.currentLimitersUpdate
                0x0000fe48       0xe4 ./platform/emlib/src/em_emu.o
 .text.userCurrentLimitsSet
                0x0000ff2c       0x2c ./platform/emlib/src/em_emu.o
 .text.compCtrlSet
                0x0000ff58       0x3c ./platform/emlib/src/em_emu.o
 .text.lpCmpHystCalibrationLoad
                0x0000ff94       0xd0 ./platform/emlib/src/em_emu.o
 .text.lpGetDevinfoVrefLowHigh
                0x00010064      0x164 ./platform/emlib/src/em_emu.o
 .text.EMU_DCDCModeSet
                0x000101c8       0xb8 ./platform/emlib/src/em_emu.o
                0x000101c8                EMU_DCDCModeSet
 .text.EMU_DCDCInit
                0x00010280      0x114 ./platform/emlib/src/em_emu.o
                0x00010280                EMU_DCDCInit
 .text.EMU_DCDCOutputVoltageSet
                0x00010394      0x20c ./platform/emlib/src/em_emu.o
                0x00010394                EMU_DCDCOutputVoltageSet
 .text.EMU_DCDCOptimizeSlice
                0x000105a0       0xd8 ./platform/emlib/src/em_emu.o
                0x000105a0                EMU_DCDCOptimizeSlice
 .text.EMU_DCDCLnRcoBandSet
                0x00010678       0x54 ./platform/emlib/src/em_emu.o
                0x00010678                EMU_DCDCLnRcoBandSet
 .text.EMU_SetBiasMode
                0x000106cc       0xa4 ./platform/emlib/src/em_emu.o
                0x000106cc                EMU_SetBiasMode
 .text.BUS_RegMaskedSet
                0x00010770       0x24 ./platform/emlib/src/em_gpio.o
 .text.BUS_RegMaskedClear
                0x00010794       0x24 ./platform/emlib/src/em_gpio.o
 .text.BUS_RegMaskedWrite
                0x000107b8       0x24 ./platform/emlib/src/em_gpio.o
 .text.GPIO_PinOutClear
                0x000107dc       0x58 ./platform/emlib/src/em_gpio.o
 .text.GPIO_PinOutSet
                0x00010834       0x58 ./platform/emlib/src/em_gpio.o
 .text.GPIO_DriveStrengthSet
                0x0001088c       0x60 ./platform/emlib/src/em_gpio.o
                0x0001088c                GPIO_DriveStrengthSet
 .text.GPIO_PinModeSet
                0x000108ec      0x10c ./platform/emlib/src/em_gpio.o
                0x000108ec                GPIO_PinModeSet
 .text.BUS_RegBitWrite
                0x000109f8       0x2c ./platform/emlib/src/em_i2c.o
 .text.BUS_RegMaskedSet
                0x00010a24       0x24 ./platform/emlib/src/em_i2c.o
 .text.BUS_RegMaskedClear
                0x00010a48       0x24 ./platform/emlib/src/em_i2c.o
 .text.BUS_RegMaskedWrite
                0x00010a6c       0x24 ./platform/emlib/src/em_i2c.o
 .text.I2C_BusFreqSet
                0x00010a90       0xf8 ./platform/emlib/src/em_i2c.o
                0x00010a90                I2C_BusFreqSet
 .text.I2C_Enable
                0x00010b88       0x20 ./platform/emlib/src/em_i2c.o
                0x00010b88                I2C_Enable
 .text.I2C_Init
                0x00010ba8       0x5c ./platform/emlib/src/em_i2c.o
                0x00010ba8                I2C_Init
 .text.MSC_Init
                0x00010c04       0x24 ./platform/emlib/src/em_msc.o
                0x00010c04                MSC_Init
 .text.MSC_Deinit
                0x00010c28       0x24 ./platform/emlib/src/em_msc.o
                0x00010c28                MSC_Deinit
 .text.RMU_ResetCauseClear
                0x00010c4c       0x18 ./platform/emlib/src/em_rmu.o
                0x00010c4c                RMU_ResetCauseClear
 .text.RMU_ResetCauseGet
                0x00010c64       0xdc ./platform/emlib/src/em_rmu.o
                0x00010c64                RMU_ResetCauseGet
 .text.RTCC_ChannelInit
                0x00010d40       0x5c ./platform/emlib/src/em_rtcc.o
                0x00010d40                RTCC_ChannelInit
 .text.RTCC_Init
                0x00010d9c       0x94 ./platform/emlib/src/em_rtcc.o
                0x00010d9c                RTCC_Init
 .text.SYSTEM_ChipRevisionGet
                0x00010e30       0x78 ./platform/emlib/src/em_system.o
                0x00010e30                SYSTEM_ChipRevisionGet
 .text.USART_BaudrateSyncSet
                0x00010ea8       0x40 ./platform/emlib/src/em_usart.o
                0x00010ea8                USART_BaudrateSyncSet
 .text.USART_InitSync
                0x00010ee8       0xf0 ./platform/emlib/src/em_usart.o
                0x00010ee8                USART_InitSync
 .text.USART_Reset
                0x00010fd8       0x9c ./platform/emlib/src/em_usart.o
                0x00010fd8                USART_Reset
 .text.USART_SpiTransfer
                0x00011074       0x40 ./platform/emlib/src/em_usart.o
                0x00011074                USART_SpiTransfer
 .text.cmu_init
                0x000110b4       0x20 ./src/cmu.o
                0x000110b4                cmu_init
 .text.cmu_letimer
                0x000110d4       0x58 ./src/cmu.o
                0x000110d4                cmu_letimer
 .text.gpio_init
                0x0001112c       0x44 ./src/gpio.o
                0x0001112c                gpio_init
 .text.BUS_RegMaskedSet
                0x00011170       0x24 ./src/i2c.o
 .text.BUS_RegMaskedClear
                0x00011194       0x24 ./src/i2c.o
 .text.I2C_IntClear
                0x000111b8       0x1c ./src/i2c.o
 .text.I2C_IntDisable
                0x000111d4       0x24 ./src/i2c.o
 .text.GPIO_PinOutClear
                0x000111f8       0x58 ./src/i2c.o
 .text.GPIO_PinOutSet
                0x00011250       0x58 ./src/i2c.o
 .text.i2c_setup
                0x000112a8       0x68 ./src/i2c.o
                0x000112a8                i2c_setup
 .text.Temp_Sensor_on
                0x00011310       0x14 ./src/i2c.o
                0x00011310                Temp_Sensor_on
 .text.Temp_Sensor_off
                0x00011324       0x38 ./src/i2c.o
                0x00011324                Temp_Sensor_off
 .text.temp_find_record
                0x0001135c      0x100 ./src/i2c.o
                0x0001135c                temp_find_record
 .text.i2c_write_read
                0x0001145c       0x9c ./src/i2c.o
                0x0001145c                i2c_write_read
 .text.i2c_second
                0x000114f8       0x20 ./src/i2c.o
                0x000114f8                i2c_second
 .text.i2c_transfer_complete
                0x00011518       0x1c ./src/i2c.o
                0x00011518                i2c_transfer_complete
 .text.LETIMER_IntClear
                0x00011534       0x1c ./src/letimer.o
 .text.LETIMER_IntGet
                0x00011550       0x18 ./src/letimer.o
 .text.LETIMER0_IRQHandler
                0x00011568       0x68 ./src/letimer.o
                0x00011568                LETIMER0_IRQHandler
 .text.EMU_EnterEM1
                0x000115d0       0x20 ./src/sleep_timer.o
 .text.blockSleepMode
                0x000115f0       0x2c ./src/sleep_timer.o
                0x000115f0                blockSleepMode
 .text.unblockSleepMode
                0x0001161c       0x34 ./src/sleep_timer.o
                0x0001161c                unblockSleepMode
 .text.sleep    0x00011650       0x44 ./src/sleep_timer.o
                0x00011650                sleep
 .text.eventDefault
                0x00011694        0x2 C:\SiliconLabs\SimplicityStudio\v4\1_workspace\LED_BLINKY_SDK2_7\platform\radio\rail_lib\autogen\librail_release\librail_efr32xg1_gcc_release.a(rail_rf_hal.o)
 *fill*         0x00011696        0x2 
 .text.setRssiPeriod
                0x00011698       0x18 C:\SiliconLabs\SimplicityStudio\v4\1_workspace\LED_BLINKY_SDK2_7\platform\radio\rail_lib\autogen\librail_release\librail_efr32xg1_gcc_release.a(rail_rf_hal.o)
 .text.RFHAL_NotifyUserOfIrCal
                0x000116b0       0x80 C:\SiliconLabs\SimplicityStudio\v4\1_workspace\LED_BLINKY_SDK2_7\platform\radio\rail_lib\autogen\librail_release\librail_efr32xg1_gcc_release.a(rail_rf_hal.o)
 .text.GENERIC_PHY_EventCallback
                0x00011730      0x19c C:\SiliconLabs\SimplicityStudio\v4\1_workspace\LED_BLINKY_SDK2_7\platform\radio\rail_lib\autogen\librail_release\librail_efr32xg1_gcc_release.a(rail_rf_hal.o)
                0x00011730                GENERIC_PHY_EventCallback
 .text.RFHAL_IntEnable
                0x000118cc       0x56 C:\SiliconLabs\SimplicityStudio\v4\1_workspace\LED_BLINKY_SDK2_7\platform\radio\rail_lib\autogen\librail_release\librail_efr32xg1_gcc_release.a(rail_rf_hal.o)
                0x000118cc                RFHAL_IntEnable
 *fill*         0x00011922        0x2 
 .text.RFHAL_SetEventCallback
                0x00011924       0x18 C:\SiliconLabs\SimplicityStudio\v4\1_workspace\LED_BLINKY_SDK2_7\platform\radio\rail_lib\autogen\librail_release\librail_efr32xg1_gcc_release.a(rail_rf_hal.o)
                0x00011924                RFHAL_SetEventCallback
 .text.RFHAL_SetPtiProtocol
                0x0001193c       0x20 C:\SiliconLabs\SimplicityStudio\v4\1_workspace\LED_BLINKY_SDK2_7\platform\radio\rail_lib\autogen\librail_release\librail_efr32xg1_gcc_release.a(rail_rf_hal.o)
                0x0001193c                RFHAL_SetPtiProtocol
 .text.RFHAL_Idle
                0x0001195c       0x40 C:\SiliconLabs\SimplicityStudio\v4\1_workspace\LED_BLINKY_SDK2_7\platform\radio\rail_lib\autogen\librail_release\librail_efr32xg1_gcc_release.a(rail_rf_hal.o)
                0x0001195c                RFHAL_Idle
 .text.RFHAL_GetRadioState
                0x0001199c       0x7c C:\SiliconLabs\SimplicityStudio\v4\1_workspace\LED_BLINKY_SDK2_7\platform\radio\rail_lib\autogen\librail_release\librail_efr32xg1_gcc_release.a(rail_rf_hal.o)
                0x0001199c                RFHAL_GetRadioState
 .text.RFHAL_OkToTransmit
                0x00011a18       0x14 C:\SiliconLabs\SimplicityStudio\v4\1_workspace\LED_BLINKY_SDK2_7\platform\radio\rail_lib\autogen\librail_release\librail_efr32xg1_gcc_release.a(rail_rf_hal.o)
                0x00011a18                RFHAL_OkToTransmit
 .text.RFHAL_ScheduleRx
                0x00011a2c       0x74 C:\SiliconLabs\SimplicityStudio\v4\1_workspace\LED_BLINKY_SDK2_7\platform\radio\rail_lib\autogen\librail_release\librail_efr32xg1_gcc_release.a(rail_rf_hal.o)
                0x00011a2c                RFHAL_ScheduleRx
 .text.RFHAL_EnableRxRawCapture
                0x00011aa0       0x5c C:\SiliconLabs\SimplicityStudio\v4\1_workspace\LED_BLINKY_SDK2_7\platform\radio\rail_lib\autogen\librail_release\librail_efr32xg1_gcc_release.a(rail_rf_hal.o)
                0x00011aa0                RFHAL_EnableRxRawCapture
 .text.RFHAL_DisableRxRawCapture
                0x00011afc       0x38 C:\SiliconLabs\SimplicityStudio\v4\1_workspace\LED_BLINKY_SDK2_7\platform\radio\rail_lib\autogen\librail_release\librail_efr32xg1_gcc_release.a(rail_rf_hal.o)
                0x00011afc                RFHAL_DisableRxRawCapture
 .text.RFHAL_AcceptCrcErrors
                0x00011b34       0x18 C:\SiliconLabs\SimplicityStudio\v4\1_workspace\LED_BLINKY_SDK2_7\platform\radio\rail_lib\autogen\librail_release\librail_efr32xg1_gcc_release.a(rail_rf_hal.o)
                0x00011b34                RFHAL_AcceptCrcErrors
 .text.RFHAL_ConfigRxOptions
                0x00011b4c       0x74 C:\SiliconLabs\SimplicityStudio\v4\1_workspace\LED_BLINKY_SDK2_7\platform\radio\rail_lib\autogen\librail_release\librail_efr32xg1_gcc_release.a(rail_rf_hal.o)
                0x00011b4c                RFHAL_ConfigRxOptions
 .text.RFHAL_CancelTimer
                0x00011bc0       0x28 C:\SiliconLabs\SimplicityStudio\v4\1_workspace\LED_BLINKY_SDK2_7\platform\radio\rail_lib\autogen\librail_release\librail_efr32xg1_gcc_release.a(rail_rf_hal.o)
                0x00011bc0                RFHAL_CancelTimer
 .text.RFHAL_SetTimer
                0x00011be8       0x80 C:\SiliconLabs\SimplicityStudio\v4\1_workspace\LED_BLINKY_SDK2_7\platform\radio\rail_lib\autogen\librail_release\librail_efr32xg1_gcc_release.a(rail_rf_hal.o)
                0x00011be8                RFHAL_SetTimer
 .text.RFHAL_SetTxTransitions
                0x00011c68       0x1c C:\SiliconLabs\SimplicityStudio\v4\1_workspace\LED_BLINKY_SDK2_7\platform\radio\rail_lib\autogen\librail_release\librail_efr32xg1_gcc_release.a(rail_rf_hal.o)
                0x00011c68                RFHAL_SetTxTransitions
 .text.RFHAL_SetRxTransitions
                0x00011c84       0x1c C:\SiliconLabs\SimplicityStudio\v4\1_workspace\LED_BLINKY_SDK2_7\platform\radio\rail_lib\autogen\librail_release\librail_efr32xg1_gcc_release.a(rail_rf_hal.o)
                0x00011c84                RFHAL_SetRxTransitions
 .text.RFHAL_SetCRCInitVal
                0x00011ca0        0x4 C:\SiliconLabs\SimplicityStudio\v4\1_workspace\LED_BLINKY_SDK2_7\platform\radio\rail_lib\autogen\librail_release\librail_efr32xg1_gcc_release.a(rail_rf_hal.o)
                0x00011ca0                RFHAL_SetCRCInitVal
 .text.RFHAL_ConfigTxPower
                0x00011ca4        0xc C:\SiliconLabs\SimplicityStudio\v4\1_workspace\LED_BLINKY_SDK2_7\platform\radio\rail_lib\autogen\librail_release\librail_efr32xg1_gcc_release.a(rail_rf_hal.o)
                0x00011ca4                RFHAL_ConfigTxPower
 .text.RFHAL_SetTxPowerUnchecked
                0x00011cb0       0x18 C:\SiliconLabs\SimplicityStudio\v4\1_workspace\LED_BLINKY_SDK2_7\platform\radio\rail_lib\autogen\librail_release\librail_efr32xg1_gcc_release.a(rail_rf_hal.o)
                0x00011cb0                RFHAL_SetTxPowerUnchecked
 .text.RFHAL_SetTxPower
                0x00011cc8       0x3c C:\SiliconLabs\SimplicityStudio\v4\1_workspace\LED_BLINKY_SDK2_7\platform\radio\rail_lib\autogen\librail_release\librail_efr32xg1_gcc_release.a(rail_rf_hal.o)
                0x00011cc8                RFHAL_SetTxPower
 .text.RFHAL_GetTxPowerConfig
                0x00011d04        0xc C:\SiliconLabs\SimplicityStudio\v4\1_workspace\LED_BLINKY_SDK2_7\platform\radio\rail_lib\autogen\librail_release\librail_efr32xg1_gcc_release.a(rail_rf_hal.o)
                0x00011d04                RFHAL_GetTxPowerConfig
 .text.RFHAL_GetTxPower
                0x00011d10        0x4 C:\SiliconLabs\SimplicityStudio\v4\1_workspace\LED_BLINKY_SDK2_7\platform\radio\rail_lib\autogen\librail_release\librail_efr32xg1_gcc_release.a(rail_rf_hal.o)
                0x00011d10                RFHAL_GetTxPower
 .text.RFHAL_SetChannel
                0x00011d14       0x98 C:\SiliconLabs\SimplicityStudio\v4\1_workspace\LED_BLINKY_SDK2_7\platform\radio\rail_lib\autogen\librail_release\librail_efr32xg1_gcc_release.a(rail_rf_hal.o)
                0x00011d14                RFHAL_SetChannel
 .text.RFHAL_IsAutoAckEnabled
                0x00011dac        0x6 C:\SiliconLabs\SimplicityStudio\v4\1_workspace\LED_BLINKY_SDK2_7\platform\radio\rail_lib\autogen\librail_release\librail_efr32xg1_gcc_release.a(rail_rf_hal.o)
                0x00011dac                RFHAL_IsAutoAckEnabled
 *fill*         0x00011db2        0x2 
 .text.RFHAL_AutoAckWaitForAck
                0x00011db4       0x18 C:\SiliconLabs\SimplicityStudio\v4\1_workspace\LED_BLINKY_SDK2_7\platform\radio\rail_lib\autogen\librail_release\librail_efr32xg1_gcc_release.a(rail_rf_hal.o)
                0x00011db4                RFHAL_AutoAckWaitForAck
 .text.preTxOps
                0x00011dcc       0xc4 C:\SiliconLabs\SimplicityStudio\v4\1_workspace\LED_BLINKY_SDK2_7\platform\radio\rail_lib\autogen\librail_release\librail_efr32xg1_gcc_release.a(rail_rf_hal.o)
 .text.RFHAL_StartTx
                0x00011e90       0x12 C:\SiliconLabs\SimplicityStudio\v4\1_workspace\LED_BLINKY_SDK2_7\platform\radio\rail_lib\autogen\librail_release\librail_efr32xg1_gcc_release.a(rail_rf_hal.o)
                0x00011e90                RFHAL_StartTx
 .text.RFHAL_StartScheduledTx
                0x00011ea2       0x3a C:\SiliconLabs\SimplicityStudio\v4\1_workspace\LED_BLINKY_SDK2_7\platform\radio\rail_lib\autogen\librail_release\librail_efr32xg1_gcc_release.a(rail_rf_hal.o)
                0x00011ea2                RFHAL_StartScheduledTx
 .text.RFHAL_GetRxPacketInfo
                0x00011edc       0x48 C:\SiliconLabs\SimplicityStudio\v4\1_workspace\LED_BLINKY_SDK2_7\platform\radio\rail_lib\autogen\librail_release\librail_efr32xg1_gcc_release.a(rail_rf_hal.o)
                0x00011edc                RFHAL_GetRxPacketInfo
 .text.RFHAL_GetRxPacketDetails
                0x00011f24       0xcc C:\SiliconLabs\SimplicityStudio\v4\1_workspace\LED_BLINKY_SDK2_7\platform\radio\rail_lib\autogen\librail_release\librail_efr32xg1_gcc_release.a(rail_rf_hal.o)
                0x00011f24                RFHAL_GetRxPacketDetails
 .text.RFHAL_SetTxBuffer
                0x00011ff0       0x3a C:\SiliconLabs\SimplicityStudio\v4\1_workspace\LED_BLINKY_SDK2_7\platform\radio\rail_lib\autogen\librail_release\librail_efr32xg1_gcc_release.a(rail_rf_hal.o)
                0x00011ff0                RFHAL_SetTxBuffer
 *fill*         0x0001202a        0x2 
 .text.RFHAL_ResetTxFifo
                0x0001202c       0x2c C:\SiliconLabs\SimplicityStudio\v4\1_workspace\LED_BLINKY_SDK2_7\platform\radio\rail_lib\autogen\librail_release\librail_efr32xg1_gcc_release.a(rail_rf_hal.o)
                0x0001202c                RFHAL_ResetTxFifo
 .text.RFHAL_WriteTxFifo
                0x00012058       0x28 C:\SiliconLabs\SimplicityStudio\v4\1_workspace\LED_BLINKY_SDK2_7\platform\radio\rail_lib\autogen\librail_release\librail_efr32xg1_gcc_release.a(rail_rf_hal.o)
                0x00012058                RFHAL_WriteTxFifo
 .text.RFHAL_ResetRxFifo
                0x00012080       0x40 C:\SiliconLabs\SimplicityStudio\v4\1_workspace\LED_BLINKY_SDK2_7\platform\radio\rail_lib\autogen\librail_release\librail_efr32xg1_gcc_release.a(rail_rf_hal.o)
                0x00012080                RFHAL_ResetRxFifo
 .text.RFHAL_ConfigData
                0x000120c0       0x7c C:\SiliconLabs\SimplicityStudio\v4\1_workspace\LED_BLINKY_SDK2_7\platform\radio\rail_lib\autogen\librail_release\librail_efr32xg1_gcc_release.a(rail_rf_hal.o)
                0x000120c0                RFHAL_ConfigData
 .text.RFHAL_Init
                0x0001213c       0xa0 C:\SiliconLabs\SimplicityStudio\v4\1_workspace\LED_BLINKY_SDK2_7\platform\radio\rail_lib\autogen\librail_release\librail_efr32xg1_gcc_release.a(rail_rf_hal.o)
                0x0001213c                RFHAL_Init
 .text.RFHAL_SetFixedLength
                0x000121dc       0x8c C:\SiliconLabs\SimplicityStudio\v4\1_workspace\LED_BLINKY_SDK2_7\platform\radio\rail_lib\autogen\librail_release\librail_efr32xg1_gcc_release.a(rail_rf_hal.o)
                0x000121dc                RFHAL_SetFixedLength
 .text.RFHAL_SetAbortScheduledTxDuringRx
                0x00012268       0x18 C:\SiliconLabs\SimplicityStudio\v4\1_workspace\LED_BLINKY_SDK2_7\platform\radio\rail_lib\autogen\librail_release\librail_efr32xg1_gcc_release.a(rail_rf_hal.o)
                0x00012268                RFHAL_SetAbortScheduledTxDuringRx
 .text.RFHAL_ConfigRadio
                0x00012280       0xe0 C:\SiliconLabs\SimplicityStudio\v4\1_workspace\LED_BLINKY_SDK2_7\platform\radio\rail_lib\autogen\librail_release\librail_efr32xg1_gcc_release.a(rail_rf_hal.o)
                0x00012280                RFHAL_ConfigRadio
 .text.RFHAL_GetTime
                0x00012360        0xe C:\SiliconLabs\SimplicityStudio\v4\1_workspace\LED_BLINKY_SDK2_7\platform\radio\rail_lib\autogen\librail_release\librail_efr32xg1_gcc_release.a(rail_rf_hal.o)
                0x00012360                RFHAL_GetTime
 .text.RFHAL_GetRadioEntropy
                0x0001236e        0x4 C:\SiliconLabs\SimplicityStudio\v4\1_workspace\LED_BLINKY_SDK2_7\platform\radio\rail_lib\autogen\librail_release\librail_efr32xg1_gcc_release.a(rail_rf_hal.o)
                0x0001236e                RFHAL_GetRadioEntropy
 .text.RFHAL_SetStateTiming
                0x00012372       0x4e C:\SiliconLabs\SimplicityStudio\v4\1_workspace\LED_BLINKY_SDK2_7\platform\radio\rail_lib\autogen\librail_release\librail_efr32xg1_gcc_release.a(rail_rf_hal.o)
                0x00012372                RFHAL_SetStateTiming
 .text.RAIL_Init
                0x000123c0       0x20 C:\SiliconLabs\SimplicityStudio\v4\1_workspace\LED_BLINKY_SDK2_7\platform\radio\rail_lib\autogen\librail_release\librail_efr32xg1_gcc_release.a(rail_singleprotocol.o)
                0x000123c0                RAIL_Init
 .text.RAIL_GetSchedulerStatus
                0x000123e0        0x4 C:\SiliconLabs\SimplicityStudio\v4\1_workspace\LED_BLINKY_SDK2_7\platform\radio\rail_lib\autogen\librail_release\librail_efr32xg1_gcc_release.a(rail_singleprotocol.o)
                0x000123e0                RAIL_GetSchedulerStatus
 .text.RAIL_Idle
                0x000123e4        0x8 C:\SiliconLabs\SimplicityStudio\v4\1_workspace\LED_BLINKY_SDK2_7\platform\radio\rail_lib\autogen\librail_release\librail_efr32xg1_gcc_release.a(rail_singleprotocol.o)
                0x000123e4                RAIL_Idle
 .text.RAIL_YieldRadio
                0x000123ec        0x2 C:\SiliconLabs\SimplicityStudio\v4\1_workspace\LED_BLINKY_SDK2_7\platform\radio\rail_lib\autogen\librail_release\librail_efr32xg1_gcc_release.a(rail_singleprotocol.o)
                0x000123ec                RAIL_YieldRadio
 .text.RAIL_GetRadioEntropy
                0x000123ee        0x8 C:\SiliconLabs\SimplicityStudio\v4\1_workspace\LED_BLINKY_SDK2_7\platform\radio\rail_lib\autogen\librail_release\librail_efr32xg1_gcc_release.a(rail_singleprotocol.o)
                0x000123ee                RAIL_GetRadioEntropy
 .text.RAIL_SetTimer
                0x000123f6       0x14 C:\SiliconLabs\SimplicityStudio\v4\1_workspace\LED_BLINKY_SDK2_7\platform\radio\rail_lib\autogen\librail_release\librail_efr32xg1_gcc_release.a(rail_singleprotocol.o)
                0x000123f6                RAIL_SetTimer
 .text.RAIL_CancelTimer
                0x0001240a        0x4 C:\SiliconLabs\SimplicityStudio\v4\1_workspace\LED_BLINKY_SDK2_7\platform\radio\rail_lib\autogen\librail_release\librail_efr32xg1_gcc_release.a(rail_singleprotocol.o)
                0x0001240a                RAIL_CancelTimer
 .text.RAIL_StartTx
                0x0001240e        0xa C:\SiliconLabs\SimplicityStudio\v4\1_workspace\LED_BLINKY_SDK2_7\platform\radio\rail_lib\autogen\librail_release\librail_efr32xg1_gcc_release.a(rail_singleprotocol.o)
                0x0001240e                RAIL_StartTx
 .text.RAIL_StartScheduledTx
                0x00012418        0xa C:\SiliconLabs\SimplicityStudio\v4\1_workspace\LED_BLINKY_SDK2_7\platform\radio\rail_lib\autogen\librail_release\librail_efr32xg1_gcc_release.a(rail_singleprotocol.o)
                0x00012418                RAIL_StartScheduledTx
 .text.RAIL_ScheduleRx
                0x00012422        0xa C:\SiliconLabs\SimplicityStudio\v4\1_workspace\LED_BLINKY_SDK2_7\platform\radio\rail_lib\autogen\librail_release\librail_efr32xg1_gcc_release.a(rail_singleprotocol.o)
                0x00012422                RAIL_ScheduleRx
 .text.radioConfigChangedDefault
                0x0001242c        0x2 C:\SiliconLabs\SimplicityStudio\v4\1_workspace\LED_BLINKY_SDK2_7\platform\radio\rail_lib\autogen\librail_release\librail_efr32xg1_gcc_release.a(rail_rf.o)
 .text.isTransitionState
                0x0001242e       0x12 C:\SiliconLabs\SimplicityStudio\v4\1_workspace\LED_BLINKY_SDK2_7\platform\radio\rail_lib\autogen\librail_release\librail_efr32xg1_gcc_release.a(rail_rf.o)
 .text.RAILCore_Init
                0x00012440       0x12 C:\SiliconLabs\SimplicityStudio\v4\1_workspace\LED_BLINKY_SDK2_7\platform\radio\rail_lib\autogen\librail_release\librail_efr32xg1_gcc_release.a(rail_rf.o)
                0x00012440                RAILCore_Init
 *fill*         0x00012452        0x2 
 .text.RAILInt_SetCallbackConfig
                0x00012454       0x20 C:\SiliconLabs\SimplicityStudio\v4\1_workspace\LED_BLINKY_SDK2_7\platform\radio\rail_lib\autogen\librail_release\librail_efr32xg1_gcc_release.a(rail_rf.o)
                0x00012454                RAILInt_SetCallbackConfig
 .text.RAILCore_Idle
                0x00012474       0x14 C:\SiliconLabs\SimplicityStudio\v4\1_workspace\LED_BLINKY_SDK2_7\platform\radio\rail_lib\autogen\librail_release\librail_efr32xg1_gcc_release.a(rail_rf.o)
                0x00012474                RAILCore_Idle
 .text.RAILCore_GetRadioState
                0x00012488        0x4 C:\SiliconLabs\SimplicityStudio\v4\1_workspace\LED_BLINKY_SDK2_7\platform\radio\rail_lib\autogen\librail_release\librail_efr32xg1_gcc_release.a(rail_rf.o)
                0x00012488                RAILCore_GetRadioState
 .text.RAIL_SetStateTiming
                0x0001248c        0xa C:\SiliconLabs\SimplicityStudio\v4\1_workspace\LED_BLINKY_SDK2_7\platform\radio\rail_lib\autogen\librail_release\librail_efr32xg1_gcc_release.a(rail_rf.o)
                0x0001248c                RAIL_SetStateTiming
 *fill*         0x00012496        0x2 
 .text.RAILInt_IsPowerInRange
                0x00012498       0x3c C:\SiliconLabs\SimplicityStudio\v4\1_workspace\LED_BLINKY_SDK2_7\platform\radio\rail_lib\autogen\librail_release\librail_efr32xg1_gcc_release.a(rail_rf.o)
                0x00012498                RAILInt_IsPowerInRange
 .text.RAILInt_SetChannel
                0x000124d4      0x1d8 C:\SiliconLabs\SimplicityStudio\v4\1_workspace\LED_BLINKY_SDK2_7\platform\radio\rail_lib\autogen\librail_release\librail_efr32xg1_gcc_release.a(rail_rf.o)
                0x000124d4                RAILInt_SetChannel
 .text.RAILCore_ConfigChannels
                0x000126ac       0x58 C:\SiliconLabs\SimplicityStudio\v4\1_workspace\LED_BLINKY_SDK2_7\platform\radio\rail_lib\autogen\librail_release\librail_efr32xg1_gcc_release.a(rail_rf.o)
                0x000126ac                RAILCore_ConfigChannels
 .text.RAILInt_GetChannel
                0x00012704        0x4 C:\SiliconLabs\SimplicityStudio\v4\1_workspace\LED_BLINKY_SDK2_7\platform\radio\rail_lib\autogen\librail_release\librail_efr32xg1_gcc_release.a(rail_rf.o)
                0x00012704                RAILInt_GetChannel
 .text.RAILCore_SetTxTransitions
                0x00012708       0x3c C:\SiliconLabs\SimplicityStudio\v4\1_workspace\LED_BLINKY_SDK2_7\platform\radio\rail_lib\autogen\librail_release\librail_efr32xg1_gcc_release.a(rail_rf.o)
                0x00012708                RAILCore_SetTxTransitions
 .text.RAIL_SetTxTransitions
                0x00012744        0xa C:\SiliconLabs\SimplicityStudio\v4\1_workspace\LED_BLINKY_SDK2_7\platform\radio\rail_lib\autogen\librail_release\librail_efr32xg1_gcc_release.a(rail_rf.o)
                0x00012744                RAIL_SetTxTransitions
 .text.RAILCore_SetRxTransitions
                0x0001274e       0x38 C:\SiliconLabs\SimplicityStudio\v4\1_workspace\LED_BLINKY_SDK2_7\platform\radio\rail_lib\autogen\librail_release\librail_efr32xg1_gcc_release.a(rail_rf.o)
                0x0001274e                RAILCore_SetRxTransitions
 .text.RAIL_SetRxTransitions
                0x00012786        0xa C:\SiliconLabs\SimplicityStudio\v4\1_workspace\LED_BLINKY_SDK2_7\platform\radio\rail_lib\autogen\librail_release\librail_efr32xg1_gcc_release.a(rail_rf.o)
                0x00012786                RAIL_SetRxTransitions
 .text.RAIL_ConfigEvents
                0x00012790       0x14 C:\SiliconLabs\SimplicityStudio\v4\1_workspace\LED_BLINKY_SDK2_7\platform\radio\rail_lib\autogen\librail_release\librail_efr32xg1_gcc_release.a(rail_rf.o)
                0x00012790                RAIL_ConfigEvents
 .text.RAIL_ConfigRxOptions
                0x000127a4        0xa C:\SiliconLabs\SimplicityStudio\v4\1_workspace\LED_BLINKY_SDK2_7\platform\radio\rail_lib\autogen\librail_release\librail_efr32xg1_gcc_release.a(rail_rx.o)
                0x000127a4                RAIL_ConfigRxOptions
 .text.RAILCore_ScheduleRx
                0x000127ae       0x2c C:\SiliconLabs\SimplicityStudio\v4\1_workspace\LED_BLINKY_SDK2_7\platform\radio\rail_lib\autogen\librail_release\librail_efr32xg1_gcc_release.a(rail_rx.o)
                0x000127ae                RAILCore_ScheduleRx
 .text.RAILInt_PreTxOps
                0x000127da       0x1c C:\SiliconLabs\SimplicityStudio\v4\1_workspace\LED_BLINKY_SDK2_7\platform\radio\rail_lib\autogen\librail_release\librail_efr32xg1_gcc_release.a(rail_tx.o)
                0x000127da                RAILInt_PreTxOps
 .text.RAILCore_StartTx
                0x000127f6       0x1a C:\SiliconLabs\SimplicityStudio\v4\1_workspace\LED_BLINKY_SDK2_7\platform\radio\rail_lib\autogen\librail_release\librail_efr32xg1_gcc_release.a(rail_tx.o)
                0x000127f6                RAILCore_StartTx
 .text.RAILCore_StartScheduledTx
                0x00012810       0x1e C:\SiliconLabs\SimplicityStudio\v4\1_workspace\LED_BLINKY_SDK2_7\platform\radio\rail_lib\autogen\librail_release\librail_efr32xg1_gcc_release.a(rail_tx.o)
                0x00012810                RAILCore_StartScheduledTx
 .text.RAIL_SetTxPower
                0x0001282e        0xa C:\SiliconLabs\SimplicityStudio\v4\1_workspace\LED_BLINKY_SDK2_7\platform\radio\rail_lib\autogen\librail_release\librail_efr32xg1_gcc_release.a(rail_tx.o)
                0x0001282e                RAIL_SetTxPower
 .text.RAIL_GetTxPower
                0x00012838        0xa C:\SiliconLabs\SimplicityStudio\v4\1_workspace\LED_BLINKY_SDK2_7\platform\radio\rail_lib\autogen\librail_release\librail_efr32xg1_gcc_release.a(rail_tx.o)
                0x00012838                RAIL_GetTxPower
 .text.RAIL_ConfigTxPower
                0x00012842       0x1a C:\SiliconLabs\SimplicityStudio\v4\1_workspace\LED_BLINKY_SDK2_7\platform\radio\rail_lib\autogen\librail_release\librail_efr32xg1_gcc_release.a(rail_tx.o)
                0x00012842                RAIL_ConfigTxPower
 .text.RAILInt_PendCal
                0x0001285c       0x24 C:\SiliconLabs\SimplicityStudio\v4\1_workspace\LED_BLINKY_SDK2_7\platform\radio\rail_lib\autogen\librail_release\librail_efr32xg1_gcc_release.a(rail_calibration.o)
                0x0001285c                RAILInt_PendCal
 .text.RAILCb_AssertFailed
                0x00012880       0x14 C:\SiliconLabs\SimplicityStudio\v4\1_workspace\LED_BLINKY_SDK2_7\platform\radio\rail_lib\autogen\librail_release\librail_efr32xg1_gcc_release.a(rail_assert.o)
                0x00012880                RAILCb_AssertFailed
 .text.RAILInt_Assert
                0x00012894       0x1c C:\SiliconLabs\SimplicityStudio\v4\1_workspace\LED_BLINKY_SDK2_7\platform\radio\rail_lib\autogen\librail_release\librail_efr32xg1_gcc_release.a(rail_assert.o)
                0x00012894                RAILInt_Assert
 .text.RAILCore_GetRadioEntropy
                0x000128b0        0x4 C:\SiliconLabs\SimplicityStudio\v4\1_workspace\LED_BLINKY_SDK2_7\platform\radio\rail_lib\autogen\librail_release\librail_efr32xg1_gcc_release.a(rail_rssi.o)
                0x000128b0                RAILCore_GetRadioEntropy
 .text.BUFC_ReadHelper
                0x000128b4       0x7c C:\SiliconLabs\SimplicityStudio\v4\1_workspace\LED_BLINKY_SDK2_7\platform\radio\rail_lib\autogen\librail_release\librail_efr32xg1_gcc_release.a(bufc.o)
 .text.checkAndAddRxLenOverflowEntry
                0x00012930       0x3c C:\SiliconLabs\SimplicityStudio\v4\1_workspace\LED_BLINKY_SDK2_7\platform\radio\rail_lib\autogen\librail_release\librail_efr32xg1_gcc_release.a(bufc.o)
 .text.BUFC_SetTxBuffer
                0x0001296c       0x38 C:\SiliconLabs\SimplicityStudio\v4\1_workspace\LED_BLINKY_SDK2_7\platform\radio\rail_lib\autogen\librail_release\librail_efr32xg1_gcc_release.a(bufc.o)
                0x0001296c                BUFC_SetTxBuffer
 .text.BUFC_WriteBuffer
                0x000129a4       0xa8 C:\SiliconLabs\SimplicityStudio\v4\1_workspace\LED_BLINKY_SDK2_7\platform\radio\rail_lib\autogen\librail_release\librail_efr32xg1_gcc_release.a(bufc.o)
                0x000129a4                BUFC_WriteBuffer
 .text.BUFC_Peek
                0x00012a4c       0x12 C:\SiliconLabs\SimplicityStudio\v4\1_workspace\LED_BLINKY_SDK2_7\platform\radio\rail_lib\autogen\librail_release\librail_efr32xg1_gcc_release.a(bufc.o)
                0x00012a4c                BUFC_Peek
 .text.BUFC_PeekByte
                0x00012a5e       0x34 C:\SiliconLabs\SimplicityStudio\v4\1_workspace\LED_BLINKY_SDK2_7\platform\radio\rail_lib\autogen\librail_release\librail_efr32xg1_gcc_release.a(bufc.o)
                0x00012a5e                BUFC_PeekByte
 *fill*         0x00012a92        0x2 
 .text.BUFC_GetSpaceAvailable
                0x00012a94       0x28 C:\SiliconLabs\SimplicityStudio\v4\1_workspace\LED_BLINKY_SDK2_7\platform\radio\rail_lib\autogen\librail_release\librail_efr32xg1_gcc_release.a(bufc.o)
                0x00012a94                BUFC_GetSpaceAvailable
 .text.BUFC_GetBytesAvailable
                0x00012abc       0x14 C:\SiliconLabs\SimplicityStudio\v4\1_workspace\LED_BLINKY_SDK2_7\platform\radio\rail_lib\autogen\librail_release\librail_efr32xg1_gcc_release.a(bufc.o)
                0x00012abc                BUFC_GetBytesAvailable
 .text.BUFC_TxAckBufferSet
                0x00012ad0       0x38 C:\SiliconLabs\SimplicityStudio\v4\1_workspace\LED_BLINKY_SDK2_7\platform\radio\rail_lib\autogen\librail_release\librail_efr32xg1_gcc_release.a(bufc.o)
                0x00012ad0                BUFC_TxAckBufferSet
 .text.BUFC_TxAckBufferReset
                0x00012b08        0x8 C:\SiliconLabs\SimplicityStudio\v4\1_workspace\LED_BLINKY_SDK2_7\platform\radio\rail_lib\autogen\librail_release\librail_efr32xg1_gcc_release.a(bufc.o)
                0x00012b08                BUFC_TxAckBufferReset
 .text.BUFC_RxBufferReset
                0x00012b10       0x5c C:\SiliconLabs\SimplicityStudio\v4\1_workspace\LED_BLINKY_SDK2_7\platform\radio\rail_lib\autogen\librail_release\librail_efr32xg1_gcc_release.a(bufc.o)
                0x00012b10                BUFC_RxBufferReset
 .text.BUFC_Init
                0x00012b6c       0x98 C:\SiliconLabs\SimplicityStudio\v4\1_workspace\LED_BLINKY_SDK2_7\platform\radio\rail_lib\autogen\librail_release\librail_efr32xg1_gcc_release.a(bufc.o)
                0x00012b6c                BUFC_Init
 .text.BUFC_RxBufferBytesAvailable
                0x00012c04       0x10 C:\SiliconLabs\SimplicityStudio\v4\1_workspace\LED_BLINKY_SDK2_7\platform\radio\rail_lib\autogen\librail_release\librail_efr32xg1_gcc_release.a(bufc.o)
                0x00012c04                BUFC_RxBufferBytesAvailable
 .text.BUFC_ReleaseRxPacket
                0x00012c14      0x10c C:\SiliconLabs\SimplicityStudio\v4\1_workspace\LED_BLINKY_SDK2_7\platform\radio\rail_lib\autogen\librail_release\librail_efr32xg1_gcc_release.a(bufc.o)
                0x00012c14                BUFC_ReleaseRxPacket
 .text.BUFC_StartRxLenThrEvent
                0x00012d20       0x8c C:\SiliconLabs\SimplicityStudio\v4\1_workspace\LED_BLINKY_SDK2_7\platform\radio\rail_lib\autogen\librail_release\librail_efr32xg1_gcc_release.a(bufc.o)
                0x00012d20                BUFC_StartRxLenThrEvent
 .text.BUFC_EndRxLenThrEvent
                0x00012dac       0x1c C:\SiliconLabs\SimplicityStudio\v4\1_workspace\LED_BLINKY_SDK2_7\platform\radio\rail_lib\autogen\librail_release\librail_efr32xg1_gcc_release.a(bufc.o)
                0x00012dac                BUFC_EndRxLenThrEvent
 .text.BUFC_HandleRxLenOvfEvent
                0x00012dc8       0x28 C:\SiliconLabs\SimplicityStudio\v4\1_workspace\LED_BLINKY_SDK2_7\platform\radio\rail_lib\autogen\librail_release\librail_efr32xg1_gcc_release.a(bufc.o)
                0x00012dc8                BUFC_HandleRxLenOvfEvent
 .text.BUFC_GetRxPacketInfo
                0x00012df0      0x138 C:\SiliconLabs\SimplicityStudio\v4\1_workspace\LED_BLINKY_SDK2_7\platform\radio\rail_lib\autogen\librail_release\librail_efr32xg1_gcc_release.a(bufc.o)
                0x00012df0                BUFC_GetRxPacketInfo
 .text.IRCAL_Set
                0x00012f28       0x1c C:\SiliconLabs\SimplicityStudio\v4\1_workspace\LED_BLINKY_SDK2_7\platform\radio\rail_lib\autogen\librail_release\librail_efr32xg1_gcc_release.a(ir_cal.o)
                0x00012f28                IRCAL_Set
 .text.IRCAL_Init
                0x00012f44       0xa8 C:\SiliconLabs\SimplicityStudio\v4\1_workspace\LED_BLINKY_SDK2_7\platform\radio\rail_lib\autogen\librail_release\librail_efr32xg1_gcc_release.a(ir_cal.o)
                0x00012f44                IRCAL_Init
 .text.PA_ProtectPa
                0x00012fec       0xbc C:\SiliconLabs\SimplicityStudio\v4\1_workspace\LED_BLINKY_SDK2_7\platform\radio\rail_lib\autogen\librail_release\librail_efr32xg1_gcc_release.a(pa.o)
 .text.getRampTimeFromLevelAndRate
                0x000130a8       0x20 C:\SiliconLabs\SimplicityStudio\v4\1_workspace\LED_BLINKY_SDK2_7\platform\radio\rail_lib\autogen\librail_release\librail_efr32xg1_gcc_release.a(pa.o)
 .text.PA_GetTxPowerConfig
                0x000130c8       0x14 C:\SiliconLabs\SimplicityStudio\v4\1_workspace\LED_BLINKY_SDK2_7\platform\radio\rail_lib\autogen\librail_release\librail_efr32xg1_gcc_release.a(pa.o)
                0x000130c8                PA_GetTxPowerConfig
 .text.PA_GetPowerLevel
                0x000130dc        0xc C:\SiliconLabs\SimplicityStudio\v4\1_workspace\LED_BLINKY_SDK2_7\platform\radio\rail_lib\autogen\librail_release\librail_efr32xg1_gcc_release.a(pa.o)
                0x000130dc                PA_GetPowerLevel
 .text.PA_SetPowerLevel
                0x000130e8      0x194 C:\SiliconLabs\SimplicityStudio\v4\1_workspace\LED_BLINKY_SDK2_7\platform\radio\rail_lib\autogen\librail_release\librail_efr32xg1_gcc_release.a(pa.o)
                0x000130e8                PA_SetPowerLevel
 .text.PA_RunPeakDetectorHigh
                0x0001327c       0x4c C:\SiliconLabs\SimplicityStudio\v4\1_workspace\LED_BLINKY_SDK2_7\platform\radio\rail_lib\autogen\librail_release\librail_efr32xg1_gcc_release.a(pa.o)
                0x0001327c                PA_RunPeakDetectorHigh
 .text.PA_RunPeakDetectorLow
                0x000132c8        0x2 C:\SiliconLabs\SimplicityStudio\v4\1_workspace\LED_BLINKY_SDK2_7\platform\radio\rail_lib\autogen\librail_release\librail_efr32xg1_gcc_release.a(pa.o)
                0x000132c8                PA_RunPeakDetectorLow
 *fill*         0x000132ca        0x2 
 .text.PA_RunBatHigh
                0x000132cc       0x2c C:\SiliconLabs\SimplicityStudio\v4\1_workspace\LED_BLINKY_SDK2_7\platform\radio\rail_lib\autogen\librail_release\librail_efr32xg1_gcc_release.a(pa.o)
                0x000132cc                PA_RunBatHigh
 .text.PA_GetRampTime
                0x000132f8        0xc C:\SiliconLabs\SimplicityStudio\v4\1_workspace\LED_BLINKY_SDK2_7\platform\radio\rail_lib\autogen\librail_release\librail_efr32xg1_gcc_release.a(pa.o)
                0x000132f8                PA_GetRampTime
 .text.PA_ConfigRamp
                0x00013304       0x20 C:\SiliconLabs\SimplicityStudio\v4\1_workspace\LED_BLINKY_SDK2_7\platform\radio\rail_lib\autogen\librail_release\librail_efr32xg1_gcc_release.a(pa.o)
                0x00013304                PA_ConfigRamp
 .text.PA_CalcRampTime
                0x00013324       0x44 C:\SiliconLabs\SimplicityStudio\v4\1_workspace\LED_BLINKY_SDK2_7\platform\radio\rail_lib\autogen\librail_release\librail_efr32xg1_gcc_release.a(pa.o)
                0x00013324                PA_CalcRampTime
 .text.PA_SetRampTime
                0x00013368       0xac C:\SiliconLabs\SimplicityStudio\v4\1_workspace\LED_BLINKY_SDK2_7\platform\radio\rail_lib\autogen\librail_release\librail_efr32xg1_gcc_release.a(pa.o)
                0x00013368                PA_SetRampTime
 .text.PA_SelectBand
                0x00013414       0x50 C:\SiliconLabs\SimplicityStudio\v4\1_workspace\LED_BLINKY_SDK2_7\platform\radio\rail_lib\autogen\librail_release\librail_efr32xg1_gcc_release.a(pa.o)
                0x00013414                PA_SelectBand
 .text.PA_Config
                0x00013464      0x15c C:\SiliconLabs\SimplicityStudio\v4\1_workspace\LED_BLINKY_SDK2_7\platform\radio\rail_lib\autogen\librail_release\librail_efr32xg1_gcc_release.a(pa.o)
                0x00013464                PA_Config
 .text.PA_UpdateConfig
                0x000135c0       0x38 C:\SiliconLabs\SimplicityStudio\v4\1_workspace\LED_BLINKY_SDK2_7\platform\radio\rail_lib\autogen\librail_release\librail_efr32xg1_gcc_release.a(pa.o)
                0x000135c0                PA_UpdateConfig
 .text.PROTIMER_Init
                0x000135f8      0x108 C:\SiliconLabs\SimplicityStudio\v4\1_workspace\LED_BLINKY_SDK2_7\platform\radio\rail_lib\autogen\librail_release\librail_efr32xg1_gcc_release.a(protimer.o)
                0x000135f8                PROTIMER_Init
 .text.PROTIMER_Start
                0x00013700       0x1c C:\SiliconLabs\SimplicityStudio\v4\1_workspace\LED_BLINKY_SDK2_7\platform\radio\rail_lib\autogen\librail_release\librail_efr32xg1_gcc_release.a(protimer.o)
                0x00013700                PROTIMER_Start
 .text.PROTIMER_IsRunning
                0x0001371c       0x10 C:\SiliconLabs\SimplicityStudio\v4\1_workspace\LED_BLINKY_SDK2_7\platform\radio\rail_lib\autogen\librail_release\librail_efr32xg1_gcc_release.a(protimer.o)
                0x0001371c                PROTIMER_IsRunning
 .text.PROTIMER_ElapsedTime
                0x0001372c       0x18 C:\SiliconLabs\SimplicityStudio\v4\1_workspace\LED_BLINKY_SDK2_7\platform\radio\rail_lib\autogen\librail_release\librail_efr32xg1_gcc_release.a(protimer.o)
                0x0001372c                PROTIMER_ElapsedTime
 .text.PROTIMER_CCTimerStop
                0x00013744       0x20 C:\SiliconLabs\SimplicityStudio\v4\1_workspace\LED_BLINKY_SDK2_7\platform\radio\rail_lib\autogen\librail_release\librail_efr32xg1_gcc_release.a(protimer.o)
                0x00013744                PROTIMER_CCTimerStop
 .text.PROTIMER_CCTimerStart
                0x00013764      0x164 C:\SiliconLabs\SimplicityStudio\v4\1_workspace\LED_BLINKY_SDK2_7\platform\radio\rail_lib\autogen\librail_release\librail_efr32xg1_gcc_release.a(protimer.o)
                0x00013764                PROTIMER_CCTimerStart
 .text.PROTIMER_WrapMultiple
                0x000138c8       0x12 C:\SiliconLabs\SimplicityStudio\v4\1_workspace\LED_BLINKY_SDK2_7\platform\radio\rail_lib\autogen\librail_release\librail_efr32xg1_gcc_release.a(protimer.o)
                0x000138c8                PROTIMER_WrapMultiple
 *fill*         0x000138da        0x2 
 .text.PROTIMER_CCTimerIsEnabled
                0x000138dc       0x10 C:\SiliconLabs\SimplicityStudio\v4\1_workspace\LED_BLINKY_SDK2_7\platform\radio\rail_lib\autogen\librail_release\librail_efr32xg1_gcc_release.a(protimer.o)
                0x000138dc                PROTIMER_CCTimerIsEnabled
 .text.PROTIMER_CCTimerCapture
                0x000138ec       0x14 C:\SiliconLabs\SimplicityStudio\v4\1_workspace\LED_BLINKY_SDK2_7\platform\radio\rail_lib\autogen\librail_release\librail_efr32xg1_gcc_release.a(protimer.o)
                0x000138ec                PROTIMER_CCTimerCapture
 .text.PROTIMER_ScheduleTxEnable
                0x00013900       0x2c C:\SiliconLabs\SimplicityStudio\v4\1_workspace\LED_BLINKY_SDK2_7\platform\radio\rail_lib\autogen\librail_release\librail_efr32xg1_gcc_release.a(protimer.o)
                0x00013900                PROTIMER_ScheduleTxEnable
 .text.PROTIMER_ClearTxEnable
                0x0001392c        0xc C:\SiliconLabs\SimplicityStudio\v4\1_workspace\LED_BLINKY_SDK2_7\platform\radio\rail_lib\autogen\librail_release\librail_efr32xg1_gcc_release.a(protimer.o)
                0x0001392c                PROTIMER_ClearTxEnable
 .text.PROTIMER_ScheduleRxEnable
                0x00013938       0x2c C:\SiliconLabs\SimplicityStudio\v4\1_workspace\LED_BLINKY_SDK2_7\platform\radio\rail_lib\autogen\librail_release\librail_efr32xg1_gcc_release.a(protimer.o)
                0x00013938                PROTIMER_ScheduleRxEnable
 .text.PROTIMER_ScheduleRxDisable
                0x00013964       0x38 C:\SiliconLabs\SimplicityStudio\v4\1_workspace\LED_BLINKY_SDK2_7\platform\radio\rail_lib\autogen\librail_release\librail_efr32xg1_gcc_release.a(protimer.o)
                0x00013964                PROTIMER_ScheduleRxDisable
 .text.PROTIMER_ClearRxEnable
                0x0001399c       0x10 C:\SiliconLabs\SimplicityStudio\v4\1_workspace\LED_BLINKY_SDK2_7\platform\radio\rail_lib\autogen\librail_release\librail_efr32xg1_gcc_release.a(protimer.o)
                0x0001399c                PROTIMER_ClearRxEnable
 .text.PROTIMER_GetTime
                0x000139ac        0xc C:\SiliconLabs\SimplicityStudio\v4\1_workspace\LED_BLINKY_SDK2_7\platform\radio\rail_lib\autogen\librail_release\librail_efr32xg1_gcc_release.a(protimer.o)
                0x000139ac                PROTIMER_GetTime
 .text.PROTIMER_LBTStop
                0x000139b8       0x18 C:\SiliconLabs\SimplicityStudio\v4\1_workspace\LED_BLINKY_SDK2_7\platform\radio\rail_lib\autogen\librail_release\librail_efr32xg1_gcc_release.a(protimer.o)
                0x000139b8                PROTIMER_LBTStop
 .text.PROTIMER_PrecntOverflowToUs
                0x000139d0       0x38 C:\SiliconLabs\SimplicityStudio\v4\1_workspace\LED_BLINKY_SDK2_7\platform\radio\rail_lib\autogen\librail_release\librail_efr32xg1_gcc_release.a(protimer.o)
                0x000139d0                PROTIMER_PrecntOverflowToUs
 .text.PROTIMER_UsToPrecntOverflow
                0x00013a08       0x2c C:\SiliconLabs\SimplicityStudio\v4\1_workspace\LED_BLINKY_SDK2_7\platform\radio\rail_lib\autogen\librail_release\librail_efr32xg1_gcc_release.a(protimer.o)
                0x00013a08                PROTIMER_UsToPrecntOverflow
 .text.PROTIMER_DelayUs
                0x00013a34       0x44 C:\SiliconLabs\SimplicityStudio\v4\1_workspace\LED_BLINKY_SDK2_7\platform\radio\rail_lib\autogen\librail_release\librail_efr32xg1_gcc_release.a(protimer.o)
                0x00013a34                PROTIMER_DelayUs
 .text.PROTIMER_CheckCcaReallyFailed
                0x00013a78       0xbc C:\SiliconLabs\SimplicityStudio\v4\1_workspace\LED_BLINKY_SDK2_7\platform\radio\rail_lib\autogen\librail_release\librail_efr32xg1_gcc_release.a(protimer.o)
                0x00013a78                PROTIMER_CheckCcaReallyFailed
 .text.PTI_EnableAppendedInfo
                0x00013b34       0x18 C:\SiliconLabs\SimplicityStudio\v4\1_workspace\LED_BLINKY_SDK2_7\platform\radio\rail_lib\autogen\librail_release\librail_efr32xg1_gcc_release.a(pti.o)
                0x00013b34                PTI_EnableAppendedInfo
 .text.PTI_Enable
                0x00013b4c       0x58 C:\SiliconLabs\SimplicityStudio\v4\1_workspace\LED_BLINKY_SDK2_7\platform\radio\rail_lib\autogen\librail_release\librail_efr32xg1_gcc_release.a(pti.o)
                0x00013b4c                PTI_Enable
 .text.PTI_AuxdataOutput
                0x00013ba4       0x1c C:\SiliconLabs\SimplicityStudio\v4\1_workspace\LED_BLINKY_SDK2_7\platform\radio\rail_lib\autogen\librail_release\librail_efr32xg1_gcc_release.a(pti.o)
                0x00013ba4                PTI_AuxdataOutput
 .text.PTI_EnableSyncword
                0x00013bc0       0x18 C:\SiliconLabs\SimplicityStudio\v4\1_workspace\LED_BLINKY_SDK2_7\platform\radio\rail_lib\autogen\librail_release\librail_efr32xg1_gcc_release.a(pti.o)
                0x00013bc0                PTI_EnableSyncword
 .text.RADIO_SetAndForgetWrite
                0x00013bd8       0x8c C:\SiliconLabs\SimplicityStudio\v4\1_workspace\LED_BLINKY_SDK2_7\platform\radio\rail_lib\autogen\librail_release\librail_efr32xg1_gcc_release.a(radio.o)
                0x00013bd8                RADIO_SetAndForgetWrite
 .text.RADIO_SeqInit
                0x00013c64       0x68 C:\SiliconLabs\SimplicityStudio\v4\1_workspace\LED_BLINKY_SDK2_7\platform\radio\rail_lib\autogen\librail_release\librail_efr32xg1_gcc_release.a(radio.o)
                0x00013c64                RADIO_SeqInit
 .text.RADIO_CLKEnable
                0x00013ccc       0x68 C:\SiliconLabs\SimplicityStudio\v4\1_workspace\LED_BLINKY_SDK2_7\platform\radio\rail_lib\autogen\librail_release\librail_efr32xg1_gcc_release.a(radio.o)
                0x00013ccc                RADIO_CLKEnable
 .text.RADIO_Init
                0x00013d34       0x40 C:\SiliconLabs\SimplicityStudio\v4\1_workspace\LED_BLINKY_SDK2_7\platform\radio\rail_lib\autogen\librail_release\librail_efr32xg1_gcc_release.a(radio.o)
                0x00013d34                RADIO_Init
 .text.RADIO_Config
                0x00013d74       0xa8 C:\SiliconLabs\SimplicityStudio\v4\1_workspace\LED_BLINKY_SDK2_7\platform\radio\rail_lib\autogen\librail_release\librail_efr32xg1_gcc_release.a(radio.o)
                0x00013d74                RADIO_Config
 .text.RADIO_IsRxOnForRssi
                0x00013e1c       0x18 C:\SiliconLabs\SimplicityStudio\v4\1_workspace\LED_BLINKY_SDK2_7\platform\radio\rail_lib\autogen\librail_release\librail_efr32xg1_gcc_release.a(radio.o)
                0x00013e1c                RADIO_IsRxOnForRssi
 .text.RADIO_RxTrailDataLength
                0x00013e34       0x3c C:\SiliconLabs\SimplicityStudio\v4\1_workspace\LED_BLINKY_SDK2_7\platform\radio\rail_lib\autogen\librail_release\librail_efr32xg1_gcc_release.a(radio.o)
                0x00013e34                RADIO_RxTrailDataLength
 .text.RADIO_FrameControlDescrBufferIdSet
                0x00013e70       0x20 C:\SiliconLabs\SimplicityStudio\v4\1_workspace\LED_BLINKY_SDK2_7\platform\radio\rail_lib\autogen\librail_release\librail_efr32xg1_gcc_release.a(radio.o)
                0x00013e70                RADIO_FrameControlDescrBufferIdSet
 .text.RADIO_ComputeTxBaudrate
                0x00013e90       0x28 C:\SiliconLabs\SimplicityStudio\v4\1_workspace\LED_BLINKY_SDK2_7\platform\radio\rail_lib\autogen\librail_release\librail_efr32xg1_gcc_release.a(radio.o)
                0x00013e90                RADIO_ComputeTxBaudrate
 .text.RADIO_ComputeTxSymbolRate
                0x00013eb8       0x2c C:\SiliconLabs\SimplicityStudio\v4\1_workspace\LED_BLINKY_SDK2_7\platform\radio\rail_lib\autogen\librail_release\librail_efr32xg1_gcc_release.a(radio.o)
                0x00013eb8                RADIO_ComputeTxSymbolRate
 .text.RADIO_ComputeTxBitRate
                0x00013ee4       0x50 C:\SiliconLabs\SimplicityStudio\v4\1_workspace\LED_BLINKY_SDK2_7\platform\radio\rail_lib\autogen\librail_release\librail_efr32xg1_gcc_release.a(radio.o)
                0x00013ee4                RADIO_ComputeTxBitRate
 .text.RADIO_GetRssi
                0x00013f34       0x54 C:\SiliconLabs\SimplicityStudio\v4\1_workspace\LED_BLINKY_SDK2_7\platform\radio\rail_lib\autogen\librail_release\librail_efr32xg1_gcc_release.a(radio.o)
                0x00013f34                RADIO_GetRssi
 .text.RADIO_SetCRCInitVal
                0x00013f88       0x10 C:\SiliconLabs\SimplicityStudio\v4\1_workspace\LED_BLINKY_SDK2_7\platform\radio\rail_lib\autogen\librail_release\librail_efr32xg1_gcc_release.a(radio.o)
                0x00013f88                RADIO_SetCRCInitVal
 .text.RADIO_RACClearRxOverflow
                0x00013f98       0x20 C:\SiliconLabs\SimplicityStudio\v4\1_workspace\LED_BLINKY_SDK2_7\platform\radio\rail_lib\autogen\librail_release\librail_efr32xg1_gcc_release.a(radio.o)
                0x00013f98                RADIO_RACClearRxOverflow
 .text.RFSENSE_Disable
                0x00013fb8       0x44 C:\SiliconLabs\SimplicityStudio\v4\1_workspace\LED_BLINKY_SDK2_7\platform\radio\rail_lib\autogen\librail_release\librail_efr32xg1_gcc_release.a(rfsense.o)
 .text.RFSENSE_Sensed
                0x00013ffc       0x50 C:\SiliconLabs\SimplicityStudio\v4\1_workspace\LED_BLINKY_SDK2_7\platform\radio\rail_lib\autogen\librail_release\librail_efr32xg1_gcc_release.a(rfsense.o)
                0x00013ffc                RFSENSE_Sensed
 .text.RFSENSE_IRQHandler
                0x0001404c        0x4 C:\SiliconLabs\SimplicityStudio\v4\1_workspace\LED_BLINKY_SDK2_7\platform\radio\rail_lib\autogen\librail_release\librail_efr32xg1_gcc_release.a(rfsense.o)
                0x0001404c                RFSENSE_IRQHandler
 .text.RTCCSYNC_Init
                0x00014050       0x10 C:\SiliconLabs\SimplicityStudio\v4\1_workspace\LED_BLINKY_SDK2_7\platform\radio\rail_lib\autogen\librail_release\librail_efr32xg1_gcc_release.a(rtccsync.o)
                0x00014050                RTCCSYNC_Init
 .text.SYNTH_RfFreqGet
                0x00014060        0xc C:\SiliconLabs\SimplicityStudio\v4\1_workspace\LED_BLINKY_SDK2_7\platform\radio\rail_lib\autogen\librail_release\librail_efr32xg1_gcc_release.a(synth.o)
                0x00014060                SYNTH_RfFreqGet
 .text.SYNTH_ChSpacingGet
                0x0001406c        0xc C:\SiliconLabs\SimplicityStudio\v4\1_workspace\LED_BLINKY_SDK2_7\platform\radio\rail_lib\autogen\librail_release\librail_efr32xg1_gcc_release.a(synth.o)
                0x0001406c                SYNTH_ChSpacingGet
 .text.SYNTH_LoDivGet
                0x00014078       0x20 C:\SiliconLabs\SimplicityStudio\v4\1_workspace\LED_BLINKY_SDK2_7\platform\radio\rail_lib\autogen\librail_release\librail_efr32xg1_gcc_release.a(synth.o)
                0x00014078                SYNTH_LoDivGet
 .text.SYNTH_Is2p4GHz
                0x00014098       0x14 C:\SiliconLabs\SimplicityStudio\v4\1_workspace\LED_BLINKY_SDK2_7\platform\radio\rail_lib\autogen\librail_release\librail_efr32xg1_gcc_release.a(synth.o)
                0x00014098                SYNTH_Is2p4GHz
 .text.SYNTH_VcoRangeIsValid
                0x000140ac       0x30 C:\SiliconLabs\SimplicityStudio\v4\1_workspace\LED_BLINKY_SDK2_7\platform\radio\rail_lib\autogen\librail_release\librail_efr32xg1_gcc_release.a(synth.o)
                0x000140ac                SYNTH_VcoRangeIsValid
 .text.SYNTH_RetimeLimitsConfig
                0x000140dc       0x64 C:\SiliconLabs\SimplicityStudio\v4\1_workspace\LED_BLINKY_SDK2_7\platform\radio\rail_lib\autogen\librail_release\librail_efr32xg1_gcc_release.a(synth.o)
                0x000140dc                SYNTH_RetimeLimitsConfig
 .text.SYNTH_RetimeClkConfig
                0x00014140       0xb4 C:\SiliconLabs\SimplicityStudio\v4\1_workspace\LED_BLINKY_SDK2_7\platform\radio\rail_lib\autogen\librail_release\librail_efr32xg1_gcc_release.a(synth.o)
                0x00014140                SYNTH_RetimeClkConfig
 .text.SYNTH_Config
                0x000141f4      0x108 C:\SiliconLabs\SimplicityStudio\v4\1_workspace\LED_BLINKY_SDK2_7\platform\radio\rail_lib\autogen\librail_release\librail_efr32xg1_gcc_release.a(synth.o)
                0x000141f4                SYNTH_Config
 .text.SYNTH_ChannelSet
                0x000142fc       0x40 C:\SiliconLabs\SimplicityStudio\v4\1_workspace\LED_BLINKY_SDK2_7\platform\radio\rail_lib\autogen\librail_release\librail_efr32xg1_gcc_release.a(synth.o)
                0x000142fc                SYNTH_ChannelSet
 .text.SYNTH_DCDCRetimeClkSet
                0x0001433c       0x6c C:\SiliconLabs\SimplicityStudio\v4\1_workspace\LED_BLINKY_SDK2_7\platform\radio\rail_lib\autogen\librail_release\librail_efr32xg1_gcc_release.a(synth.o)
                0x0001433c                SYNTH_DCDCRetimeClkSet
 .text.SYNTH_DCDCRetimeEnable
                0x000143a8       0x18 C:\SiliconLabs\SimplicityStudio\v4\1_workspace\LED_BLINKY_SDK2_7\platform\radio\rail_lib\autogen\librail_release\librail_efr32xg1_gcc_release.a(synth.o)
                0x000143a8                SYNTH_DCDCRetimeEnable
 .text.SYNTH_DCDCRetimeDisable
                0x000143c0       0x18 C:\SiliconLabs\SimplicityStudio\v4\1_workspace\LED_BLINKY_SDK2_7\platform\radio\rail_lib\autogen\librail_release\librail_efr32xg1_gcc_release.a(synth.o)
                0x000143c0                SYNTH_DCDCRetimeDisable
 .text.SYNTH_KvnFreqCompensationEnable
                0x000143d8        0xc C:\SiliconLabs\SimplicityStudio\v4\1_workspace\LED_BLINKY_SDK2_7\platform\radio\rail_lib\autogen\librail_release\librail_efr32xg1_gcc_release.a(synth.o)
                0x000143d8                SYNTH_KvnFreqCompensationEnable
 .text.RADIOCMU_ClockEnable
                0x000143e4       0x40 C:\SiliconLabs\SimplicityStudio\v4\1_workspace\LED_BLINKY_SDK2_7\platform\radio\rail_lib\autogen\librail_release\librail_efr32xg1_gcc_release.a(radio_cmu.o)
                0x000143e4                RADIOCMU_ClockEnable
 .text.RADIOCMU_ClockFreqGet
                0x00014424       0x88 C:\SiliconLabs\SimplicityStudio\v4\1_workspace\LED_BLINKY_SDK2_7\platform\radio\rail_lib\autogen\librail_release\librail_efr32xg1_gcc_release.a(radio_cmu.o)
                0x00014424                RADIOCMU_ClockFreqGet
 .text.RADIOCMU_ClockPrescGet
                0x000144ac       0x1c C:\SiliconLabs\SimplicityStudio\v4\1_workspace\LED_BLINKY_SDK2_7\platform\radio\rail_lib\autogen\librail_release\librail_efr32xg1_gcc_release.a(radio_cmu.o)
                0x000144ac                RADIOCMU_ClockPrescGet
 .text.TEMPCAL_Init
                0x000144c8       0x40 C:\SiliconLabs\SimplicityStudio\v4\1_workspace\LED_BLINKY_SDK2_7\platform\radio\rail_lib\autogen\librail_release\librail_efr32xg1_gcc_release.a(tempcal.o)
                0x000144c8                TEMPCAL_Init
 .text.TIMING_PreambleSyncBits
                0x00014508       0x2c C:\SiliconLabs\SimplicityStudio\v4\1_workspace\LED_BLINKY_SDK2_7\platform\radio\rail_lib\autogen\librail_release\librail_efr32xg1_gcc_release.a(timings.o)
 .text.TIMING_CalcAdjustUs
                0x00014534       0x28 C:\SiliconLabs\SimplicityStudio\v4\1_workspace\LED_BLINKY_SDK2_7\platform\radio\rail_lib\autogen\librail_release\librail_efr32xg1_gcc_release.a(timings.o)
 .text.TIMING_SeqTimingInit
                0x0001455c        0x2 C:\SiliconLabs\SimplicityStudio\v4\1_workspace\LED_BLINKY_SDK2_7\platform\radio\rail_lib\autogen\librail_release\librail_efr32xg1_gcc_release.a(timings.o)
                0x0001455c                TIMING_SeqTimingInit
 *fill*         0x0001455e        0x2 
 .text.TIMING_NsToStimerTickCalcSigned
                0x00014560       0x28 C:\SiliconLabs\SimplicityStudio\v4\1_workspace\LED_BLINKY_SDK2_7\platform\radio\rail_lib\autogen\librail_release\librail_efr32xg1_gcc_release.a(timings.o)
                0x00014560                TIMING_NsToStimerTickCalcSigned
 .text.TIMING_NsToStimerTickCalc
                0x00014588        0xc C:\SiliconLabs\SimplicityStudio\v4\1_workspace\LED_BLINKY_SDK2_7\platform\radio\rail_lib\autogen\librail_release\librail_efr32xg1_gcc_release.a(timings.o)
                0x00014588                TIMING_NsToStimerTickCalc
 .text.TIMING_InitStimer
                0x00014594       0x58 C:\SiliconLabs\SimplicityStudio\v4\1_workspace\LED_BLINKY_SDK2_7\platform\radio\rail_lib\autogen\librail_release\librail_efr32xg1_gcc_release.a(timings.o)
                0x00014594                TIMING_InitStimer
 .text.TIMING_TxWarmTimeRecalculate
                0x000145ec       0x34 C:\SiliconLabs\SimplicityStudio\v4\1_workspace\LED_BLINKY_SDK2_7\platform\radio\rail_lib\autogen\librail_release\librail_efr32xg1_gcc_release.a(timings.o)
                0x000145ec                TIMING_TxWarmTimeRecalculate
 .text.TIMING_TxWarmTimeSet
                0x00014620       0x18 C:\SiliconLabs\SimplicityStudio\v4\1_workspace\LED_BLINKY_SDK2_7\platform\radio\rail_lib\autogen\librail_release\librail_efr32xg1_gcc_release.a(timings.o)
                0x00014620                TIMING_TxWarmTimeSet
 .text.TIMING_RxToTxTimeRecalculate
                0x00014638       0x34 C:\SiliconLabs\SimplicityStudio\v4\1_workspace\LED_BLINKY_SDK2_7\platform\radio\rail_lib\autogen\librail_release\librail_efr32xg1_gcc_release.a(timings.o)
                0x00014638                TIMING_RxToTxTimeRecalculate
 .text.TIMING_RxFrameToTxTimeRecalculate
                0x0001466c       0x38 C:\SiliconLabs\SimplicityStudio\v4\1_workspace\LED_BLINKY_SDK2_7\platform\radio\rail_lib\autogen\librail_release\librail_efr32xg1_gcc_release.a(timings.o)
                0x0001466c                TIMING_RxFrameToTxTimeRecalculate
 .text.TIMING_RxFrameToTxTimeSet
                0x000146a4       0x18 C:\SiliconLabs\SimplicityStudio\v4\1_workspace\LED_BLINKY_SDK2_7\platform\radio\rail_lib\autogen\librail_release\librail_efr32xg1_gcc_release.a(timings.o)
                0x000146a4                TIMING_RxFrameToTxTimeSet
 .text.TIMING_TxToTxTimeRecalculate
                0x000146bc       0x24 C:\SiliconLabs\SimplicityStudio\v4\1_workspace\LED_BLINKY_SDK2_7\platform\radio\rail_lib\autogen\librail_release\librail_efr32xg1_gcc_release.a(timings.o)
                0x000146bc                TIMING_TxToTxTimeRecalculate
 .text.TIMING_TxToRxTimeRecalculate
                0x000146e0       0x24 C:\SiliconLabs\SimplicityStudio\v4\1_workspace\LED_BLINKY_SDK2_7\platform\radio\rail_lib\autogen\librail_release\librail_efr32xg1_gcc_release.a(timings.o)
                0x000146e0                TIMING_TxToRxTimeRecalculate
 .text.TIMING_TxToRxTimeSet
                0x00014704       0x18 C:\SiliconLabs\SimplicityStudio\v4\1_workspace\LED_BLINKY_SDK2_7\platform\radio\rail_lib\autogen\librail_release\librail_efr32xg1_gcc_release.a(timings.o)
                0x00014704                TIMING_TxToRxTimeSet
 .text.TIMING_RxWarmTimeRecalculate
                0x0001471c       0x20 C:\SiliconLabs\SimplicityStudio\v4\1_workspace\LED_BLINKY_SDK2_7\platform\radio\rail_lib\autogen\librail_release\librail_efr32xg1_gcc_release.a(timings.o)
                0x0001471c                TIMING_RxWarmTimeRecalculate
 .text.TIMING_RxWarmTimeSet
                0x0001473c       0x18 C:\SiliconLabs\SimplicityStudio\v4\1_workspace\LED_BLINKY_SDK2_7\platform\radio\rail_lib\autogen\librail_release\librail_efr32xg1_gcc_release.a(timings.o)
                0x0001473c                TIMING_RxWarmTimeSet
 .text.TIMING_RxSearchTimeRecalculate
                0x00014754       0x28 C:\SiliconLabs\SimplicityStudio\v4\1_workspace\LED_BLINKY_SDK2_7\platform\radio\rail_lib\autogen\librail_release\librail_efr32xg1_gcc_release.a(timings.o)
                0x00014754                TIMING_RxSearchTimeRecalculate
 .text.TIMING_RxSearchTimeSet
                0x0001477c       0x10 C:\SiliconLabs\SimplicityStudio\v4\1_workspace\LED_BLINKY_SDK2_7\platform\radio\rail_lib\autogen\librail_release\librail_efr32xg1_gcc_release.a(timings.o)
                0x0001477c                TIMING_RxSearchTimeSet
 .text.TIMING_TxToRxSearchTimeRecalculate
                0x0001478c       0x28 C:\SiliconLabs\SimplicityStudio\v4\1_workspace\LED_BLINKY_SDK2_7\platform\radio\rail_lib\autogen\librail_release\librail_efr32xg1_gcc_release.a(timings.o)
                0x0001478c                TIMING_TxToRxSearchTimeRecalculate
 .text.TIMING_TxToRxSearchTimeSet
                0x000147b4       0x10 C:\SiliconLabs\SimplicityStudio\v4\1_workspace\LED_BLINKY_SDK2_7\platform\radio\rail_lib\autogen\librail_release\librail_efr32xg1_gcc_release.a(timings.o)
                0x000147b4                TIMING_TxToRxSearchTimeSet
 .text.TIMING_RecalculateAll
                0x000147c4       0x3a C:\SiliconLabs\SimplicityStudio\v4\1_workspace\LED_BLINKY_SDK2_7\platform\radio\rail_lib\autogen\librail_release\librail_efr32xg1_gcc_release.a(timings.o)
                0x000147c4                TIMING_RecalculateAll
 .text.TIMING_RecalculatePaRampChanged
                0x000147fe       0x22 C:\SiliconLabs\SimplicityStudio\v4\1_workspace\LED_BLINKY_SDK2_7\platform\radio\rail_lib\autogen\librail_release\librail_efr32xg1_gcc_release.a(timings.o)
                0x000147fe                TIMING_RecalculatePaRampChanged
 .text.TIMING_SetChainDelays
                0x00014820        0x8 C:\SiliconLabs\SimplicityStudio\v4\1_workspace\LED_BLINKY_SDK2_7\platform\radio\rail_lib\autogen\librail_release\librail_efr32xg1_gcc_release.a(timings.o)
                0x00014820                TIMING_SetChainDelays
 .text.TIMING_SetRxDoneDelay
                0x00014828        0x6 C:\SiliconLabs\SimplicityStudio\v4\1_workspace\LED_BLINKY_SDK2_7\platform\radio\rail_lib\autogen\librail_release\librail_efr32xg1_gcc_release.a(timings.o)
                0x00014828                TIMING_SetRxDoneDelay
 .text.TIMING_CalcRxTimeStampUs
                0x0001482e       0x7a C:\SiliconLabs\SimplicityStudio\v4\1_workspace\LED_BLINKY_SDK2_7\platform\radio\rail_lib\autogen\librail_release\librail_efr32xg1_gcc_release.a(timings.o)
                0x0001482e                TIMING_CalcRxTimeStampUs
 .text.RFRAND_GetRadioEntropy
                0x000148a8       0xf0 C:\SiliconLabs\SimplicityStudio\v4\1_workspace\LED_BLINKY_SDK2_7\platform\radio\rail_lib\autogen\librail_release\librail_efr32xg1_gcc_release.a(rf_rand.o)
                0x000148a8                RFRAND_GetRadioEntropy
 .text.RFRAND_SeedProtimerRandom
                0x00014998       0x3c C:\SiliconLabs\SimplicityStudio\v4\1_workspace\LED_BLINKY_SDK2_7\platform\radio\rail_lib\autogen\librail_release\librail_efr32xg1_gcc_release.a(rf_rand.o)
                0x00014998                RFRAND_SeedProtimerRandom
 .text.RAIL_GetTxPowerCurve
                0x000149d4       0x14 C:\SiliconLabs\SimplicityStudio\v4\1_workspace\LED_BLINKY_SDK2_7\platform\radio\rail_lib\autogen\librail_release\librail_efr32xg1_gcc_release.a(pa_conversions_efr32.o)
                0x000149d4                RAIL_GetTxPowerCurve
 .text.RAIL_InitTxPowerCurves
                0x000149e8       0x2c C:\SiliconLabs\SimplicityStudio\v4\1_workspace\LED_BLINKY_SDK2_7\platform\radio\rail_lib\autogen\librail_release\librail_efr32xg1_gcc_release.a(pa_conversions_efr32.o)
                0x000149e8                RAIL_InitTxPowerCurves
 .text.RAIL_ConvertDbmToRaw
                0x00014a14       0xe4 C:\SiliconLabs\SimplicityStudio\v4\1_workspace\LED_BLINKY_SDK2_7\platform\radio\rail_lib\autogen\librail_release\librail_efr32xg1_gcc_release.a(pa_conversions_efr32.o)
                0x00014a14                RAIL_ConvertDbmToRaw
 .text.RAIL_ConvertRawToDbm
                0x00014af8       0xb4 C:\SiliconLabs\SimplicityStudio\v4\1_workspace\LED_BLINKY_SDK2_7\platform\radio\rail_lib\autogen\librail_release\librail_efr32xg1_gcc_release.a(pa_conversions_efr32.o)
                0x00014af8                RAIL_ConvertRawToDbm
 .text.GENERIC_PHY_ConfigureRollbackReporting
                0x00014bac       0x64 C:\SiliconLabs\SimplicityStudio\v4\1_workspace\LED_BLINKY_SDK2_7\platform\radio\rail_lib\autogen\librail_release\librail_efr32xg1_gcc_release.a(generic_phy.o)
 .text.GENERIC_PHY_ClearPendedRxWindowEnd
                0x00014c10       0x1c C:\SiliconLabs\SimplicityStudio\v4\1_workspace\LED_BLINKY_SDK2_7\platform\radio\rail_lib\autogen\librail_release\librail_efr32xg1_gcc_release.a(generic_phy.o)
 .text.RADIO_RACRxAbort
                0x00014c2c       0x3c C:\SiliconLabs\SimplicityStudio\v4\1_workspace\LED_BLINKY_SDK2_7\platform\radio\rail_lib\autogen\librail_release\librail_efr32xg1_gcc_release.a(generic_phy.o)
 .text.GENERIC_PHY_RxOverflowHook
                0x00014c68       0x34 C:\SiliconLabs\SimplicityStudio\v4\1_workspace\LED_BLINKY_SDK2_7\platform\radio\rail_lib\autogen\librail_release\librail_efr32xg1_gcc_release.a(generic_phy.o)
 .text.GENERIC_PHY_DisableRadioIrqs
                0x00014c9c       0x50 C:\SiliconLabs\SimplicityStudio\v4\1_workspace\LED_BLINKY_SDK2_7\platform\radio\rail_lib\autogen\librail_release\librail_efr32xg1_gcc_release.a(generic_phy.o)
 .text.GENERIC_PHY_CheckPendedRxWindowEnd
                0x00014cec       0x3c C:\SiliconLabs\SimplicityStudio\v4\1_workspace\LED_BLINKY_SDK2_7\platform\radio\rail_lib\autogen\librail_release\librail_efr32xg1_gcc_release.a(generic_phy.o)
 .text.GENERIC_PHY_ConfigureEvents
                0x00014d28      0x35c C:\SiliconLabs\SimplicityStudio\v4\1_workspace\LED_BLINKY_SDK2_7\platform\radio\rail_lib\autogen\librail_release\librail_efr32xg1_gcc_release.a(generic_phy.o)
                0x00014d28                GENERIC_PHY_ConfigureEvents
 .text.GENERIC_PHY_PacketTxCommon
                0x00015084       0x3c C:\SiliconLabs\SimplicityStudio\v4\1_workspace\LED_BLINKY_SDK2_7\platform\radio\rail_lib\autogen\librail_release\librail_efr32xg1_gcc_release.a(generic_phy.o)
                0x00015084                GENERIC_PHY_PacketTxCommon
 .text.GENERIC_PHY_PacketTx
                0x000150c0       0x40 C:\SiliconLabs\SimplicityStudio\v4\1_workspace\LED_BLINKY_SDK2_7\platform\radio\rail_lib\autogen\librail_release\librail_efr32xg1_gcc_release.a(generic_phy.o)
                0x000150c0                GENERIC_PHY_PacketTx
 .text.GENERIC_PHY_SchedulePacketRx
                0x00015100      0x10c C:\SiliconLabs\SimplicityStudio\v4\1_workspace\LED_BLINKY_SDK2_7\platform\radio\rail_lib\autogen\librail_release\librail_efr32xg1_gcc_release.a(generic_phy.o)
                0x00015100                GENERIC_PHY_SchedulePacketRx
 .text.GENERIC_PHY_SchedulePacketTx
                0x0001520c       0x7c C:\SiliconLabs\SimplicityStudio\v4\1_workspace\LED_BLINKY_SDK2_7\platform\radio\rail_lib\autogen\librail_release\librail_efr32xg1_gcc_release.a(generic_phy.o)
                0x0001520c                GENERIC_PHY_SchedulePacketTx
 .text.GENERIC_PHY_ChannelSet
                0x00015288        0x6 C:\SiliconLabs\SimplicityStudio\v4\1_workspace\LED_BLINKY_SDK2_7\platform\radio\rail_lib\autogen\librail_release\librail_efr32xg1_gcc_release.a(generic_phy.o)
                0x00015288                GENERIC_PHY_ChannelSet
 *fill*         0x0001528e        0x2 
 .text.GENERIC_PHY_SeqAtomicLock
                0x00015290       0x34 C:\SiliconLabs\SimplicityStudio\v4\1_workspace\LED_BLINKY_SDK2_7\platform\radio\rail_lib\autogen\librail_release\librail_efr32xg1_gcc_release.a(generic_phy.o)
                0x00015290                GENERIC_PHY_SeqAtomicLock
 .text.GENERIC_PHY_PreviousTxTime
                0x000152c4        0xc C:\SiliconLabs\SimplicityStudio\v4\1_workspace\LED_BLINKY_SDK2_7\platform\radio\rail_lib\autogen\librail_release\librail_efr32xg1_gcc_release.a(generic_phy.o)
                0x000152c4                GENERIC_PHY_PreviousTxTime
 .text.GENERIC_PHY_RACConfig